09-06 22:43:33.822   679   679 D NxpHal  : Waiting after ext cmd sent
09-06 22:43:33.823  1525  1708 I ActivityManager: Start proc 3479:com.qualcomm.qti.telephonyservice/1001 for restart com.qualcomm.qti.telephonyservice
09-06 22:43:33.823   679  3457 D NxpTml  : PN54X - I2C Read successful.....
09-06 22:43:33.823   679  3457 D NxpNciR : len =   8 > 4F0205000000EC07
09-06 22:43:33.824   679  3457 D NxpTml  : PN54X - Posting read message.....
09-06 22:43:33.824   679  3460 D NxpHal  : read successful status = 0x0
09-06 22:43:33.824   679   679 D NxpHal  : Response timer stopped
09-06 22:43:33.824   679   679 D NxpHal  : Checking response
09-06 22:43:33.824   679  3457 D NxpTml  : PN54X - Read requested.....
09-06 22:43:33.824   679  3458 D NxpTml  : PN54X - Write requested.....
09-06 22:43:33.824   679  3457 D NxpTml  : PN54X - Invoking I2C Read.....
09-06 22:43:33.824   679  3458 D NxpTml  : PN54X - Invoking I2C Write.....
09-06 22:43:33.825  1525  3396 I PreBootBroadcaster: Pre-boot of {com.android.providers.calendar/com.android.providers.calendar.CalendarUpgradeReceiver} for user 0
09-06 22:43:33.825   679  3458 D NxpNciX : len =   8 > 20020501A0070103
09-06 22:43:33.825   679  3458 D NxpTml  : PN54X - I2C Write successful.....
09-06 22:43:33.825   679  3458 D NxpTml  : PN54X - Posting Fresh Write message.....
09-06 22:43:33.825   679  3458 D NxpTml  : PN54X - Tml Writer Thread Running................
09-06 22:43:33.825   679  3460 D NxpHal  : write successful status = 0x0
09-06 22:43:33.825   679   679 D NxpHal  : Response timer started
09-06 22:43:33.825   679   679 D NxpHal  : Waiting after ext cmd sent
09-06 22:43:33.827   679  3457 D NxpTml  : PN54X - I2C Read successful.....
09-06 22:43:33.827   679  3457 D NxpNciR : len =   5 > 4002020000
09-06 22:43:33.827   679  3457 D NxpTml  : PN54X - Posting read message.....
09-06 22:43:33.827   679  3460 D NxpHal  : read successful status = 0x0
09-06 22:43:33.827   679  3460 D NxpHal  : phNxpNciHal_print_res_status: response status =STATUS_OK
09-06 22:43:33.827   679   679 D NxpHal  : Response timer stopped
09-06 22:43:33.827   679  3457 D NxpTml  : PN54X - Read requested.....
09-06 22:43:33.827   679   679 D NxpHal  : Checking response
09-06 22:43:33.827   679  3457 D NxpTml  : PN54X - Invoking I2C Read.....
09-06 22:43:33.827   679  3458 D NxpTml  : PN54X - Write requested.....
09-06 22:43:33.827   679  3458 D NxpTml  : PN54X - Invoking I2C Write.....
09-06 22:43:33.828   679  3458 D NxpNciX : len =   6 > 20030301A00F
09-06 22:43:33.828   679  3458 D NxpTml  : PN54X - I2C Write successful.....
09-06 22:43:33.828   679  3458 D NxpTml  : PN54X - Posting Fresh Write message.....
09-06 22:43:33.828   679  3460 D NxpHal  : write successful status = 0x0
09-06 22:43:33.828   679   679 D NxpHal  : Response timer started
09-06 22:43:33.828   679   679 D NxpHal  : Waiting after ext cmd sent
09-06 22:43:33.828   679  3458 D NxpTml  : PN54X - Tml Writer Thread Running................
09-06 22:43:33.830   679  3457 D NxpTml  : PN54X - I2C Read successful.....
09-06 22:43:33.830   679  3457 D NxpNciR : len =  40 > 4003250001A00F200503140104000400000000000000000000000000000000000000000000000000
09-06 22:43:33.830   679  3457 D NxpTml  : PN54X - Posting read message.....
09-06 22:43:33.831   679  3460 D NxpHal  : read successful status = 0x0
09-06 22:43:33.831   679  3460 D NxpHal  : phNxpNciHal_print_res_status: response status =STATUS_OK
09-06 22:43:33.831   679   679 D NxpHal  : Response timer stopped
09-06 22:43:33.831   679   679 D NxpHal  : Checking response
09-06 22:43:33.831   679   679 D NxpExtns: find found NXP_SYS_CLK_SRC_SEL=(0x2)
09-06 22:43:33.831   679   679 D NxpExtns: find found NXP_SYS_CLK_FREQ_SEL=(0x2)
09-06 22:43:33.831   679   679 D NxpExtns: find found NXP_SYS_CLOCK_TO_CFG=(0x6)
09-06 22:43:33.831   679   679 D NxpFwDnld: gphNxpNciHal_fw_IoctlCtx.bClkSrcVal = 0x2
09-06 22:43:33.831   679   679 D NxpFwDnld: gphNxpNciHal_fw_IoctlCtx.bClkFreqVal = 0x2
09-06 22:43:33.831   679   679 D NxpFwDnld: gphNxpNciHal_fw_IoctlCtx.bClkFreqVal = 0x6
09-06 22:43:33.831   679  3457 D NxpTml  : PN54X - Read requested.....
09-06 22:43:33.831   679  3457 D NxpTml  : PN54X - Invoking I2C Read.....
09-06 22:43:33.831   679  3458 D NxpTml  : PN54X - Write requested.....
09-06 22:43:33.831   679  3458 D NxpTml  : PN54X - Invoking I2C Write.....
09-06 22:43:33.832   679  3458 D NxpNciX : len =  10 > 20030703A002A003A004
09-06 22:43:33.832   679  3458 D NxpTml  : PN54X - I2C Write successful.....
09-06 22:43:33.832   679  3458 D NxpTml  : PN54X - Posting Fresh Write message.....
09-06 22:43:33.832   679  3460 D NxpHal  : write successful status = 0x0
09-06 22:43:33.832   679   679 D NxpHal  : Response timer started
09-06 22:43:33.832   679   679 D NxpHal  : Waiting after ext cmd sent
09-06 22:43:33.832   679  3458 D NxpTml  : PN54X - Tml Writer Thread Running................
09-06 22:43:33.834   679  3457 D NxpTml  : PN54X - I2C Read successful.....
09-06 22:43:33.834   679  3457 D NxpNciR : len =  17 > 40030E0003A0020101A0030101A0040106
09-06 22:43:33.834   679  3457 D NxpTml  : PN54X - Posting read message.....
09-06 22:43:33.834   679  3460 D NxpHal  : read successful status = 0x0
09-06 22:43:33.834   679  3460 D NxpHal  : phNxpNciHal_print_res_status: response status =STATUS_OK
09-06 22:43:33.834   679   679 D NxpHal  : Response timer stopped
09-06 22:43:33.834   679   679 D NxpHal  : Checking response
09-06 22:43:33.834   679  3457 D NxpTml  : PN54X - Read requested.....
09-06 22:43:33.834   679  3457 D NxpTml  : PN54X - Invoking I2C Read.....
09-06 22:43:33.835   679  3458 D NxpTml  : PN54X - Write requested.....
09-06 22:43:33.835   679  3458 D NxpTml  : PN54X - Invoking I2C Write.....
09-06 22:43:33.836   679  3458 D NxpNciX : len =  12 > 20020902A0030101A0040106
09-06 22:43:33.836   679  3458 D NxpTml  : PN54X - I2C Write successful.....
09-06 22:43:33.836   679  3458 D NxpTml  : PN54X - Posting Fresh Write message.....
09-06 22:43:33.836   679  3458 D NxpTml  : PN54X - Tml Writer Thread Running................
09-06 22:43:33.836   679  3460 D NxpHal  : write successful status = 0x0
09-06 22:43:33.836   679   679 D NxpHal  : Response timer started
09-06 22:43:33.836   679   679 D NxpHal  : Waiting after ext cmd sent
09-06 22:43:33.836  3498  3498 I Zygote  : seccomp disabled by setenforce 0
09-06 22:43:33.838   679  3457 D NxpTml  : PN54X - I2C Read successful.....
09-06 22:43:33.838   679  3457 D NxpNciR : len =   5 > 4002020000
09-06 22:43:33.838   679  3457 D NxpTml  : PN54X - Posting read message.....
09-06 22:43:33.838   679  3460 D NxpHal  : read successful status = 0x0
09-06 22:43:33.838   679  3460 D NxpHal  : phNxpNciHal_print_res_status: response status =STATUS_OK
09-06 22:43:33.838   679   679 D NxpHal  : Response timer stopped
09-06 22:43:33.838   679   679 D NxpHal  : Checking response
09-06 22:43:33.838   679   679 D NxpExtns: find found NXP_NFC_PROFILE_EXTN= D
09-06 22:43:33.838   679  3457 D NxpTml  : PN54X - Read requested.....
09-06 22:43:33.838   679  3457 D NxpTml  : PN54X - Invoking I2C Read.....
09-06 22:43:33.838   679  3458 D NxpTml  : PN54X - Write requested.....
09-06 22:43:33.838   679  3458 D NxpTml  : PN54X - Invoking I2C Write.....
09-06 22:43:33.838  1525  1708 I ActivityManager: Start proc 3498:com.android.providers.calendar/u0a10 for broadcast com.android.providers.calendar/.CalendarUpgradeReceiver
09-06 22:43:33.839   679  3458 D NxpNciX : len =   8 > 20020501A0440100
09-06 22:43:33.839   679  3458 D NxpTml  : PN54X - I2C Write successful.....
09-06 22:43:33.840   679  3458 D NxpTml  : PN54X - Posting Fresh Write message.....
09-06 22:43:33.840   679  3458 D NxpTml  : PN54X - Tml Writer Thread Running................
09-06 22:43:33.840   679  3460 D NxpHal  : write successful status = 0x0
09-06 22:43:33.840   679   679 D NxpHal  : Response timer started
09-06 22:43:33.840   679   679 D NxpHal  : Waiting after ext cmd sent
09-06 22:43:33.841   679  3457 D NxpTml  : PN54X - I2C Read successful.....
09-06 22:43:33.841   679  3457 D NxpNciR : len =   5 > 4002020000
09-06 22:43:33.841   679  3457 D NxpTml  : PN54X - Posting read message.....
09-06 22:43:33.842   679  3460 D NxpHal  : read successful status = 0x0
09-06 22:43:33.842   679  3460 D NxpHal  : phNxpNciHal_print_res_status: response status =STATUS_OK
09-06 22:43:33.842   679   679 D NxpHal  : Response timer stopped
09-06 22:43:33.842   679   679 D NxpHal  : Checking response
09-06 22:43:33.842   679   679 D NxpExtns: find found NXP_CORE_CONF= .(
09-06 22:43:33.842   679  3457 D NxpTml  : PN54X - Read requested.....
09-06 22:43:33.842   679  3458 D NxpTml  : PN54X - Write requested.....
09-06 22:43:33.842   679  3457 D NxpTml  : PN54X - Invoking I2C Read.....
09-06 22:43:33.842   679  3458 D NxpTml  : PN54X - Invoking I2C Write.....
09-06 22:43:33.844  1525  2400 I chatty  : uid=1000(system) Binder:1525_5 expire 4 lines
09-06 22:43:33.844   679  3458 D NxpNciX : len =  49 > 20022E0E2801002101003001083101033201603801013304010203045401065001025B010080010181010182010E180101
09-06 22:43:33.844   679  3458 D NxpTml  : PN54X - I2C Write successful.....
09-06 22:43:33.844   679  3458 D NxpTml  : PN54X - Posting Fresh Write message.....
09-06 22:43:33.844   679  3458 D NxpTml  : PN54X - Tml Writer Thread Running................
09-06 22:43:33.844   679  3460 D NxpHal  : write successful status = 0x0
09-06 22:43:33.844   679   679 D NxpHal  : Response timer started
09-06 22:43:33.844   679   679 D NxpHal  : Waiting after ext cmd sent
09-06 22:43:33.850  3479  3479 I chatty  : uid=1001(radio) com.qualcomm.qti.telephonyservice expire 4 lines
09-06 22:43:33.860  3479  3479 E AndroidRuntime: FATAL EXCEPTION: main
09-06 22:43:33.860  3479  3479 E AndroidRuntime: Process: com.qualcomm.qti.telephonyservice, PID: 3479
09-06 22:43:33.860  3479  3479 E AndroidRuntime: java.lang.NoClassDefFoundError: Failed resolution of: Lcom/qualcomm/qcrilhook/QcRilHook;
09-06 22:43:33.860  3479  3479 E AndroidRuntime: 	at com.qualcomm.qti.telephonyservice.QtiTelephonyService.onCreate(QtiTelephonyService.java:34)
09-06 22:43:33.860  3479  3479 E AndroidRuntime: 	at android.app.ActivityThread.handleCreateService(ActivityThread.java:3532)
09-06 22:43:33.860  3479  3479 E AndroidRuntime: 	at android.app.ActivityThread.access$1300(ActivityThread.java:199)
09-06 22:43:33.860  3479  3479 E AndroidRuntime: 	at android.app.ActivityThread$H.handleMessage(ActivityThread.java:1666)
09-06 22:43:33.860  3479  3479 E AndroidRuntime: 	at android.os.Handler.dispatchMessage(Handler.java:106)
09-06 22:43:33.860  3479  3479 E AndroidRuntime: 	at android.os.Looper.loop(Looper.java:193)
09-06 22:43:33.860  3479  3479 E AndroidRuntime: 	at android.app.ActivityThread.main(ActivityThread.java:6669)
09-06 22:43:33.860  3479  3479 E AndroidRuntime: 	at java.lang.reflect.Method.invoke(Native Method)
09-06 22:43:33.860  3479  3479 E AndroidRuntime: 	at com.android.internal.os.RuntimeInit$MethodAndArgsCaller.run(RuntimeInit.java:495)
09-06 22:43:33.860  3479  3479 E AndroidRuntime: 	at com.android.internal.os.ZygoteInit.main(ZygoteInit.java:858)
09-06 22:43:33.860  3479  3479 E AndroidRuntime: Caused by: java.lang.ClassNotFoundException: Didn't find class "com.qualcomm.qcrilhook.QcRilHook" on path: DexPathList[[zip file "/system/framework/org.apache.http.legacy.boot.jar", zip file "/system/vendor/app/QtiTelephonyService/QtiTelephonyService.apk"],nativeLibraryDirectories=[/system/vendor/app/QtiTelephonyService/lib/arm64, /system/vendor/app/QtiTelephonyService/QtiTelephonyService.apk!/lib/arm64-v8a, /system/lib64, /system/vendor/lib64, /system/lib64, /system/vendor/lib64]]
09-06 22:43:33.860  3479  3479 E AndroidRuntime: 	at dalvik.system.BaseDexClassLoader.findClass(BaseDexClassLoader.java:134)
09-06 22:43:33.860  3479  3479 E AndroidRuntime: 	at java.lang.ClassLoader.loadClass(ClassLoader.java:379)
09-06 22:43:33.860  3479  3479 E AndroidRuntime: 	at java.lang.ClassLoader.loadClass(ClassLoader.java:312)
09-06 22:43:33.860  3479  3479 E AndroidRuntime: 	... 10 more
09-06 22:43:33.861  1525  2400 W ActivityManager: Process com.qualcomm.qti.telephonyservice has crashed too many times: killing!
09-06 22:43:33.866  1525  2400 I ActivityManager: Process com.qualcomm.qti.telephonyservice (pid 3479) has died: pers PER 
09-06 22:43:33.866  1525  2400 W ActivityManager: Scheduling restart of crashed service com.qualcomm.qti.telephonyservice/.QtiTelephonyService in 0ms
09-06 22:43:33.866  1525  2400 W ActivityManager: Re-adding persistent process ProcessRecord{f76fd14 3479:com.qualcomm.qti.telephonyservice/1001}
09-06 22:43:33.866   654   654 I Zygote  : Process 3479 exited due to signal (9)
09-06 22:43:33.867   679  3457 D NxpTml  : PN54X - I2C Read successful.....
09-06 22:43:33.867   679  3457 D NxpNciR : len =   5 > 4002020000
09-06 22:43:33.867   679  3457 D NxpTml  : PN54X - Posting read message.....
09-06 22:43:33.867   679  3460 D NxpHal  : read successful status = 0x0
09-06 22:43:33.867   679  3460 D NxpHal  : phNxpNciHal_print_res_status: response status =STATUS_OK
09-06 22:43:33.867   679  3457 D NxpTml  : PN54X - Read requested.....
09-06 22:43:33.867   679  3457 D NxpTml  : PN54X - Invoking I2C Read.....
09-06 22:43:33.867   679   679 D NxpHal  : Response timer stopped
09-06 22:43:33.868   679   679 D NxpHal  : Checking response
09-06 22:43:33.868   679   679 D NxpExtns: find found NXP_SWP_FULL_PWR_ON=(0x0)
09-06 22:43:33.868   679  3458 D NxpTml  : PN54X - Write requested.....
09-06 22:43:33.868   679  3458 D NxpTml  : PN54X - Invoking I2C Write.....
09-06 22:43:33.869   679  3458 D NxpNciX : len =   8 > 20020501A0F10100
09-06 22:43:33.869   679  3458 D NxpTml  : PN54X - I2C Write successful.....
09-06 22:43:33.869   679  3458 D NxpTml  : PN54X - Posting Fresh Write message.....
09-06 22:43:33.869   679  3458 D NxpTml  : PN54X - Tml Writer Thread Running................
09-06 22:43:33.869   679  3460 D NxpHal  : write successful status = 0x0
09-06 22:43:33.869   679   679 D NxpHal  : Response timer started
09-06 22:43:33.869   679   679 D NxpHal  : Waiting after ext cmd sent
09-06 22:43:33.871   679  3457 D NxpTml  : PN54X - I2C Read successful.....
09-06 22:43:33.871   679  3457 D NxpNciR : len =   5 > 4002020000
09-06 22:43:33.871   679  3457 D NxpTml  : PN54X - Posting read message.....
09-06 22:43:33.871   679  3460 D NxpHal  : read successful status = 0x0
09-06 22:43:33.871   679  3460 D NxpHal  : phNxpNciHal_print_res_status: response status =STATUS_OK
09-06 22:43:33.871   679   679 D NxpHal  : Response timer stopped
09-06 22:43:33.871   679   679 D NxpHal  : Checking response
09-06 22:43:33.871   679   679 D NxpExtns: find found AID_MATCHING_PLATFORM=(0x1)
09-06 22:43:33.871   679  3457 D NxpTml  : PN54X - Read requested.....
09-06 22:43:33.871   679  3458 D NxpTml  : PN54X - Write requested.....
09-06 22:43:33.871   679  3457 D NxpTml  : PN54X - Invoking I2C Read.....
09-06 22:43:33.871   679  3458 D NxpTml  : PN54X - Invoking I2C Write.....
09-06 22:43:33.872   679  3458 D NxpNciX : len =   8 > 20020501A0910101
09-06 22:43:33.872   679  3458 D NxpTml  : PN54X - I2C Write successful.....
09-06 22:43:33.872   679  3458 D NxpTml  : PN54X - Posting Fresh Write message.....
09-06 22:43:33.872   679  3458 D NxpTml  : PN54X - Tml Writer Thread Running................
09-06 22:43:33.872   679  3460 D NxpHal  : write successful status = 0x0
09-06 22:43:33.872   679   679 D NxpHal  : Response timer started
09-06 22:43:33.872   679   679 D NxpHal  : Waiting after ext cmd sent
09-06 22:43:33.874   679  3457 D NxpTml  : PN54X - I2C Read successful.....
09-06 22:43:33.874   679  3457 D NxpNciR : len =   5 > 4002020500
09-06 22:43:33.874   679  3457 D NxpTml  : PN54X - Posting read message.....
09-06 22:43:33.874   679  3460 D NxpHal  : read successful status = 0x0
09-06 22:43:33.874   679  3460 D NxpHal  : phNxpNciHal_print_res_status: response status =STATUS_SYNTAX_ERROR
09-06 22:43:33.874   679  3457 D NxpTml  : PN54X - Read requested.....
09-06 22:43:33.874   679  3457 D NxpTml  : PN54X - Invoking I2C Read.....
09-06 22:43:33.874   679   679 D NxpHal  : Response timer stopped
09-06 22:43:33.874   679   679 D NxpHal  : Checking response
09-06 22:43:33.874   679   679 D NxpExtns: find found MIFARE_READER_ENABLE=(0x1)
09-06 22:43:33.874   679   679 D NxpHal  : Going through extns - Adding Mifare in RF Discovery
09-06 22:43:33.874   679   679 D NxpHal  : Going through extns - Adding Mifare in RF Discovery - END
09-06 22:43:33.874   679  3458 D NxpTml  : PN54X - Write requested.....
09-06 22:43:33.875   679  3458 D NxpTml  : PN54X - Invoking I2C Write.....
09-06 22:43:33.875  3520  3520 I Zygote  : seccomp disabled by setenforce 0
09-06 22:43:33.876   679  3458 D NxpNciX : len =  13 > 21000A03040302050303800180
09-06 22:43:33.876   679  3458 D NxpTml  : PN54X - I2C Write successful.....
09-06 22:43:33.876   679  3458 D NxpTml  : PN54X - Posting Fresh Write message.....
09-06 22:43:33.876   679  3458 D NxpTml  : PN54X - Tml Writer Thread Running................
09-06 22:43:33.876   679  3460 D NxpHal  : write successful status = 0x0
09-06 22:43:33.878  1525  1708 I ActivityManager: Start proc 3520:com.qualcomm.qti.telephonyservice/1001 for restart com.qualcomm.qti.telephonyservice
09-06 22:43:33.880   679  3457 D NxpTml  : PN54X - I2C Read successful.....
09-06 22:43:33.880   679  3457 D NxpNciR : len =   4 > 41000100
09-06 22:43:33.880   679  3457 D NxpTml  : PN54X - Posting read message.....
09-06 22:43:33.881   679  3460 D NxpHal  : read successful status = 0x0
09-06 22:43:33.881   679   679 D NxpExtns: find found MIFARE_READER_ENABLE=(0x1)
09-06 22:43:33.881   679  3457 D NxpTml  : PN54X - Read requested.....
09-06 22:43:33.881   679  3457 D NxpTml  : PN54X - Invoking I2C Read.....
09-06 22:43:33.881   679  3458 D NxpTml  : PN54X - Write requested.....
09-06 22:43:33.881   679  3458 D NxpTml  : PN54X - Invoking I2C Write.....
09-06 22:43:33.882   679  3458 D NxpNciX : len =  17 > 20020E02510801FEFFFFFFFFFFFF580107
09-06 22:43:33.882   679  3458 D NxpTml  : PN54X - I2C Write successful.....
09-06 22:43:33.882   679  3458 D NxpTml  : PN54X - Posting Fresh Write message.....
09-06 22:43:33.882   679  3458 D NxpTml  : PN54X - Tml Writer Thread Running................
09-06 22:43:33.882   679  3460 D NxpHal  : write successful status = 0x0
09-06 22:43:33.890   679  3457 D NxpTml  : PN54X - I2C Read successful.....
09-06 22:43:33.890   679  3457 D NxpNciR : len =   5 > 4002020000
09-06 22:43:33.890   679  3457 D NxpTml  : PN54X - Posting read message.....
09-06 22:43:33.890   679  3460 D NxpHal  : read successful status = 0x0
09-06 22:43:33.890   679  3460 D NxpHal  : phNxpNciHal_print_res_status: response status =STATUS_OK
09-06 22:43:33.890   679  3457 D NxpTml  : PN54X - Read requested.....
09-06 22:43:33.890   679  3457 D NxpTml  : PN54X - Invoking I2C Read.....
09-06 22:43:33.890   679   679 D NxpExtns: find found MIFARE_READER_ENABLE=(0x1)
09-06 22:43:33.890   679  3458 D NxpTml  : PN54X - Write requested.....
09-06 22:43:33.890   679  3458 D NxpTml  : PN54X - Invoking I2C Write.....
09-06 22:43:33.891   679  3458 D NxpNciX : len =   4 > 22000101
09-06 22:43:33.892   679  3458 D NxpTml  : PN54X - I2C Write successful.....
09-06 22:43:33.892   679  3458 D NxpTml  : PN54X - Posting Fresh Write message.....
09-06 22:43:33.892   679  3458 D NxpTml  : PN54X - Tml Writer Thread Running................
09-06 22:43:33.892   679  3460 D NxpHal  : write successful status = 0x0
09-06 22:43:33.896   679  3457 D NxpTml  : PN54X - I2C Read successful.....
09-06 22:43:33.896   679  3457 D NxpNciR : len =   5 > 4200020001
09-06 22:43:33.896   679  3457 D NxpTml  : PN54X - Posting read message.....
09-06 22:43:33.896   679  3460 D NxpHal  : read successful status = 0x0
09-06 22:43:33.896   679  3457 D NxpTml  : PN54X - Read requested.....
09-06 22:43:33.896   679  3457 D NxpTml  : PN54X - Invoking I2C Read.....
09-06 22:43:33.899   679  3457 D NxpTml  : PN54X - I2C Read successful.....
09-06 22:43:33.899   679  3457 D NxpNciR : len =   8 > 6200050101010100
09-06 22:43:33.899   679  3457 D NxpTml  : PN54X - Posting read message.....
09-06 22:43:33.899   679  3460 D NxpHal  : read successful status = 0x0
09-06 22:43:33.899   679  3457 D NxpTml  : PN54X - Read requested.....
09-06 22:43:33.899   679  3457 D NxpTml  : PN54X - Invoking I2C Read.....
09-06 22:43:33.899   679   679 D NxpExtns: find found MIFARE_READER_ENABLE=(0x1)
09-06 22:43:33.900   679  3458 D NxpTml  : PN54X - Write requested.....
09-06 22:43:33.900   679  3458 D NxpTml  : PN54X - Invoking I2C Write.....
09-06 22:43:33.901   679  3458 D NxpNciX : len =   5 > 2201020101
09-06 22:43:33.901   679  3458 D NxpTml  : PN54X - I2C Write successful.....
09-06 22:43:33.901   679  3458 D NxpTml  : PN54X - Posting Fresh Write message.....
09-06 22:43:33.901   679  3458 D NxpTml  : PN54X - Tml Writer Thread Running................
09-06 22:43:33.901   679  3460 D NxpHal  : write successful status = 0x0
09-06 22:43:33.902  3520  3520 I chatty  : uid=1001(radio) com.qualcomm.qti.telephonyservice expire 4 lines
09-06 22:43:33.907   679  3457 D NxpTml  : PN54X - I2C Read successful.....
09-06 22:43:33.908   679  3457 D NxpNciR : len =   4 > 42010100
09-06 22:43:33.908   679  3457 D NxpTml  : PN54X - Posting read message.....
09-06 22:43:33.908   679  3460 D NxpHal  : read successful status = 0x0
09-06 22:43:33.908  3075  3451 E libnfc_nci: [ERROR:nfa_ee_act.cc(1980)] nfa_ee_nci_mode_set_rsp p_rsp->status:0x00
09-06 22:43:33.908   679  3457 D NxpTml  : PN54X - Read requested.....
09-06 22:43:33.908   679   679 D NxpExtns: find found MIFARE_READER_ENABLE=(0x1)
09-06 22:43:33.908   679  3457 D NxpTml  : PN54X - Invoking I2C Read.....
09-06 22:43:33.908   679  3458 D NxpTml  : PN54X - Write requested.....
09-06 22:43:33.908   679  3458 D NxpTml  : PN54X - Invoking I2C Write.....
09-06 22:43:33.910   679  3458 D NxpNciX : len =   9 > 200406030101020101
09-06 22:43:33.910   679  3458 D NxpTml  : PN54X - I2C Write successful.....
09-06 22:43:33.910   679  3458 D NxpTml  : PN54X - Posting Fresh Write message.....
09-06 22:43:33.910   679  3458 D NxpTml  : PN54X - Tml Writer Thread Running................
09-06 22:43:33.910   679  3460 D NxpHal  : write successful status = 0x0
09-06 22:43:33.910  3520  3520 E AndroidRuntime: FATAL EXCEPTION: main
09-06 22:43:33.910  3520  3520 E AndroidRuntime: Process: com.qualcomm.qti.telephonyservice, PID: 3520
09-06 22:43:33.910  3520  3520 E AndroidRuntime: java.lang.NoClassDefFoundError: Failed resolution of: Lcom/qualcomm/qcrilhook/QcRilHook;
09-06 22:43:33.910  3520  3520 E AndroidRuntime: 	at com.qualcomm.qti.telephonyservice.QtiTelephonyService.onCreate(QtiTelephonyService.java:34)
09-06 22:43:33.910  3520  3520 E AndroidRuntime: 	at android.app.ActivityThread.handleCreateService(ActivityThread.java:3532)
09-06 22:43:33.910  3520  3520 E AndroidRuntime: 	at android.app.ActivityThread.access$1300(ActivityThread.java:199)
09-06 22:43:33.910  3520  3520 E AndroidRuntime: 	at android.app.ActivityThread$H.handleMessage(ActivityThread.java:1666)
09-06 22:43:33.910  3520  3520 E AndroidRuntime: 	at android.os.Handler.dispatchMessage(Handler.java:106)
09-06 22:43:33.910  3520  3520 E AndroidRuntime: 	at android.os.Looper.loop(Looper.java:193)
09-06 22:43:33.910  3520  3520 E AndroidRuntime: 	at android.app.ActivityThread.main(ActivityThread.java:6669)
09-06 22:43:33.910  3520  3520 E AndroidRuntime: 	at java.lang.reflect.Method.invoke(Native Method)
09-06 22:43:33.910  3520  3520 E AndroidRuntime: 	at com.android.internal.os.RuntimeInit$MethodAndArgsCaller.run(RuntimeInit.java:495)
09-06 22:43:33.910  3520  3520 E AndroidRuntime: 	at com.android.internal.os.ZygoteInit.main(ZygoteInit.java:858)
09-06 22:43:33.910  3520  3520 E AndroidRuntime: Caused by: java.lang.ClassNotFoundException: Didn't find class "com.qualcomm.qcrilhook.QcRilHook" on path: DexPathList[[zip file "/system/framework/org.apache.http.legacy.boot.jar", zip file "/system/vendor/app/QtiTelephonyService/QtiTelephonyService.apk"],nativeLibraryDirectories=[/system/vendor/app/QtiTelephonyService/lib/arm64, /system/vendor/app/QtiTelephonyService/QtiTelephonyService.apk!/lib/arm64-v8a, /system/lib64, /system/vendor/lib64, /system/lib64, /system/vendor/lib64]]
09-06 22:43:33.910  3520  3520 E AndroidRuntime: 	at dalvik.system.BaseDexClassLoader.findClass(BaseDexClassLoader.java:134)
09-06 22:43:33.910  3520  3520 E AndroidRuntime: 	at java.lang.ClassLoader.loadClass(ClassLoader.java:379)
09-06 22:43:33.910  3520  3520 E AndroidRuntime: 	at java.lang.ClassLoader.loadClass(ClassLoader.java:312)
09-06 22:43:33.910  3520  3520 E AndroidRuntime: 	... 10 more
09-06 22:43:33.911   679  3457 D NxpTml  : PN54X - I2C Read successful.....
09-06 22:43:33.911   679  3457 D NxpNciR : len =   8 > 620005C000018000
09-06 22:43:33.911   679  3457 D NxpTml  : PN54X - Posting read message.....
09-06 22:43:33.911   679  3460 D NxpHal  : read successful status = 0x0
09-06 22:43:33.911   679  3457 D NxpTml  : PN54X - Read requested.....
09-06 22:43:33.911   679  3457 D NxpTml  : PN54X - Invoking I2C Read.....
09-06 22:43:33.912  1525  2400 W RescueParty: Noticed 2 events for UID 1001 in last 0 sec
09-06 22:43:33.912  1525  2400 W ActivityManager: Process com.qualcomm.qti.telephonyservice has crashed too many times: killing!
09-06 22:43:33.914  1525  1714 W WindowManager: App freeze timeout expired.
09-06 22:43:33.919   679  3457 D NxpTml  : PN54X - I2C Read successful.....
09-06 22:43:33.919   679  3457 D NxpNciR : len =   7 > 40040400FF0103
09-06 22:43:33.919   679  3457 D NxpTml  : PN54X - Posting read message.....
09-06 22:43:33.919   679  3460 D NxpHal  : read successful status = 0x0
09-06 22:43:33.919   679  3457 D NxpTml  : PN54X - Read requested.....
09-06 22:43:33.919   679  3457 D NxpTml  : PN54X - Invoking I2C Read.....
09-06 22:43:33.919   679   679 D NxpExtns: find found MIFARE_READER_ENABLE=(0x1)
09-06 22:43:33.919   679  3458 D NxpTml  : PN54X - Write requested.....
09-06 22:43:33.919   679  3458 D NxpTml  : PN54X - Invoking I2C Write.....
09-06 22:43:33.920   679  3458 D NxpNciX : len =   6 > 030003810201
09-06 22:43:33.921   679  3458 D NxpTml  : PN54X - I2C Write successful.....
09-06 22:43:33.921   679  3458 D NxpTml  : PN54X - Posting Fresh Write message.....
09-06 22:43:33.921   679  3458 D NxpTml  : PN54X - Tml Writer Thread Running................
09-06 22:43:33.921   679  3460 D NxpHal  : write successful status = 0x0
09-06 22:43:33.922   679  3457 D NxpTml  : PN54X - I2C Read successful.....
09-06 22:43:33.922   679  3457 D NxpNciR : len =   9 > 610A06010003C08004
09-06 22:43:33.922   679  3457 D NxpTml  : PN54X - Posting read message.....
09-06 22:43:33.922   679  3460 D NxpHal  : read successful status = 0x0
09-06 22:43:33.922   679  3457 D NxpTml  : PN54X - Read requested.....
09-06 22:43:33.922   679  3457 D NxpTml  : PN54X - Invoking I2C Read.....
09-06 22:43:33.924  1525  3396 I ActivityManager: Process com.qualcomm.qti.telephonyservice (pid 3520) has died: pers PER 
09-06 22:43:33.924  1525  3396 W ActivityManager: Scheduling restart of crashed service com.qualcomm.qti.telephonyservice/.QtiTelephonyService in 0ms
09-06 22:43:33.924  1525  3396 W ActivityManager: Re-adding persistent process ProcessRecord{f76fd14 3520:com.qualcomm.qti.telephonyservice/1001}
09-06 22:43:33.925   679  3457 D NxpTml  : PN54X - I2C Read successful.....
09-06 22:43:33.925   679  3457 D NxpNciR : len =  13 > 03000A8180E3D5FEFFDED5FEFF
09-06 22:43:33.925   679  3457 D NxpTml  : PN54X - Posting read message.....
09-06 22:43:33.925   679  3460 D NxpHal  : read successful status = 0x0
09-06 22:43:33.925   679  3457 D NxpTml  : PN54X - Read requested.....
09-06 22:43:33.925   679  3457 D NxpTml  : PN54X - Invoking I2C Read.....
09-06 22:43:33.925   654   654 I Zygote  : Process 3520 exited due to signal (9)
09-06 22:43:33.928   679  3457 D NxpTml  : PN54X - I2C Read successful.....
09-06 22:43:33.928   679  3457 D NxpNciR : len =   6 > 600603010301
09-06 22:43:33.928   679  3457 D NxpTml  : PN54X - Posting read message.....
09-06 22:43:33.928   679  3460 D NxpHal  : read successful status = 0x0
09-06 22:43:33.929   679  3457 D NxpTml  : PN54X - Read requested.....
09-06 22:43:33.929   679   679 D NxpExtns: find found MIFARE_READER_ENABLE=(0x1)
09-06 22:43:33.929   679  3457 D NxpTml  : PN54X - Invoking I2C Read.....
09-06 22:43:33.929   679   679 D NxpHal  : > Going through workaround - set host list
09-06 22:43:33.929   679   679 D NxpHal  : > Going through workaround - set host list - END
09-06 22:43:33.929   679  3458 D NxpTml  : PN54X - Write requested.....
09-06 22:43:33.929   679  3458 D NxpTml  : PN54X - Invoking I2C Write.....
09-06 22:43:33.930   679  3458 D NxpNciX : len =   8 > 03000581010302C0
09-06 22:43:33.930   679  3458 D NxpTml  : PN54X - I2C Write successful.....
09-06 22:43:33.930   679  3458 D NxpTml  : PN54X - Posting Fresh Write message.....
09-06 22:43:33.930   679  3458 D NxpTml  : PN54X - Tml Writer Thread Running................
09-06 22:43:33.930   679  3460 D NxpHal  : write successful status = 0x0
09-06 22:43:33.931   679  3457 D NxpTml  : PN54X - I2C Read successful.....
09-06 22:43:33.931   679  3457 D NxpNciR : len =  12 > 6200098102018001A0010104
09-06 22:43:33.931   679  3457 D NxpTml  : PN54X - Posting read message.....
09-06 22:43:33.931   679  3460 D NxpHal  : read successful status = 0x0
09-06 22:43:33.931  3544  3544 I Zygote  : seccomp disabled by setenforce 0
09-06 22:43:33.931   679  3457 D NxpTml  : PN54X - Read requested.....
09-06 22:43:33.931   679  3457 D NxpTml  : PN54X - Invoking I2C Read.....
09-06 22:43:33.933  1525  2228 D ConnectivityService: Got NetworkFactory Messenger for PhoneSwitcherNetworkRequstListener
09-06 22:43:33.934   679  3457 D NxpTml  : PN54X - I2C Read successful.....
09-06 22:43:33.934   679  3457 D NxpNciR : len =   5 > 0300028180
09-06 22:43:33.934   679  3457 D NxpTml  : PN54X - Posting read message.....
09-06 22:43:33.934   679  3460 D NxpHal  : read successful status = 0x0
09-06 22:43:33.934   679  3457 D NxpTml  : PN54X - Read requested.....
09-06 22:43:33.934   679  3457 D NxpTml  : PN54X - Invoking I2C Read.....
09-06 22:43:33.935  1525  1708 I ActivityManager: Start proc 3544:com.qualcomm.qti.telephonyservice/1001 for restart com.qualcomm.qti.telephonyservice
09-06 22:43:33.936   679  3457 D NxpTml  : PN54X - I2C Read successful.....
09-06 22:43:33.936   679  3457 D NxpNciR : len =   6 > 600603010301
09-06 22:43:33.936   679  3457 D NxpTml  : PN54X - Posting read message.....
09-06 22:43:33.936   679  3460 D NxpHal  : read successful status = 0x0
09-06 22:43:33.937   679  3457 D NxpTml  : PN54X - Read requested.....
09-06 22:43:33.937   679  3457 D NxpTml  : PN54X - Invoking I2C Read.....
09-06 22:43:33.937  1525  2228 D ConnectivityService: Got NetworkFactory Messenger for TelephonyNetworkFactory[0]
09-06 22:43:33.937  1525  2228 D ConnectivityService: Got NetworkFactory Messenger for TelephonyNetworkFactory[1]
09-06 22:43:33.939   679  3457 D NxpTml  : PN54X - I2C Read successful.....
09-06 22:43:33.939   679  3457 D NxpNciR : len =   9 > 610A06010003C08104
09-06 22:43:33.939   679  3457 D NxpTml  : PN54X - Posting read message.....
09-06 22:43:33.939   679  3460 D NxpHal  : read successful status = 0x0
09-06 22:43:33.939   679  3457 D NxpTml  : PN54X - Read requested.....
09-06 22:43:33.939   679  3457 D NxpTml  : PN54X - Invoking I2C Read.....
09-06 22:43:33.942   679  3457 D NxpTml  : PN54X - I2C Read successful.....
09-06 22:43:33.942   679  3457 D NxpNciR : len =   9 > 610A06010003C08203
09-06 22:43:33.942   679  3457 D NxpTml  : PN54X - Posting read message.....
09-06 22:43:33.942   679  3460 D NxpHal  : read successful status = 0x0
09-06 22:43:33.942   679  3457 D NxpTml  : PN54X - Read requested.....
09-06 22:43:33.942   679  3457 D NxpTml  : PN54X - Invoking I2C Read.....
09-06 22:43:33.948  1525  2401 D BluetoothManagerService: Trying to bind to profile: 1, while Bluetooth was disabled
09-06 22:43:33.953  3498  3498 I CalendarProvider2: Created com.android.providers.calendar.CalendarAlarmManager@fc4711e(com.android.providers.calendar.CalendarProvider2@c4f7dff)
09-06 22:43:33.955   662  2915 D audio_hw_primary: adev_set_parameters: enter: HACSetting=OFF
09-06 22:43:33.955   662  2915 D audio_hw_extn: audio_extn_set_anc_parameters: anc_enabled:0
09-06 22:43:33.955   662  2915 D audio_hw_spkr_prot: audio_extn_fbsp_set_parameters: Speaker protection disabled
09-06 22:43:33.958  3405  3405 I TelecomFramework: TtyManager: updateUiTtyMode -1 -> 0
09-06 22:43:33.960  3544  3544 I chatty  : uid=1001(radio) com.qualcomm.qti.telephonyservice expire 4 lines
09-06 22:43:33.960  3405  3405 I TelecomFramework: TtyManager: updateUiTtyMode -1 -> 0
09-06 22:43:33.962  1525  2401 I PreBootBroadcaster: Pre-boot of {com.android.providers.contacts/com.android.providers.contacts.ContactsUpgradeReceiver} for user 0
09-06 22:43:33.963  1525  1713 D BluetoothManagerService: MESSAGE_RESTART_BLUETOOTH_SERVICE
09-06 22:43:33.968  3247  3247 D StrictMode: StrictMode policy violation; ~duration=4 ms: android.os.strictmode.DiskReadViolation
09-06 22:43:33.968  3247  3247 D StrictMode: 	at android.os.StrictMode$AndroidBlockGuardPolicy.onReadFromDisk(StrictMode.java:1504)
09-06 22:43:33.968  3247  3247 D StrictMode: 	at java.io.UnixFileSystem.checkAccess(UnixFileSystem.java:251)
09-06 22:43:33.968  3247  3247 D StrictMode: 	at java.io.File.exists(File.java:815)
09-06 22:43:33.968  3247  3247 D StrictMode: 	at android.app.ContextImpl.ensurePrivateDirExists(ContextImpl.java:605)
09-06 22:43:33.968  3247  3247 D StrictMode: 	at android.app.ContextImpl.ensurePrivateDirExists(ContextImpl.java:596)
09-06 22:43:33.968  3247  3247 D StrictMode: 	at android.app.ContextImpl.getPreferencesDir(ContextImpl.java:552)
09-06 22:43:33.968  3247  3247 D StrictMode: 	at android.app.ContextImpl.getSharedPreferencesPath(ContextImpl.java:747)
09-06 22:43:33.968  3247  3247 D StrictMode: 	at android.app.ContextImpl.getSharedPreferences(ContextImpl.java:400)
09-06 22:43:33.968  3247  3247 D StrictMode: 	at android.content.ContextWrapper.getSharedPreferences(ContextWrapper.java:174)
09-06 22:43:33.968  3247  3247 D StrictMode: 	at android.content.ContextWrapper.getSharedPreferences(ContextWrapper.java:174)
09-06 22:43:33.968  3247  3247 D StrictMode: 	at com.android.providers.contacts.ContactsUpgradeReceiver.onReceive(ContactsUpgradeReceiver.java:56)
09-06 22:43:33.968  3247  3247 D StrictMode: 	at android.app.ActivityThread.handleReceiver(ActivityThread.java:3379)
09-06 22:43:33.968  3247  3247 D StrictMode: 	at android.app.ActivityThread.access$1200(ActivityThread.java:199)
09-06 22:43:33.968  3247  3247 D StrictMode: 	at android.app.ActivityThread$H.handleMessage(ActivityThread.java:1661)
09-06 22:43:33.968  3247  3247 D StrictMode: 	at android.os.Handler.dispatchMessage(Handler.java:106)
09-06 22:43:33.968  3247  3247 D StrictMode: 	at android.os.Looper.loop(Looper.java:193)
09-06 22:43:33.968  3247  3247 D StrictMode: 	at android.app.ActivityThread.main(ActivityThread.java:6669)
09-06 22:43:33.968  3247  3247 D StrictMode: 	at java.lang.reflect.Method.invoke(Native Method)
09-06 22:43:33.968  3247  3247 D StrictMode: 	at com.android.internal.os.RuntimeInit$MethodAndArgsCaller.run(RuntimeInit.java:495)
09-06 22:43:33.968  3247  3247 D StrictMode: 	at com.android.internal.os.ZygoteInit.main(ZygoteInit.java:858)
09-06 22:43:33.968  3247  3247 D StrictMode: StrictMode policy violation; ~duration=3 ms: android.os.strictmode.DiskReadViolation
09-06 22:43:33.968  3247  3247 D StrictMode: 	at android.os.StrictMode$AndroidBlockGuardPolicy.onReadFromDisk(StrictMode.java:1504)
09-06 22:43:33.968  3247  3247 D StrictMode: 	at android.app.SharedPreferencesImpl.awaitLoadedLocked(SharedPreferencesImpl.java:256)
09-06 22:43:33.968  3247  3247 D StrictMode: 	at android.app.SharedPreferencesImpl.getInt(SharedPreferencesImpl.java:301)
09-06 22:43:33.968  3247  3247 D StrictMode: 	at com.android.providers.contacts.ContactsUpgradeReceiver.onReceive(ContactsUpgradeReceiver.java:57)
09-06 22:43:33.968  3247  3247 D StrictMode: 	at android.app.ActivityThread.handleReceiver(ActivityThread.java:3379)
09-06 22:43:33.968  3247  3247 D StrictMode: 	at android.app.ActivityThread.access$1200(ActivityThread.java:199)
09-06 22:43:33.968  3247  3247 D StrictMode: 	at android.app.ActivityThread$H.handleMessage(ActivityThread.java:1661)
09-06 22:43:33.968  3247  3247 D StrictMode: 	at android.os.Handler.dispatchMessage(Handler.java:106)
09-06 22:43:33.968  3247  3247 D StrictMode: 	at android.os.Looper.loop(Looper.java:193)
09-06 22:43:33.968  3247  3247 D StrictMode: 	at android.app.ActivityThread.main(ActivityThread.java:6669)
09-06 22:43:33.968  3247  3247 D StrictMode: 	at java.lang.reflect.Method.invoke(Native Method)
09-06 22:43:33.968  3247  3247 D StrictMode: 	at com.android.internal.os.RuntimeInit$MethodAndArgsCaller.run(RuntimeInit.java:495)
09-06 22:43:33.968  3247  3247 D StrictMode: 	at com.android.internal.os.ZygoteInit.main(ZygoteInit.java:858)
09-06 22:43:33.968  3544  3544 E AndroidRuntime: FATAL EXCEPTION: main
09-06 22:43:33.968  3544  3544 E AndroidRuntime: Process: com.qualcomm.qti.telephonyservice, PID: 3544
09-06 22:43:33.968  3544  3544 E AndroidRuntime: java.lang.NoClassDefFoundError: Failed resolution of: Lcom/qualcomm/qcrilhook/QcRilHook;
09-06 22:43:33.968  3544  3544 E AndroidRuntime: 	at com.qualcomm.qti.telephonyservice.QtiTelephonyService.onCreate(QtiTelephonyService.java:34)
09-06 22:43:33.968  3544  3544 E AndroidRuntime: 	at android.app.ActivityThread.handleCreateService(ActivityThread.java:3532)
09-06 22:43:33.968  3544  3544 E AndroidRuntime: 	at android.app.ActivityThread.access$1300(ActivityThread.java:199)
09-06 22:43:33.968  3544  3544 E AndroidRuntime: 	at android.app.ActivityThread$H.handleMessage(ActivityThread.java:1666)
09-06 22:43:33.968  3544  3544 E AndroidRuntime: 	at android.os.Handler.dispatchMessage(Handler.java:106)
09-06 22:43:33.968  3544  3544 E AndroidRuntime: 	at android.os.Looper.loop(Looper.java:193)
09-06 22:43:33.968  3544  3544 E AndroidRuntime: 	at android.app.ActivityThread.main(ActivityThread.java:6669)
09-06 22:43:33.968  3544  3544 E AndroidRuntime: 	at java.lang.reflect.Method.invoke(Native Method)
09-06 22:43:33.968  3544  3544 E AndroidRuntime: 	at com.android.internal.os.RuntimeInit$MethodAndArgsCaller.run(RuntimeInit.java:495)
09-06 22:43:33.968  3544  3544 E AndroidRuntime: 	at com.android.internal.os.ZygoteInit.main(ZygoteInit.java:858)
09-06 22:43:33.968  3544  3544 E AndroidRuntime: Caused by: java.lang.ClassNotFoundException: Didn't find class "com.qualcomm.qcrilhook.QcRilHook" on path: DexPathList[[zip file "/system/framework/org.apache.http.legacy.boot.jar", zip file "/system/vendor/app/QtiTelephonyService/QtiTelephonyService.apk"],nativeLibraryDirectories=[/system/vendor/app/QtiTelephonyService/lib/arm64, /system/vendor/app/QtiTelephonyService/QtiTelephonyService.apk!/lib/arm64-v8a, /system/lib64, /system/vendor/lib64, /system/lib64, /system/vendor/lib64]]
09-06 22:43:33.968  3544  3544 E AndroidRuntime: 	at dalvik.system.BaseDexClassLoader.findClass(BaseDexClassLoader.java:134)
09-06 22:43:33.968  3544  3544 E AndroidRuntime: 	at java.lang.ClassLoader.loadClass(ClassLoader.java:379)
09-06 22:43:33.968  3544  3544 E AndroidRuntime: 	at java.lang.ClassLoader.loadClass(ClassLoader.java:312)
09-06 22:43:33.968  3544  3544 E AndroidRuntime: 	... 10 more
09-06 22:43:33.968  1525  2760 I PreBootBroadcaster: Pre-boot of {com.android.providers.media/com.android.providers.media.MediaUpgradeReceiver} for user 0
09-06 22:43:33.971  1525  3411 W RescueParty: Noticed 3 events for UID 1001 in last 0 sec
09-06 22:43:33.971  1525  3411 W ActivityManager: Process com.qualcomm.qti.telephonyservice has crashed too many times: killing!
09-06 22:43:33.972  3571  3571 I Zygote  : seccomp disabled by setenforce 0
09-06 22:43:33.972  1525  2760 I PreBootBroadcaster: Pre-boot of {com.android.settings/com.android.settings.SettingsInitialize} for user 0
09-06 22:43:33.974  1525  1708 I ActivityManager: Start proc 3571:com.android.bluetooth/1002 for service com.android.bluetooth/.btservice.AdapterService
09-06 22:43:33.976  1525  3396 I ActivityManager: Sending BOOT_COMPLETE user #0
09-06 22:43:33.980   591   591 W hwservicemanager: getTransport: Cannot find entry android.hardware.radio.config@1.0::IRadioConfig/default in either framework or device manifest.
09-06 22:43:33.984  1525  3396 I ActivityManager: Process com.qualcomm.qti.telephonyservice (pid 3544) has died: pers PER 
09-06 22:43:33.985  1525  3396 W ActivityManager: Scheduling restart of crashed service com.qualcomm.qti.telephonyservice/.QtiTelephonyService in 0ms
09-06 22:43:33.985  1525  3396 W ActivityManager: Re-adding persistent process ProcessRecord{f76fd14 3544:com.qualcomm.qti.telephonyservice/1001}
09-06 22:43:33.985   654   654 I Zygote  : Process 3544 exited due to signal (9)
09-06 22:43:33.994  3600  3600 I Zygote  : seccomp disabled by setenforce 0
09-06 22:43:33.997  1525  1708 I ActivityManager: Start proc 3600:com.qualcomm.qti.telephonyservice/1001 for restart com.qualcomm.qti.telephonyservice
09-06 22:43:33.998  2416  2542 I QCNEJ/CndHalConnector: -> SND notifyRatConnectionStatusChanged(rat = 0, DISCONNECTED)
09-06 22:43:34.009  2416  2542 I QCNEJ/CndHalConnector: -> SND notifyRatConnectionStatusChanged(rat = 0, DISCONNECTED)
09-06 22:43:34.033  2416  2542 I QCNEJ/CndHalConnector: -> SND notifyRatConnectionStatusChanged(rat = 0, DISCONNECTED)
09-06 22:43:34.043  2416  2542 I QCNEJ/CndHalConnector: -> SND notifyRatConnectionStatusChanged(rat = 0, DISCONNECTED)
09-06 22:43:34.052  3600  3600 I chatty  : uid=1001(radio) com.qualcomm.qti.telephonyservice expire 4 lines
09-06 22:43:34.055  2312  2312 W KeyguardUpdateMonitor: invalid subId in handleServiceStateChange()
09-06 22:43:34.057  2312  2312 W KeyguardUpdateMonitor: invalid subId in handleServiceStateChange()
09-06 22:43:34.070  3600  3600 E AndroidRuntime: FATAL EXCEPTION: main
09-06 22:43:34.070  3600  3600 E AndroidRuntime: Process: com.qualcomm.qti.telephonyservice, PID: 3600
09-06 22:43:34.070  3600  3600 E AndroidRuntime: java.lang.NoClassDefFoundError: Failed resolution of: Lcom/qualcomm/qcrilhook/QcRilHook;
09-06 22:43:34.070  3600  3600 E AndroidRuntime: 	at com.qualcomm.qti.telephonyservice.QtiTelephonyService.onCreate(QtiTelephonyService.java:34)
09-06 22:43:34.070  3600  3600 E AndroidRuntime: 	at android.app.ActivityThread.handleCreateService(ActivityThread.java:3532)
09-06 22:43:34.070  3600  3600 E AndroidRuntime: 	at android.app.ActivityThread.access$1300(ActivityThread.java:199)
09-06 22:43:34.070  3600  3600 E AndroidRuntime: 	at android.app.ActivityThread$H.handleMessage(ActivityThread.java:1666)
09-06 22:43:34.070  3600  3600 E AndroidRuntime: 	at android.os.Handler.dispatchMessage(Handler.java:106)
09-06 22:43:34.070  3600  3600 E AndroidRuntime: 	at android.os.Looper.loop(Looper.java:193)
09-06 22:43:34.070  3600  3600 E AndroidRuntime: 	at android.app.ActivityThread.main(ActivityThread.java:6669)
09-06 22:43:34.070  3600  3600 E AndroidRuntime: 	at java.lang.reflect.Method.invoke(Native Method)
09-06 22:43:34.070  3600  3600 E AndroidRuntime: 	at com.android.internal.os.RuntimeInit$MethodAndArgsCaller.run(RuntimeInit.java:495)
09-06 22:43:34.070  3600  3600 E AndroidRuntime: 	at com.android.internal.os.ZygoteInit.main(ZygoteInit.java:858)
09-06 22:43:34.070  3600  3600 E AndroidRuntime: Caused by: java.lang.ClassNotFoundException: Didn't find class "com.qualcomm.qcrilhook.QcRilHook" on path: DexPathList[[zip file "/system/framework/org.apache.http.legacy.boot.jar", zip file "/system/vendor/app/QtiTelephonyService/QtiTelephonyService.apk"],nativeLibraryDirectories=[/system/vendor/app/QtiTelephonyService/lib/arm64, /system/vendor/app/QtiTelephonyService/QtiTelephonyService.apk!/lib/arm64-v8a, /system/lib64, /system/vendor/lib64, /system/lib64, /system/vendor/lib64]]
09-06 22:43:34.070  3600  3600 E AndroidRuntime: 	at dalvik.system.BaseDexClassLoader.findClass(BaseDexClassLoader.java:134)
09-06 22:43:34.070  3600  3600 E AndroidRuntime: 	at java.lang.ClassLoader.loadClass(ClassLoader.java:379)
09-06 22:43:34.070  3600  3600 E AndroidRuntime: 	at java.lang.ClassLoader.loadClass(ClassLoader.java:312)
09-06 22:43:34.070  3600  3600 E AndroidRuntime: 	... 10 more
09-06 22:43:34.071  1525  3396 W RescueParty: Noticed 4 events for UID 1001 in last 0 sec
09-06 22:43:34.071  1525  3396 W ActivityManager: Process com.qualcomm.qti.telephonyservice has crashed too many times: killing!
09-06 22:43:34.079  1525  2760 I ActivityManager: Process com.qualcomm.qti.telephonyservice (pid 3600) has died: pers PER 
09-06 22:43:34.079  1525  2760 W ActivityManager: Scheduling restart of crashed service com.qualcomm.qti.telephonyservice/.QtiTelephonyService in 0ms
09-06 22:43:34.080  1525  2760 W ActivityManager: Re-adding persistent process ProcessRecord{f76fd14 3600:com.qualcomm.qti.telephonyservice/1001}
09-06 22:43:34.080   654   654 I Zygote  : Process 3600 exited due to signal (9)
09-06 22:43:34.086  3405  3471 I chatty  : uid=1001(radio) com.android.phone expire 9 lines
09-06 22:43:34.090  3631  3631 I Zygote  : seccomp disabled by setenforce 0
09-06 22:43:34.090  3405  3405 E AndroidRuntime: FATAL EXCEPTION: main
09-06 22:43:34.090  3405  3405 E AndroidRuntime: Process: com.android.phone, PID: 3405
09-06 22:43:34.090  3405  3405 E AndroidRuntime: java.lang.NoClassDefFoundError: Failed resolution of: Landroid/telephony/ims/feature/MMTelFeature;
09-06 22:43:34.090  3405  3405 E AndroidRuntime: 	at java.lang.Class.newInstance(Native Method)
09-06 22:43:34.090  3405  3405 E AndroidRuntime: 	at android.app.AppComponentFactory.instantiateService(AppComponentFactory.java:103)
09-06 22:43:34.090  3405  3405 E AndroidRuntime: 	at android.app.ActivityThread.handleCreateService(ActivityThread.java:3514)
09-06 22:43:34.090  3405  3405 E AndroidRuntime: 	at android.app.ActivityThread.access$1300(ActivityThread.java:199)
09-06 22:43:34.090  3405  3405 E AndroidRuntime: 	at android.app.ActivityThread$H.handleMessage(ActivityThread.java:1666)
09-06 22:43:34.090  3405  3405 E AndroidRuntime: 	at android.os.Handler.dispatchMessage(Handler.java:106)
09-06 22:43:34.090  3405  3405 E AndroidRuntime: 	at android.os.Looper.loop(Looper.java:193)
09-06 22:43:34.090  3405  3405 E AndroidRuntime: 	at android.app.ActivityThread.main(ActivityThread.java:6669)
09-06 22:43:34.090  3405  3405 E AndroidRuntime: 	at java.lang.reflect.Method.invoke(Native Method)
09-06 22:43:34.090  3405  3405 E AndroidRuntime: 	at com.android.internal.os.RuntimeInit$MethodAndArgsCaller.run(RuntimeInit.java:495)
09-06 22:43:34.090  3405  3405 E AndroidRuntime: 	at com.android.internal.os.ZygoteInit.main(ZygoteInit.java:858)
09-06 22:43:34.090  3405  3405 E AndroidRuntime: Caused by: java.lang.ClassNotFoundException: Didn't find class "android.telephony.ims.feature.MMTelFeature" on path: DexPathList[[zip file "/system/vendor/app/ims/ims.apk"],nativeLibraryDirectories=[/system/vendor/app/ims/lib/arm64, /system/vendor/app/ims/ims.apk!/lib/arm64-v8a, /system/lib64, /system/vendor/lib64, /system/lib64, /system/vendor/lib64]]
09-06 22:43:34.090  3405  3405 E AndroidRuntime: 	at dalvik.system.BaseDexClassLoader.findClass(BaseDexClassLoader.java:134)
09-06 22:43:34.090  3405  3405 E AndroidRuntime: 	at java.lang.ClassLoader.loadClass(ClassLoader.java:379)
09-06 22:43:34.090  3405  3405 E AndroidRuntime: 	at java.lang.ClassLoader.loadClass(ClassLoader.java:312)
09-06 22:43:34.090  3405  3405 E AndroidRuntime: 	... 11 more
09-06 22:43:34.091  1525  1708 I ActivityManager: Start proc 3631:com.qualcomm.qti.telephonyservice/1001 for restart com.qualcomm.qti.telephonyservice
09-06 22:43:34.091  1525  2760 W RescueParty: Noticed 5 events for UID 1001 in last 0 sec
09-06 22:43:34.092  1525  2760 W PackageManager: Incremented rescue level to RESET_SETTINGS_TRUSTED_DEFAULTS triggered by UID 1001
09-06 22:43:34.093  1525  2760 W RescueParty: Attempting rescue level RESET_SETTINGS_TRUSTED_DEFAULTS
09-06 22:43:34.094  1525  2760 D PackageManager: Finished rescue level RESET_SETTINGS_TRUSTED_DEFAULTS
09-06 22:43:34.095  1525  2760 W ActivityManager: Process com.android.phone has crashed too many times: killing!
09-06 22:43:34.103   593   593 I ServiceManager: service 'iphonesubinfo' died
09-06 22:43:34.103   593   593 I ServiceManager: service 'isms' died
09-06 22:43:34.103   593   593 I ServiceManager: service 'phone' died
09-06 22:43:34.103   593   593 I ServiceManager: service 'carrier_config' died
09-06 22:43:34.103   593   593 I ServiceManager: service 'isub' died
09-06 22:43:34.103   593   593 I ServiceManager: service 'sip' died
09-06 22:43:34.103   593   593 I ServiceManager: service 'simphonebook' died
09-06 22:43:34.103  1525  3411 I ActivityManager: Process com.android.phone (pid 3405) has died: pers PER 
09-06 22:43:34.104  1525  2228 D ConnectivityService: unregisterNetworkFactory for PhoneSwitcherNetworkRequstListener
09-06 22:43:34.104  1525  2228 D ConnectivityService: unregisterNetworkFactory for TelephonyNetworkFactory[1]
09-06 22:43:34.104  1525  2228 D ConnectivityService: unregisterNetworkFactory for TelephonyNetworkFactory[0]
09-06 22:43:34.104  1525  3411 W ActivityManager: Scheduling restart of crashed service com.android.phone/.TelephonyDebugService in 0ms
09-06 22:43:34.105  1525  3411 W ActivityManager: Re-adding persistent process ProcessRecord{a2ec793 3405:com.android.phone/1001}
09-06 22:43:34.105   654   654 I Zygote  : Process 3405 exited due to signal (9)
09-06 22:43:34.117  1525  1708 I ActivityManager: Start proc 3647:com.android.phone/1001 for restart com.android.phone
09-06 22:43:34.118  3647  3647 I Zygote  : seccomp disabled by setenforce 0
