09-06 22:43:31.990  1525  1713 D BluetoothManagerService: MESSAGE_GET_NAME_AND_ADDRESS
09-06 22:43:31.990  2273  2554 I AdapterState: BLE_TURNING_ON : entered 
09-06 22:43:31.990  2273  2554 D AdapterProperties: Setting state to BLE_TURNING_ON
09-06 22:43:31.990  2273  2554 D BluetoothAdapterService: updateAdapterState() - Broadcasting state BLE_TURNING_ON to 1 receivers.
09-06 22:43:31.990  2273  2554 D BluetoothAdapterService: bleOnProcessStart()
09-06 22:43:31.990  2273  2554 I AdapterProperties: init(), maxConnectedAudioDevices, default=5, propertyOverlayed=5, finalValue=5
09-06 22:43:31.990  1525  1713 D BluetoothManagerService: Stored Bluetooth name: OnePlus 5T
09-06 22:43:31.990  1525  1713 D BluetoothManagerService: MESSAGE_BLUETOOTH_STATE_CHANGE: OFF > BLE_TURNING_ON
09-06 22:43:31.990  1525  1713 D BluetoothManagerService: Sending BLE State Change: OFF > BLE_TURNING_ON
09-06 22:43:31.991  2273  2554 D BluetoothAdapterService: bleOnProcessStart() - Make Bond State Machine
09-06 22:43:31.992  2273  2554 D BluetoothBondStateMachine: make
09-06 22:43:31.994  2273  2576 I BluetoothBondStateMachine: StableState(): Entering Off State
09-06 22:43:32.000   823   908 I OMX-VDEC-1080P: component_init: OMX.qcom.video.decoder.avc : fd=11
09-06 22:43:32.001  2273  2273 I BtGatt.JNI: classInitNative(L875): classInitNative: Success!
09-06 22:43:32.004  2273  2273 D BtGatt.DebugUtils: handleDebugAction() action=null
09-06 22:43:32.004  2273  2273 D BluetoothAdapterService: getAdapterService() - returning com.android.bluetooth.btservice.AdapterService@87687cc
09-06 22:43:32.005   823   908 I OMX-VDEC-1080P: omx_vdec::component_init() success : fd=11
09-06 22:43:32.006   823   908 E OMXNodeInstance: getParameter(0xe94d2084:qcom.decoder.avc, ??(0x7f000044)) ERROR: UnsupportedSetting(0x80001019)
09-06 22:43:32.006   823   908 E OMXNodeInstance: getParameter(0xe94d2084:qcom.decoder.avc, ??(0x7f000044)) ERROR: UnsupportedSetting(0x80001019)
09-06 22:43:32.006  2273  2273 I bt_btif : get_profile_interface: id = gatt
09-06 22:43:32.007   823   908 E OMXNodeInstance: getExtensionIndex(0xe94d2084:qcom.decoder.avc, OMX.google.android.index.configureVideoTunnelMode) ERROR: NotImplemented(0x80001006)
09-06 22:43:32.007   823   908 E OMX-VDEC-1080P: Enable/Disable allocate-native-handle allowed only on input port!
09-06 22:43:32.007   823   908 E OMX-VDEC-1080P: set_parameter: Error: 0x80001019, setting param 0x7f00005d
09-06 22:43:32.007   823   908 E OMXNodeInstance: setParameter(0xe94d2084:qcom.decoder.avc, OMX.google.android.index.allocateNativeHandle(0x7f00005d): Output:1 en=0) ERROR: UnsupportedSetting(0x80001019)
09-06 22:43:32.007   823   908 I OMX-VDEC-1080P: omx_vdec::component_deinit() complete
09-06 22:43:32.008  2273  2273 D BluetoothAdapterService: getAdapterService() - returning com.android.bluetooth.btservice.AdapterService@87687cc
09-06 22:43:32.009   823   908 I OMX-VDEC-1080P: Exit OMX vdec Destructor: fd=11
09-06 22:43:32.009  2312  2562 I vol.Events: writeEvent level_changed STREAM_VOICE_CALL 4
09-06 22:43:32.009   823   908 I OMX-VDEC-1080P: Video slvp perflock released
09-06 22:43:32.010  2312  2562 I vol.Events: writeEvent level_changed STREAM_SYSTEM 5
09-06 22:43:32.011   816   941 I OMXClient: IOmx service obtained
09-06 22:43:32.011   823   908 I OMXMaster: makeComponentInstance(OMX.qcom.video.decoder.avc.secure) in omx@1.0-service process
09-06 22:43:32.011  2312  2562 I vol.Events: writeEvent level_changed STREAM_RING 5
09-06 22:43:32.012  2312  2562 I vol.Events: writeEvent level_changed STREAM_MUSIC 5
09-06 22:43:32.014  2312  2562 I vol.Events: writeEvent level_changed STREAM_ALARM 6
09-06 22:43:32.014  2312  2312 D SystemUIBootTiming: StartServicescom.android.systemui.volume.VolumeUI took to complete: 40ms
09-06 22:43:32.015  2273  2273 D BluetoothAdapterService: getAdapterService() - returning com.android.bluetooth.btservice.AdapterService@87687cc
09-06 22:43:32.015  2273  2273 D BluetoothAdapterService: handleMessage() - Message: 2
09-06 22:43:32.015  2273  2273 D BluetoothAdapterService: handleMessage() - MESSAGE_PROFILE_SERVICE_REGISTERED
09-06 22:43:32.015  2273  2273 D BluetoothAdapterService: handleMessage() - Message: 1
09-06 22:43:32.015  2273  2273 D BluetoothAdapterService: handleMessage() - MESSAGE_PROFILE_SERVICE_STATE_CHANGED
09-06 22:43:32.016   823   908 I OMX-VDEC-1080P: Video slvp perflock acquired
09-06 22:43:32.016  2273  2273 I bt_btif : enable: start restricted = 0
09-06 22:43:32.016  1525  1706 W KeyguardServiceDelegate: onScreenTurningOn(): no keyguard service!
09-06 22:43:32.016  2273  2555 I bt_stack_manager: event_start_up_stack is bringing up the stack
09-06 22:43:32.016  2312  2562 I vol.Events: writeEvent level_changed STREAM_BLUETOOTH_SCO 7
09-06 22:43:32.016   823   908 I OMX-VDEC-1080P: component_init: OMX.qcom.video.decoder.avc : fd=11
09-06 22:43:32.016  2273  2555 I bt_core_module: module_start_up Starting module "btif_config_module"
09-06 22:43:32.016  2273  2555 I bt_core_module: module_start_up Started module "btif_config_module"
09-06 22:43:32.016  2273  2555 I bt_core_module: module_start_up Starting module "btsnoop_module"
09-06 22:43:32.017  2273  2555 I bt_core_module: module_start_up Started module "btsnoop_module"
09-06 22:43:32.017  2273  2555 I bt_core_module: module_start_up Starting module "hci_module"
09-06 22:43:32.017  2273  2555 I bt_hci  : hci_module_start_up
09-06 22:43:32.017  2273  2591 I bt_osi_thread: run_thread: thread id 2591, thread name hci_thread started
09-06 22:43:32.017  2273  2591 I bt_hci  : hci_initialize
09-06 22:43:32.017  2273  2555 D bt_hci  : hci_module_start_up starting async portion
09-06 22:43:32.018  2273  2591 I bt_hci  : hci_initialize: IBluetoothHci::getService() returned 0x7aff4e46e0 (remote)
09-06 22:43:32.019   663   663 I android.hardware.bluetooth@1.0-impl: BluetoothHci::initialize()
09-06 22:43:32.021   663   663 F android.hardware.bluetooth@1.0-impl: Open: No Bluetooth Address!
--------- beginning of crash
09-06 22:43:32.021   663   663 F libc    : Fatal signal 6 (SIGABRT), code -6 (SI_TKILL) in tid 663 (bluetooth@1.0-s), pid 663 (bluetooth@1.0-s)
09-06 22:43:32.022   823   908 I OMX-VDEC-1080P: omx_vdec::component_init() success : fd=11
09-06 22:43:32.023  2312  2562 I vol.Events: writeEvent zen_mode_config_changed [disallowAlarms=false disallowMedia=false disallowSystem=true disallowRinger=false]
09-06 22:43:32.024   823   823 E OMXNodeInstance: getParameter(0xe94d2084:qcom.decoder.avc.secure, ??(0x7f000044)) ERROR: UnsupportedSetting(0x80001019)
09-06 22:43:32.024   823   823 E OMXNodeInstance: getParameter(0xe94d2084:qcom.decoder.avc.secure, ??(0x7f000044)) ERROR: UnsupportedSetting(0x80001019)
09-06 22:43:32.024   823   823 E OMXNodeInstance: getExtensionIndex(0xe94d2084:qcom.decoder.avc.secure, OMX.google.android.index.configureVideoTunnelMode) ERROR: NotImplemented(0x80001006)
09-06 22:43:32.024   823   823 E OMX-VDEC-1080P: Enable/Disable allocate-native-handle allowed only on input port!
09-06 22:43:32.024   823   823 E OMX-VDEC-1080P: set_parameter: Error: 0x80001019, setting param 0x7f00005d
09-06 22:43:32.025   823   823 E OMXNodeInstance: setParameter(0xe94d2084:qcom.decoder.avc.secure, OMX.google.android.index.allocateNativeHandle(0x7f00005d): Output:1 en=0) ERROR: UnsupportedSetting(0x80001019)
09-06 22:43:32.025   823   823 I OMX-VDEC-1080P: omx_vdec::component_deinit() complete
09-06 22:43:32.026   823   823 I OMX-VDEC-1080P: Exit OMX vdec Destructor: fd=11
09-06 22:43:32.026   823   823 I OMX-VDEC-1080P: Video slvp perflock released
09-06 22:43:32.028   816   941 I OMXClient: IOmx service obtained
09-06 22:43:32.028   823   823 I OMXMaster: makeComponentInstance(OMX.google.h264.decoder) in omx@1.0-service process
09-06 22:43:32.031   823   823 E OMXNodeInstance: getExtensionIndex(0xec0ab400:google.h264.decoder, OMX.google.android.index.configureVideoTunnelMode) ERROR: UnsupportedIndex(0x8000101a)
09-06 22:43:32.031   823   823 E OMXNodeInstance: getExtensionIndex(0xec0ab400:google.h264.decoder, OMX.google.android.index.enableAndroidNativeBuffers) ERROR: UnsupportedIndex(0x8000101a)
09-06 22:43:32.032   816   941 I OMXClient: IOmx service obtained
09-06 22:43:32.032   823   908 I OMXMaster: makeComponentInstance(OMX.qcom.video.decoder.h263) in omx@1.0-service process
09-06 22:43:32.033  2312  2312 D SystemUIBootTiming: StartServicescom.android.systemui.stackdivider.Divider took to complete: 19ms
09-06 22:43:32.036   823   908 I OMX-VDEC-1080P: Video slvp perflock acquired
09-06 22:43:32.037   823   908 I OMX-VDEC-1080P: component_init: OMX.qcom.video.decoder.h263 : fd=11
09-06 22:43:32.040   823   908 I OMX-VDEC-1080P: omx_vdec::component_init() success : fd=11
09-06 22:43:32.040  2608  2608 I crash_dump64: obtaining output fd from tombstoned, type: kDebuggerdTombstone
09-06 22:43:32.041   838   838 I /system/bin/tombstoned: received crash request for pid 663
09-06 22:43:32.041  2608  2608 I crash_dump64: performing dump of process 663 (target tid = 663)
09-06 22:43:32.041   823   823 E OMXNodeInstance: getParameter(0xe96a7ec4:qcom.decoder.h263, ??(0x7f000044)) ERROR: UnsupportedSetting(0x80001019)
09-06 22:43:32.042   823   823 E OMXNodeInstance: getParameter(0xe96a7ec4:qcom.decoder.h263, ??(0x7f000044)) ERROR: UnsupportedSetting(0x80001019)
09-06 22:43:32.042   823   823 E OMXNodeInstance: getExtensionIndex(0xe96a7ec4:qcom.decoder.h263, OMX.google.android.index.configureVideoTunnelMode) ERROR: NotImplemented(0x80001006)
09-06 22:43:32.042  2608  2608 F DEBUG   : *** *** *** *** *** *** *** *** *** *** *** *** *** *** *** ***
09-06 22:43:32.042   823   823 E OMX-VDEC-1080P: Enable/Disable allocate-native-handle allowed only on input port!
09-06 22:43:32.042   823   823 E OMX-VDEC-1080P: set_parameter: Error: 0x80001019, setting param 0x7f00005d
09-06 22:43:32.042   823   823 E OMXNodeInstance: setParameter(0xe96a7ec4:qcom.decoder.h263, OMX.google.android.index.allocateNativeHandle(0x7f00005d): Output:1 en=0) ERROR: UnsupportedSetting(0x80001019)
09-06 22:43:32.042  2608  2608 F DEBUG   : Build fingerprint: 'OnePlus/OnePlus5T/OnePlus5T:8.1.0/OPM1.171019.011/04110359:user/release-keys'
09-06 22:43:32.042  2608  2608 F DEBUG   : Revision: '0'
09-06 22:43:32.042  2608  2608 F DEBUG   : ABI: 'arm64'
09-06 22:43:32.042  2608  2608 F DEBUG   : pid: 663, tid: 663, name: bluetooth@1.0-s  >>> /vendor/bin/hw/android.hardware.bluetooth@1.0-service <<<
09-06 22:43:32.042  2608  2608 F DEBUG   : signal 6 (SIGABRT), code -6 (SI_TKILL), fault addr --------
09-06 22:43:32.042  2608  2608 F DEBUG   : Abort message: 'Open: No Bluetooth Address!'
09-06 22:43:32.043   823   823 I OMX-VDEC-1080P: omx_vdec::component_deinit() complete
09-06 22:43:32.043  2608  2608 F DEBUG   :     x0  0000000000000000  x1  0000000000000297  x2  0000000000000006  x3  0000000000000008
09-06 22:43:32.043  2608  2608 F DEBUG   :     x4  0a75092100000000  x5  0a75092100000000  x6  0a75092100000000  x7  000000802109f5ff
09-06 22:43:32.043  2608  2608 F DEBUG   :     x8  0000000000000083  x9  6c6664d89c6ef51b  x10 fffffff87fffffdf  x11 fffffffc7fffffdf
09-06 22:43:32.043  2608  2608 F DEBUG   :     x12 0000000000000018  x13 ffffffffffffffff  x14 ff00000000000000  x15 ffffffffffffffff
09-06 22:43:32.043  2608  2608 F DEBUG   :     x16 00000072282f12c0  x17 000000722822f3e0  x18 0000007fc2498c20  x19 0000000000000297
09-06 22:43:32.043  2608  2608 F DEBUG   :     x20 0000000000000297  x21 0000000000000083  x22 0000007fc2499a80  x23 0000007227a670e0
09-06 22:43:32.043  2608  2608 F DEBUG   :     x24 0000007fc24999b0  x25 0000007fc24998e0  x26 000000722868e5e0  x27 0000007fc249a190
09-06 22:43:32.043  2608  2608 F DEBUG   :     x28 0000000000000000  x29 0000007fc2499340
09-06 22:43:32.043  2608  2608 F DEBUG   :     sp  0000007fc2499300  lr  0000007228223d04  pc  0000007228223d24
09-06 22:43:32.044   823   823 I OMX-VDEC-1080P: Exit OMX vdec Destructor: fd=11
09-06 22:43:32.044   823   823 I OMX-VDEC-1080P: Video slvp perflock released
09-06 22:43:32.044  1525  1702 I chatty  : uid=1000(system) Binder:1525_1 expire 7 lines
09-06 22:43:32.045   816   941 I OMXClient: IOmx service obtained
09-06 22:43:32.045   823   823 I OMXMaster: makeComponentInstance(OMX.google.h263.decoder) in omx@1.0-service process
09-06 22:43:32.047  1525  2287 D ConnectivityService: requestNetwork for uid/pid:10031/2312 NetworkRequest [ TRACK_DEFAULT id=12, [ Capabilities: INTERNET&NOT_RESTRICTED&TRUSTED Unwanted:  Uid: 10031] ]
09-06 22:43:32.047  2608  2608 F DEBUG   : 
09-06 22:43:32.047  2608  2608 F DEBUG   : backtrace:
09-06 22:43:32.047  2608  2608 F DEBUG   :     #00 pc 0000000000021d24  /system/lib64/libc.so (abort+112)
09-06 22:43:32.047  2608  2608 F DEBUG   :     #01 pc 00000000000080dc  /system/lib64/liblog.so (__android_log_assert+312)
09-06 22:43:32.048  2608  2608 F DEBUG   :     #02 pc 0000000000007ff4  /system/vendor/lib64/hw/android.hardware.bluetooth@1.0-impl.so (_ZN7android8hardware9bluetooth4V1_014implementation15VendorInterface4OpenENSt3__18functionIFvbEEENS6_IFvRKNS0_8hidl_vecIhEEEEESE_SE_+1732)
09-06 22:43:32.048  2608  2608 F DEBUG   :     #03 pc 0000000000007844  /system/vendor/lib64/hw/android.hardware.bluetooth@1.0-impl.so (_ZN7android8hardware9bluetooth4V1_014implementation15VendorInterface10InitializeENSt3__18functionIFvbEEENS6_IFvRKNS0_8hidl_vecIhEEEEESE_SE_+540)
09-06 22:43:32.048  2608  2608 F DEBUG   :     #04 pc 0000000000005f20  /system/vendor/lib64/hw/android.hardware.bluetooth@1.0-impl.so (android::hardware::bluetooth::V1_0::implementation::BluetoothHci::initialize(android::sp<android::hardware::bluetooth::V1_0::IBluetoothHciCallbacks> const&)+684)
09-06 22:43:32.048  2608  2608 F DEBUG   :     #05 pc 0000000000013fe4  /system/lib64/android.hardware.bluetooth@1.0.so (android::hardware::bluetooth::V1_0::BnHwBluetoothHci::_hidl_initialize(android::hidl::base::V1_0::BnHwBase*, android::hardware::Parcel const&, android::hardware::Parcel*, std::__1::function<void (android::hardware::Parcel&)>)+336)
09-06 22:43:32.048  2608  2608 F DEBUG   :     #06 pc 00000000000152b4  /system/lib64/android.hardware.bluetooth@1.0.so (android::hardware::bluetooth::V1_0::BnHwBluetoothHci::onTransact(unsigned int, android::hardware::Parcel const&, android::hardware::Parcel*, unsigned int, std::__1::function<void (android::hardware::Parcel&)>)+780)
09-06 22:43:32.048  2608  2608 F DEBUG   :     #07 pc 000000000001d598  /system/lib64/libhwbinder.so (android::hardware::IPCThreadState::executeCommand(int)+648)
09-06 22:43:32.048  2608  2608 F DEBUG   :     #08 pc 0000000000014454  /system/lib64/libhwbinder.so (android::hardware::IPCThreadState::getAndExecuteCommand()+196)
09-06 22:43:32.048  2608  2608 F DEBUG   :     #09 pc 00000000000146d4  /system/lib64/libhwbinder.so (android::hardware::IPCThreadState::joinThreadPool(bool)+272)
09-06 22:43:32.048  2608  2608 F DEBUG   :     #10 pc 0000000000000b34  /system/vendor/bin/hw/android.hardware.bluetooth@1.0-service
09-06 22:43:32.048  2608  2608 F DEBUG   :     #11 pc 00000000000b05e4  /system/lib64/libc.so (__libc_init+88)
09-06 22:43:32.049   823   823 E OMXNodeInstance: getExtensionIndex(0xec0a9a80:google.h263.decoder, OMX.google.android.index.configureVideoTunnelMode) ERROR: UnsupportedIndex(0x8000101a)
09-06 22:43:32.049   823   823 E OMXNodeInstance: getExtensionIndex(0xec0a9a80:google.h263.decoder, OMX.google.android.index.enableAndroidNativeBuffers) ERROR: UnsupportedIndex(0x8000101a)
09-06 22:43:32.050   816   941 I OMXClient: IOmx service obtained
09-06 22:43:32.050   823   823 I OMXMaster: makeComponentInstance(OMX.qcom.video.decoder.hevc) in omx@1.0-service process
09-06 22:43:32.054   823   823 I OMX-VDEC-1080P: Video slvp perflock acquired
09-06 22:43:32.054   823   823 I OMX-VDEC-1080P: component_init: OMX.qcom.video.decoder.hevc : fd=11
09-06 22:43:32.055  1525  2287 I chatty  : uid=1000(system) Binder:1525_3 expire 3 lines
09-06 22:43:32.059   823   823 I OMX-VDEC-1080P: omx_vdec::component_init() success : fd=11
09-06 22:43:32.060   823   823 E OMXNodeInstance: getParameter(0xe96a7ec4:qcom.decoder.hevc, ??(0x7f000044)) ERROR: UnsupportedSetting(0x80001019)
09-06 22:43:32.061   823   823 E OMXNodeInstance: getParameter(0xe96a7ec4:qcom.decoder.hevc, ??(0x7f000044)) ERROR: UnsupportedSetting(0x80001019)
09-06 22:43:32.061   823   823 E OMXNodeInstance: getExtensionIndex(0xe96a7ec4:qcom.decoder.hevc, OMX.google.android.index.configureVideoTunnelMode) ERROR: NotImplemented(0x80001006)
09-06 22:43:32.061   823   823 E OMX-VDEC-1080P: Enable/Disable allocate-native-handle allowed only on input port!
09-06 22:43:32.061   823   823 E OMX-VDEC-1080P: set_parameter: Error: 0x80001019, setting param 0x7f00005d
09-06 22:43:32.061   823   823 E OMXNodeInstance: setParameter(0xe96a7ec4:qcom.decoder.hevc, OMX.google.android.index.allocateNativeHandle(0x7f00005d): Output:1 en=0) ERROR: UnsupportedSetting(0x80001019)
09-06 22:43:32.062   825  1132 D QMI_FW  : chen-screen on: is_screen_off = 0 
09-06 22:43:32.062   823   823 I OMX-VDEC-1080P: omx_vdec::component_deinit() complete
09-06 22:43:32.062   884  1136 D QMI_FW  : chen-screen on: is_screen_off = 0 
09-06 22:43:32.063   823   823 I OMX-VDEC-1080P: Exit OMX vdec Destructor: fd=11
09-06 22:43:32.063   823   823 I OMX-VDEC-1080P: Video slvp perflock released
09-06 22:43:32.065   816   941 I OMXClient: IOmx service obtained
09-06 22:43:32.065   823   908 I OMXMaster: makeComponentInstance(OMX.qcom.video.decoder.hevc.secure) in omx@1.0-service process
09-06 22:43:32.068  1525  2293 W NativeCrashListener: Couldn't find ProcessRecord for pid 663
09-06 22:43:32.068   823   908 I OMX-VDEC-1080P: Video slvp perflock acquired
09-06 22:43:32.068   823   908 I OMX-VDEC-1080P: component_init: OMX.qcom.video.decoder.hevc : fd=11
09-06 22:43:32.069   838   838 E /system/bin/tombstoned: Tombstone written to: /data/tombstones/tombstone_10
09-06 22:43:32.071  2273  2591 F HidlStatus: Status.cpp:149] Failed HIDL return status not checked: Status(EX_TRANSACTION_FAILED): 'DEAD_OBJECT: '
09-06 22:43:32.075   823   908 I OMX-VDEC-1080P: omx_vdec::component_init() success : fd=11
09-06 22:43:32.075  1525  2287 W WallpaperManagerService: Cannot extract colors because wallpaper could not be read.
09-06 22:43:32.075  1525  2287 W WallpaperManagerService: Cannot get theme colors because WallpaperColors is null. Assuming Color.WHITE
09-06 22:43:32.075  1525  1703 W WallpaperManagerService: Cannot extract colors because wallpaper could not be read.
09-06 22:43:32.075  1525  1703 W WallpaperManagerService: Cannot get theme colors because WallpaperColors is null. Assuming Color.WHITE
09-06 22:43:32.075  2312  2312 D Tonal   : Tonal Palette - index: 11. Main color: ffffffff
09-06 22:43:32.075  2312  2312 D Tonal   : Colors: ff212121, ff292929, ff333333, ff404040, ff595959, ff737373, ff8c8c8c, ffababab, ffc4c4c4, ffdedede, fff7f7f7, ffffffff
09-06 22:43:32.075  2312  2312 D Tonal   : Tonal Palette - index: 11. Main color: ffffffff
09-06 22:43:32.075  2312  2312 D Tonal   : Colors: ff212121, ff292929, ff333333, ff404040, ff595959, ff737373, ff8c8c8c, ffababab, ffc4c4c4, ffdedede, fff7f7f7, ffffffff
09-06 22:43:32.076   823   823 E OMXNodeInstance: getParameter(0xe96c7a04:qcom.decoder.hevc.secure, ??(0x7f000044)) ERROR: UnsupportedSetting(0x80001019)
09-06 22:43:32.076   823   908 E OMXNodeInstance: getParameter(0xe96c7a04:qcom.decoder.hevc.secure, ??(0x7f000044)) ERROR: UnsupportedSetting(0x80001019)
09-06 22:43:32.076   823   823 E OMXNodeInstance: getExtensionIndex(0xe96c7a04:qcom.decoder.hevc.secure, OMX.google.android.index.configureVideoTunnelMode) ERROR: NotImplemented(0x80001006)
09-06 22:43:32.077   823   823 E OMX-VDEC-1080P: Enable/Disable allocate-native-handle allowed only on input port!
09-06 22:43:32.077   823   823 E OMX-VDEC-1080P: set_parameter: Error: 0x80001019, setting param 0x7f00005d
09-06 22:43:32.077   823   823 E OMXNodeInstance: setParameter(0xe96c7a04:qcom.decoder.hevc.secure, OMX.google.android.index.allocateNativeHandle(0x7f00005d): Output:1 en=0) ERROR: UnsupportedSetting(0x80001019)
09-06 22:43:32.077   823   823 I OMX-VDEC-1080P: omx_vdec::component_deinit() complete
09-06 22:43:32.078   823   823 I OMX-VDEC-1080P: Exit OMX vdec Destructor: fd=11
09-06 22:43:32.078   823   823 I OMX-VDEC-1080P: Video slvp perflock released
09-06 22:43:32.079   816   941 I OMXClient: IOmx service obtained
09-06 22:43:32.080   823   908 I OMXMaster: makeComponentInstance(OMX.google.hevc.decoder) in omx@1.0-service process
09-06 22:43:32.082   823   823 E OMXNodeInstance: getExtensionIndex(0xec0a9c00:google.hevc.decoder, OMX.google.android.index.configureVideoTunnelMode) ERROR: UnsupportedIndex(0x8000101a)
09-06 22:43:32.083   823   908 E OMXNodeInstance: getExtensionIndex(0xec0a9c00:google.hevc.decoder, OMX.google.android.index.enableAndroidNativeBuffers) ERROR: UnsupportedIndex(0x8000101a)
09-06 22:43:32.083  2312  2312 D StatusBar: disable<e i a s b h r c s > disable2<q i n >
09-06 22:43:32.084  1525  1703 I StatusBarManagerService: registerStatusBar bar=com.android.internal.statusbar.IStatusBar$Stub$Proxy@5a1f090
09-06 22:43:32.098   816   941 I OMXClient: IOmx service obtained
09-06 22:43:32.099   823   823 I OMXMaster: makeComponentInstance(OMX.qcom.video.decoder.mpeg2) in omx@1.0-service process
09-06 22:43:32.099  2633  2633 D vndksupport: Loading /vendor/lib64/hw/android.hardware.bluetooth@1.0-impl.so from current namespace instead of sphal namespace.
09-06 22:43:32.100  2633  2633 I ServiceManagement: Removing namespace from process name android.hardware.bluetooth@1.0-service to bluetooth@1.0-service.
09-06 22:43:32.100  2633  2633 I android.hardware.bluetooth@1.0-service: Registration complete for android.hardware.bluetooth@1.0::IBluetoothHci/default.
09-06 22:43:32.102   823   823 I OMX-VDEC-1080P: Video slvp perflock acquired
09-06 22:43:32.102   823   823 I OMX-VDEC-1080P: component_init: OMX.qcom.video.decoder.mpeg2 : fd=11
09-06 22:43:32.105   823   823 I OMX-VDEC-1080P: omx_vdec::component_init() success : fd=11
09-06 22:43:32.106   823   908 E OMXNodeInstance: getParameter(0xe96c7a04:qcom.decoder.mpeg2, ??(0x7f000044)) ERROR: UnsupportedSetting(0x80001019)
09-06 22:43:32.107   823   908 E OMXNodeInstance: getParameter(0xe96c7a04:qcom.decoder.mpeg2, ??(0x7f000044)) ERROR: UnsupportedSetting(0x80001019)
09-06 22:43:32.107   823   908 E OMXNodeInstance: getExtensionIndex(0xe96c7a04:qcom.decoder.mpeg2, OMX.google.android.index.configureVideoTunnelMode) ERROR: NotImplemented(0x80001006)
09-06 22:43:32.107   823   908 E OMX-VDEC-1080P: Enable/Disable allocate-native-handle allowed only on input port!
09-06 22:43:32.107   823   908 E OMX-VDEC-1080P: set_parameter: Error: 0x80001019, setting param 0x7f00005d
09-06 22:43:32.107   823   908 E OMXNodeInstance: setParameter(0xe96c7a04:qcom.decoder.mpeg2, OMX.google.android.index.allocateNativeHandle(0x7f00005d): Output:1 en=0) ERROR: UnsupportedSetting(0x80001019)
09-06 22:43:32.107   823   908 I OMX-VDEC-1080P: omx_vdec::component_deinit() complete
09-06 22:43:32.108   823   908 I OMX-VDEC-1080P: Exit OMX vdec Destructor: fd=11
09-06 22:43:32.108   823   908 I OMX-VDEC-1080P: Video slvp perflock released
09-06 22:43:32.110   816   941 I OMXClient: IOmx service obtained
09-06 22:43:32.110   823   823 I OMXMaster: makeComponentInstance(OMX.qcom.video.decoder.mpeg2.secure) in omx@1.0-service process
09-06 22:43:32.113   823   823 I OMX-VDEC-1080P: Video slvp perflock acquired
09-06 22:43:32.114   823   823 I OMX-VDEC-1080P: component_init: OMX.qcom.video.decoder.mpeg2 : fd=11
09-06 22:43:32.116   823   823 I OMX-VDEC-1080P: omx_vdec::component_init() success : fd=11
09-06 22:43:32.117   823   908 E OMXNodeInstance: getParameter(0xe96a7ec4:qcom.decoder.mpeg2.secure, ??(0x7f000044)) ERROR: UnsupportedSetting(0x80001019)
09-06 22:43:32.118   823   908 E OMXNodeInstance: getParameter(0xe96a7ec4:qcom.decoder.mpeg2.secure, ??(0x7f000044)) ERROR: UnsupportedSetting(0x80001019)
09-06 22:43:32.118   823   908 E OMXNodeInstance: getExtensionIndex(0xe96a7ec4:qcom.decoder.mpeg2.secure, OMX.google.android.index.configureVideoTunnelMode) ERROR: NotImplemented(0x80001006)
09-06 22:43:32.118   823   908 E OMX-VDEC-1080P: Enable/Disable allocate-native-handle allowed only on input port!
09-06 22:43:32.118   823   908 E OMX-VDEC-1080P: set_parameter: Error: 0x80001019, setting param 0x7f00005d
09-06 22:43:32.118   823   908 E OMXNodeInstance: setParameter(0xe96a7ec4:qcom.decoder.mpeg2.secure, OMX.google.android.index.allocateNativeHandle(0x7f00005d): Output:1 en=0) ERROR: UnsupportedSetting(0x80001019)
09-06 22:43:32.118   823   908 I OMX-VDEC-1080P: omx_vdec::component_deinit() complete
09-06 22:43:32.119   823   908 I OMX-VDEC-1080P: Exit OMX vdec Destructor: fd=11
09-06 22:43:32.119   823   908 I OMX-VDEC-1080P: Video slvp perflock released
09-06 22:43:32.120   816   941 I OMXClient: IOmx service obtained
09-06 22:43:32.120   823   908 I OMXMaster: makeComponentInstance(OMX.qcom.video.decoder.mpeg4) in omx@1.0-service process
09-06 22:43:32.124   823   908 I OMX-VDEC-1080P: Video slvp perflock acquired
09-06 22:43:32.124   823   908 I OMX-VDEC-1080P: component_init: OMX.qcom.video.decoder.mpeg4 : fd=11
09-06 22:43:32.126   823   908 I OMX-VDEC-1080P: omx_vdec::component_init() success : fd=11
09-06 22:43:32.127   823   823 E OMXNodeInstance: getParameter(0xe96a7ec4:qcom.decoder.mpeg4, ??(0x7f000044)) ERROR: UnsupportedSetting(0x80001019)
09-06 22:43:32.128   823   823 E OMXNodeInstance: getParameter(0xe96a7ec4:qcom.decoder.mpeg4, ??(0x7f000044)) ERROR: UnsupportedSetting(0x80001019)
09-06 22:43:32.128   823   823 E OMXNodeInstance: getExtensionIndex(0xe96a7ec4:qcom.decoder.mpeg4, OMX.google.android.index.configureVideoTunnelMode) ERROR: NotImplemented(0x80001006)
09-06 22:43:32.128   823   823 E OMX-VDEC-1080P: Enable/Disable allocate-native-handle allowed only on input port!
09-06 22:43:32.128   823   823 E OMX-VDEC-1080P: set_parameter: Error: 0x80001019, setting param 0x7f00005d
09-06 22:43:32.128   823   823 E OMXNodeInstance: setParameter(0xe96a7ec4:qcom.decoder.mpeg4, OMX.google.android.index.allocateNativeHandle(0x7f00005d): Output:1 en=0) ERROR: UnsupportedSetting(0x80001019)
09-06 22:43:32.128   823   823 I OMX-VDEC-1080P: omx_vdec::component_deinit() complete
09-06 22:43:32.129   823   823 I OMX-VDEC-1080P: Exit OMX vdec Destructor: fd=11
09-06 22:43:32.129   823   823 I OMX-VDEC-1080P: Video slvp perflock released
09-06 22:43:32.131   816   941 I OMXClient: IOmx service obtained
09-06 22:43:32.131   823   823 I OMXMaster: makeComponentInstance(OMX.google.mpeg4.decoder) in omx@1.0-service process
09-06 22:43:32.131  2312  2312 I CameraManagerGlobal: Connecting to camera service
09-06 22:43:32.132   823   823 E OMXNodeInstance: getExtensionIndex(0xec0a9ae0:google.mpeg4.decoder, OMX.google.android.index.configureVideoTunnelMode) ERROR: UnsupportedIndex(0x8000101a)
09-06 22:43:32.132   823   823 E OMXNodeInstance: getExtensionIndex(0xec0a9ae0:google.mpeg4.decoder, OMX.google.android.index.enableAndroidNativeBuffers) ERROR: UnsupportedIndex(0x8000101a)
09-06 22:43:32.132  1525  2228 D ConnectivityService: Got NetworkFactory Messenger for PhoneSwitcherNetworkRequstListener
09-06 22:43:32.133   816   941 I OMXClient: IOmx service obtained
09-06 22:43:32.133   823   908 I OMXMaster: makeComponentInstance(OMX.qcom.video.decoder.vp8) in omx@1.0-service process
09-06 22:43:32.136  1525  2228 D ConnectivityService: Got NetworkFactory Messenger for TelephonyNetworkFactory[0]
09-06 22:43:32.137  1525  2228 D ConnectivityService: Got NetworkFactory Messenger for TelephonyNetworkFactory[1]
09-06 22:43:32.137   823   908 I OMX-VDEC-1080P: Video slvp perflock acquired
09-06 22:43:32.137   823   908 I OMX-VDEC-1080P: component_init: OMX.qcom.video.decoder.vp8 : fd=11
09-06 22:43:32.140   823   908 I OMX-VDEC-1080P: omx_vdec::component_init() success : fd=11
09-06 22:43:32.140  2474  2661 E ActivityThread: Failed to find provider info for com.android.contacts
09-06 22:43:32.140  2474  2661 I chatty  : uid=1001(radio) com.android.phone expire 1 line
09-06 22:43:32.140   823   908 E OMXNodeInstance: getParameter(0xe96c7a04:qcom.decoder.vp8, ??(0x7f000044)) ERROR: UnsupportedSetting(0x80001019)
09-06 22:43:32.141   823   908 E OMXNodeInstance: getParameter(0xe96c7a04:qcom.decoder.vp8, ??(0x7f000044)) ERROR: UnsupportedSetting(0x80001019)
09-06 22:43:32.141   823   908 E OMXNodeInstance: getExtensionIndex(0xe96c7a04:qcom.decoder.vp8, OMX.google.android.index.configureVideoTunnelMode) ERROR: NotImplemented(0x80001006)
09-06 22:43:32.141   823   908 E OMX-VDEC-1080P: Enable/Disable allocate-native-handle allowed only on input port!
09-06 22:43:32.141   823   908 E OMX-VDEC-1080P: set_parameter: Error: 0x80001019, setting param 0x7f00005d
09-06 22:43:32.141   823   908 E OMXNodeInstance: setParameter(0xe96c7a04:qcom.decoder.vp8, OMX.google.android.index.allocateNativeHandle(0x7f00005d): Output:1 en=0) ERROR: UnsupportedSetting(0x80001019)
09-06 22:43:32.141   823   908 I OMX-VDEC-1080P: omx_vdec::component_deinit() complete
09-06 22:43:32.142   823   908 I OMX-VDEC-1080P: Exit OMX vdec Destructor: fd=11
09-06 22:43:32.142   823   908 I OMX-VDEC-1080P: Video slvp perflock released
09-06 22:43:32.143   816   941 I OMXClient: IOmx service obtained
09-06 22:43:32.144   823   823 I OMXMaster: makeComponentInstance(OMX.google.vp8.decoder) in omx@1.0-service process
09-06 22:43:32.146   823   823 E OMXNodeInstance: getExtensionIndex(0xec0a9ae0:google.vp8.decoder, OMX.google.android.index.configureVideoTunnelMode) ERROR: UnsupportedIndex(0x8000101a)
09-06 22:43:32.146   823   823 E OMXNodeInstance: getExtensionIndex(0xec0a9ae0:google.vp8.decoder, OMX.google.android.index.enableAndroidNativeBuffers) ERROR: UnsupportedIndex(0x8000101a)
09-06 22:43:32.147   816   941 I OMXClient: IOmx service obtained
09-06 22:43:32.147   823   823 I OMXMaster: makeComponentInstance(OMX.qcom.video.decoder.vp9) in omx@1.0-service process
09-06 22:43:32.150   823   823 I OMX-VDEC-1080P: Video slvp perflock acquired
09-06 22:43:32.150   823   823 I OMX-VDEC-1080P: component_init: OMX.qcom.video.decoder.vp9 : fd=11
09-06 22:43:32.153   823   823 I OMX-VDEC-1080P: omx_vdec::component_init() success : fd=11
09-06 22:43:32.153   823   823 E OMXNodeInstance: getParameter(0xe96a7ec4:qcom.decoder.vp9, ??(0x7f000044)) ERROR: UnsupportedSetting(0x80001019)
09-06 22:43:32.153   823   823 E OMXNodeInstance: getParameter(0xe96a7ec4:qcom.decoder.vp9, ??(0x7f000044)) ERROR: UnsupportedSetting(0x80001019)
09-06 22:43:32.154   823   823 E OMXNodeInstance: getExtensionIndex(0xe96a7ec4:qcom.decoder.vp9, OMX.google.android.index.configureVideoTunnelMode) ERROR: NotImplemented(0x80001006)
09-06 22:43:32.154   823   823 E OMX-VDEC-1080P: Enable/Disable allocate-native-handle allowed only on input port!
09-06 22:43:32.154   823   823 E OMX-VDEC-1080P: set_parameter: Error: 0x80001019, setting param 0x7f00005d
09-06 22:43:32.154   823   823 E OMXNodeInstance: setParameter(0xe96a7ec4:qcom.decoder.vp9, OMX.google.android.index.allocateNativeHandle(0x7f00005d): Output:1 en=0) ERROR: UnsupportedSetting(0x80001019)
09-06 22:43:32.154   823   823 I OMX-VDEC-1080P: omx_vdec::component_deinit() complete
09-06 22:43:32.155   823   823 I OMX-VDEC-1080P: Exit OMX vdec Destructor: fd=11
09-06 22:43:32.155   823   823 I OMX-VDEC-1080P: Video slvp perflock released
09-06 22:43:32.156   816   941 I OMXClient: IOmx service obtained
09-06 22:43:32.156   823   823 I OMXMaster: makeComponentInstance(OMX.qcom.video.decoder.vp9.secure) in omx@1.0-service process
09-06 22:43:32.159   720   913 D PermissionCache: checking android.permission.MODIFY_AUDIO_SETTINGS for uid=1001 => granted (137 us)
09-06 22:43:32.159   662  2251 D audio_hw_primary: adev_set_parameters: enter: HACSetting=OFF
09-06 22:43:32.159   662  2251 D audio_hw_extn: audio_extn_set_anc_parameters: anc_enabled:0
09-06 22:43:32.159   662  2251 D audio_hw_spkr_prot: audio_extn_fbsp_set_parameters: Speaker protection disabled
09-06 22:43:32.160   823   823 I OMX-VDEC-1080P: Video slvp perflock acquired
09-06 22:43:32.160   823   823 I OMX-VDEC-1080P: component_init: OMX.qcom.video.decoder.vp9 : fd=11
09-06 22:43:32.162  2474  2474 I TelecomFramework: TtyManager: updateUiTtyMode -1 -> 0
09-06 22:43:32.162  2312  2312 D NotificationEntryMgr: heads up is enabled
09-06 22:43:32.162   823   823 I OMX-VDEC-1080P: omx_vdec::component_init() success : fd=11
09-06 22:43:32.163  2474  2474 I TelecomFramework: TtyManager: updateUiTtyMode -1 -> 0
09-06 22:43:32.164   823   908 E OMXNodeInstance: getParameter(0xe96a7ec4:qcom.decoder.vp9.secure, ??(0x7f000044)) ERROR: UnsupportedSetting(0x80001019)
09-06 22:43:32.164   823   908 E OMXNodeInstance: getParameter(0xe96a7ec4:qcom.decoder.vp9.secure, ??(0x7f000044)) ERROR: UnsupportedSetting(0x80001019)
09-06 22:43:32.164   823   908 E OMXNodeInstance: getExtensionIndex(0xe96a7ec4:qcom.decoder.vp9.secure, OMX.google.android.index.configureVideoTunnelMode) ERROR: NotImplemented(0x80001006)
09-06 22:43:32.165   823   908 E OMX-VDEC-1080P: Enable/Disable allocate-native-handle allowed only on input port!
09-06 22:43:32.165   823   908 E OMX-VDEC-1080P: set_parameter: Error: 0x80001019, setting param 0x7f00005d
09-06 22:43:32.165   823   908 E OMXNodeInstance: setParameter(0xe96a7ec4:qcom.decoder.vp9.secure, OMX.google.android.index.allocateNativeHandle(0x7f00005d): Output:1 en=0) ERROR: UnsupportedSetting(0x80001019)
09-06 22:43:32.165   823   908 I OMX-VDEC-1080P: omx_vdec::component_deinit() complete
09-06 22:43:32.166   823   908 I OMX-VDEC-1080P: Exit OMX vdec Destructor: fd=11
09-06 22:43:32.166   823   908 I OMX-VDEC-1080P: Video slvp perflock released
09-06 22:43:32.167   816   941 I OMXClient: IOmx service obtained
09-06 22:43:32.167   823   908 I OMXMaster: makeComponentInstance(OMX.google.vp9.decoder) in omx@1.0-service process
09-06 22:43:32.168   823   908 E OMXNodeInstance: getExtensionIndex(0xec0a9ae0:google.vp9.decoder, OMX.google.android.index.configureVideoTunnelMode) ERROR: UnsupportedIndex(0x8000101a)
09-06 22:43:32.168   823   908 E OMXNodeInstance: getExtensionIndex(0xec0a9ae0:google.vp9.decoder, OMX.google.android.index.enableAndroidNativeBuffers) ERROR: UnsupportedIndex(0x8000101a)
09-06 22:43:32.169   591   591 W hwservicemanager: getTransport: Cannot find entry android.hardware.radio.config@1.0::IRadioConfig/default in either framework or device manifest.
09-06 22:43:32.170   816   941 I OMXClient: IOmx service obtained
09-06 22:43:32.170   823   908 I OMXMaster: makeComponentInstance(OMX.qcom.video.encoder.avc) in omx@1.0-service process
09-06 22:43:32.174   823   908 I OMX-VENC: Video encode perflock acquired,handle=-1
09-06 22:43:32.178   823   908 I OMX-VENC: Component_init : OMX.qcom.video.encoder.avc : return = 0x0
09-06 22:43:32.179   816   941 W OMXUtils: do not know color format 0x7fa30c06 = 2141391878
09-06 22:43:32.179   816   941 W OMXUtils: do not know color format 0x7fa30c04 = 2141391876
09-06 22:43:32.179   816   941 W OMXUtils: do not know color format 0x7fa30c08 = 2141391880
09-06 22:43:32.179   816   941 W OMXUtils: do not know color format 0x7fa30c07 = 2141391879
09-06 22:43:32.180   816   941 W OMXUtils: do not know color format 0x7f000789 = 2130708361
09-06 22:43:32.181   823   908 I OMX-VENC: Component Deinit
09-06 22:43:32.181   823   908 I OMX-VENC: Video encode perflock released
09-06 22:43:32.183  2416  2542 I QCNEJ/CndHalConnector: -> SND notifyRatConnectionStatusChanged(rat = 0, DISCONNECTED)
09-06 22:43:32.183   816   941 I OMXClient: IOmx service obtained
09-06 22:43:32.183   823   908 I OMXMaster: makeComponentInstance(OMX.google.h264.encoder) in omx@1.0-service process
09-06 22:43:32.185   825  1132 D QMI_FW  : chen-screen on: is_screen_off = 0 
09-06 22:43:32.186   816   941 W OMXUtils: do not know color format 0x7f000789 = 2130708361
09-06 22:43:32.187   816   941 I OMXClient: IOmx service obtained
09-06 22:43:32.187   823   823 I OMXMaster: makeComponentInstance(OMX.qcom.video.encoder.h263) in omx@1.0-service process
09-06 22:43:32.190   823   823 I OMX-VENC: Video encode perflock acquired,handle=-1
09-06 22:43:32.192   884  1136 D QMI_FW  : chen-screen on: is_screen_off = 0 
09-06 22:43:32.194  2312  2312 D BluetoothHidDevice: Bound to HID Device Service
09-06 22:43:32.194  2312  2312 D LocalBluetoothProfileManager: Adding local MAP profile
09-06 22:43:32.194  2312  2312 D BluetoothMap: Create BluetoothMap proxy object
09-06 22:43:32.194   823   823 I OMX-VENC: Component_init : OMX.qcom.video.encoder.h263 : return = 0x0
09-06 22:43:32.195  2416  2542 I QCNEJ/CndHalConnector: -> SND notifyRatConnectionStatusChanged(rat = 0, DISCONNECTED)
09-06 22:43:32.195   816   941 W OMXUtils: do not know color format 0x7fa30c06 = 2141391878
09-06 22:43:32.195  2312  2312 D LocalBluetoothProfileManager: Adding local PBAP profile
09-06 22:43:32.195   816   941 W OMXUtils: do not know color format 0x7fa30c04 = 2141391876
09-06 22:43:32.196   816   941 W OMXUtils: do not know color format 0x7fa30c08 = 2141391880
09-06 22:43:32.196   816   941 W OMXUtils: do not know color format 0x7fa30c07 = 2141391879
09-06 22:43:32.196   816   941 W OMXUtils: do not know color format 0x7f000789 = 2130708361
09-06 22:43:32.197  2312  2312 D LocalBluetoothProfileManager: LocalBluetoothProfileManager construction complete
09-06 22:43:32.197   823   908 I OMX-VENC: Component Deinit
09-06 22:43:32.197   823   908 I OMX-VENC: Video encode perflock released
09-06 22:43:32.199   816   941 I OMXClient: IOmx service obtained
09-06 22:43:32.199   823   823 I OMXMaster: makeComponentInstance(OMX.google.h263.encoder) in omx@1.0-service process
09-06 22:43:32.200   823   823 I SoftMPEG4Encoder: Construct SoftMPEG4Encoder
09-06 22:43:32.200  2312  2563 I CameraManagerGlobal: Connecting to camera service
09-06 22:43:32.202   816   941 W OMXUtils: do not know color format 0x7f000789 = 2130708361
09-06 22:43:32.202   823   823 E OMXNodeInstance: getConfig(0xec0a9a20:google.h263.encoder, ConfigAndroidIntraRefresh(0x6f60000a)) ERROR: Undefined(0x80001001)
09-06 22:43:32.203   816   941 I OMXClient: IOmx service obtained
09-06 22:43:32.203   823   823 I OMXMaster: makeComponentInstance(OMX.qcom.video.encoder.hevc) in omx@1.0-service process
09-06 22:43:32.205  2416  2542 I QCNEJ/CndHalConnector: -> SND notifyRatConnectionStatusChanged(rat = 0, DISCONNECTED)
09-06 22:43:32.205  2312  2312 V WifiManager: registerSoftApCallback: callback=com.android.systemui.statusbar.policy.HotspotControllerImpl@5d236fe, handler=Handler (android.os.Handler) {db6fe5f}
09-06 22:43:32.206   823   823 I OMX-VENC: Video encode perflock acquired,handle=-1
09-06 22:43:32.206  2312  2603 V WifiManager: SoftApCallbackProxy: onStateChanged: state=11, failureReason=0
09-06 22:43:32.206  2312  2603 V WifiManager: SoftApCallbackProxy: onNumClientsChanged: numClients=0
09-06 22:43:32.209   823   823 I OMX-VENC: Component_init : OMX.qcom.video.encoder.hevc : return = 0x0
09-06 22:43:32.210   816   941 W OMXUtils: do not know color format 0x7fa30c06 = 2141391878
09-06 22:43:32.211   816   941 W OMXUtils: do not know color format 0x7fa30c04 = 2141391876
09-06 22:43:32.211   816   941 W OMXUtils: do not know color format 0x7fa30c08 = 2141391880
09-06 22:43:32.211   816   941 W OMXUtils: do not know color format 0x7fa30c07 = 2141391879
09-06 22:43:32.211   816   941 W OMXUtils: do not know color format 0x7f000789 = 2130708361
09-06 22:43:32.213   823   908 I OMX-VENC: Component Deinit
09-06 22:43:32.213   823   908 I OMX-VENC: Video encode perflock released
09-06 22:43:32.213  2312  2599 D OpenGLRenderer: profile bars disabled
09-06 22:43:32.214  2416  2542 I QCNEJ/CndHalConnector: -> SND notifyRatConnectionStatusChanged(rat = 0, DISCONNECTED)
09-06 22:43:32.214  2312  2599 D OpenGLRenderer: ambientRatio = 1.50
09-06 22:43:32.214   816   941 I OMXClient: IOmx service obtained
09-06 22:43:32.214   823   823 I OMXMaster: makeComponentInstance(OMX.qcom.video.encoder.mpeg4) in omx@1.0-service process
09-06 22:43:32.217   823   823 I OMX-VENC: Video encode perflock acquired,handle=-1
09-06 22:43:32.221   823   823 I OMX-VENC: Component_init : OMX.qcom.video.encoder.mpeg4 : return = 0x0
09-06 22:43:32.222   816   941 W OMXUtils: do not know color format 0x7fa30c06 = 2141391878
09-06 22:43:32.222   816   941 W OMXUtils: do not know color format 0x7fa30c04 = 2141391876
09-06 22:43:32.222   816   941 W OMXUtils: do not know color format 0x7fa30c08 = 2141391880
09-06 22:43:32.222   816   941 W OMXUtils: do not know color format 0x7fa30c07 = 2141391879
09-06 22:43:32.222  2312  2312 D StatusBar: disable<e i a s b h r c s > disable2<q i n >
09-06 22:43:32.222   816   941 W OMXUtils: do not know color format 0x7f000789 = 2130708361
09-06 22:43:32.224   823   908 I OMX-VENC: Component Deinit
09-06 22:43:32.224   823   908 I OMX-VENC: Video encode perflock released
09-06 22:43:32.225   816   941 I OMXClient: IOmx service obtained
09-06 22:43:32.225   823   908 I OMXMaster: makeComponentInstance(OMX.google.mpeg4.encoder) in omx@1.0-service process
09-06 22:43:32.226   823   908 I SoftMPEG4Encoder: Construct SoftMPEG4Encoder
09-06 22:43:32.227   816   941 W OMXUtils: do not know color format 0x7f000789 = 2130708361
09-06 22:43:32.227   823   908 E OMXNodeInstance: getConfig(0xec0a9d20:google.mpeg4.encoder, ConfigAndroidIntraRefresh(0x6f60000a)) ERROR: Undefined(0x80001001)
09-06 22:43:32.228   816   941 I OMXClient: IOmx service obtained
09-06 22:43:32.229   823   908 I OMXMaster: makeComponentInstance(OMX.qcom.video.encoder.vp8) in omx@1.0-service process
09-06 22:43:32.231  2416  2542 I QCNEJ/CndHalConnector: -> SND notifyRatConnectionStatusChanged(rat = 0, DISCONNECTED)
09-06 22:43:32.231   823   908 I OMX-VENC: Video encode perflock acquired,handle=-1
09-06 22:43:32.231  2312  2312 V WifiManager: registerSoftApCallback: callback=com.android.systemui.statusbar.policy.HotspotControllerImpl@5d236fe, handler=Handler (android.os.Handler) {db6fe5f}
09-06 22:43:32.232  2312  2603 V WifiManager: SoftApCallbackProxy: onStateChanged: state=11, failureReason=0
09-06 22:43:32.232  2312  2603 V WifiManager: SoftApCallbackProxy: onNumClientsChanged: numClients=0
09-06 22:43:32.235   823   908 I OMX-VENC: Component_init : OMX.qcom.video.encoder.vp8 : return = 0x0
09-06 22:43:32.235  2312  2715 I SecurityController: could not bind to KeyChainService
09-06 22:43:32.236   816   941 W OMXUtils: do not know color format 0x7fa30c06 = 2141391878
09-06 22:43:32.236   816   941 W OMXUtils: do not know color format 0x7fa30c04 = 2141391876
09-06 22:43:32.236   816   941 W OMXUtils: do not know color format 0x7fa30c08 = 2141391880
09-06 22:43:32.236   816   941 W OMXUtils: do not know color format 0x7fa30c07 = 2141391879
09-06 22:43:32.236   816   941 W OMXUtils: do not know color format 0x7f000789 = 2130708361
09-06 22:43:32.237   823   823 I OMX-VENC: Component Deinit
09-06 22:43:32.238   823   823 I OMX-VENC: Video encode perflock released
09-06 22:43:32.239   816   941 I OMXClient: IOmx service obtained
09-06 22:43:32.239   823   823 I OMXMaster: makeComponentInstance(OMX.google.vp8.encoder) in omx@1.0-service process
09-06 22:43:32.241  2416  2542 I QCNEJ/CndHalConnector: -> SND notifyRatConnectionStatusChanged(rat = 0, DISCONNECTED)
09-06 22:43:32.243   816   941 W OMXUtils: do not know color format 0x7f000789 = 2130708361
09-06 22:43:32.243   823   823 E OMXNodeInstance: getConfig(0xec0a9c00:google.vp8.encoder, ConfigAndroidIntraRefresh(0x6f60000a)) ERROR: Undefined(0x80001001)
09-06 22:43:32.244   816   941 I OMXClient: IOmx service obtained
09-06 22:43:32.244   823   823 I OMXMaster: makeComponentInstance(OMX.google.vp9.encoder) in omx@1.0-service process
09-06 22:43:32.245   816   941 W OMXUtils: do not know color format 0x7f000789 = 2130708361
09-06 22:43:32.246   823   823 E OMXNodeInstance: getConfig(0xec0a9c00:google.vp9.encoder, ConfigAndroidIntraRefresh(0x6f60000a)) ERROR: Undefined(0x80001001)
09-06 22:43:32.246  2312  2723 E ActivityThread: Failed to find provider info for com.android.contacts
09-06 22:43:32.246   816   941 D MediaCodecList: ignored a null builder
09-06 22:43:32.247  2312  2312 D SystemUIBootTiming: StartServicescom.android.systemui.SystemBars took to complete: 214ms
09-06 22:43:32.249  2312  2312 D StorageNotification: Notifying about private volume: VolumeInfo{private}:
09-06 22:43:32.249  2312  2312 D StorageNotification:     type=PRIVATE diskId=null partGuid=null mountFlags=0 mountUserId=-1 
09-06 22:43:32.249  2312  2312 D StorageNotification:     state=MOUNTED 
09-06 22:43:32.249  2312  2312 D StorageNotification:     fsType=null fsUuid=null fsLabel=null 
09-06 22:43:32.249  2312  2312 D StorageNotification:     path=/data internalPath=null 
09-06 22:43:32.249  2312  2528 I OMXClient: IOmx service obtained
09-06 22:43:32.250   823   823 I OMXMaster: makeComponentInstance(OMX.google.vorbis.decoder) in omx@1.0-service process
09-06 22:43:32.250  1525  2333 I chatty  : uid=1000 system_server expire 2 lines
09-06 22:43:32.250   823   908 I OMXMaster: makeComponentInstance(OMX.google.vorbis.decoder) in omx@1.0-service process
09-06 22:43:32.251  2312  2312 D SystemUIBootTiming: StartServicescom.android.systemui.usb.StorageNotification took to complete: 3ms
09-06 22:43:32.252   660   660 W AshmemAllocator: ashmem_create_region(32768) returning hidl_memory(0x7f5da2c100, 32768)
09-06 22:43:32.252   660   660 W AshmemAllocator: ashmem_create_region(32768) returning hidl_memory(0x7f5da2c100, 32768)
09-06 22:43:32.253  2416  2542 I QCNEJ/CndHalConnector: -> SND notifyRatConnectionStatusChanged(rat = 0, DISCONNECTED)
09-06 22:43:32.253  2312  2528 D vndksupport: Loading /system/lib64/vndk-sp-28/hw/android.hidl.memory@1.0-impl.so from current namespace instead of sphal namespace.
09-06 22:43:32.254  2312  2312 D SystemUIBootTiming: StartServicescom.android.systemui.power.PowerUI took to complete: 4ms
09-06 22:43:32.255   823   823 D vndksupport: Loading /system/lib/vndk-sp-28/hw/android.hidl.memory@1.0-impl.so from current namespace instead of sphal namespace.
09-06 22:43:32.255  2312  2312 D SystemUIBootTiming: StartServicescom.android.systemui.media.RingtonePlayer took to complete: 1ms
09-06 22:43:32.256  2312  2312 D SystemUIBootTiming: StartServicescom.android.systemui.keyboard.KeyboardUI took to complete: 0ms
09-06 22:43:32.257   660   660 W AshmemAllocator: ashmem_create_region(32768) returning hidl_memory(0x7f5da2c100, 32768)
09-06 22:43:32.264  2312  2312 D SystemUIBootTiming: StartServicescom.android.systemui.pip.PipUI took to complete: 7ms
09-06 22:43:32.264  2312  2312 D SystemUIBootTiming: StartServicescom.android.systemui.shortcut.ShortcutKeyDispatcher took to complete: 1ms
09-06 22:43:32.265  2312  2312 D SystemUIBootTiming: StartServicescom.android.systemui.VendorServices took to complete: 0ms
09-06 22:43:32.265   660   660 I chatty  : uid=1000(system) allocator@1.0-s identical 56 lines
09-06 22:43:32.265   660   660 W AshmemAllocator: ashmem_create_region(32768) returning hidl_memory(0x7f5da2c100, 32768)
09-06 22:43:32.265  2312  2312 V GarbageMonitor: Now tracking processes: 2312 
09-06 22:43:32.265   660   660 W AshmemAllocator: ashmem_create_region(32768) returning hidl_memory(0x7f5da2c100, 32768)
09-06 22:43:32.265  2312  2312 D SystemUIBootTiming: StartServicescom.android.systemui.util.leak.GarbageMonitor$Service took to complete: 1ms
09-06 22:43:32.266   660   660 W AshmemAllocator: ashmem_create_region(32768) returning hidl_memory(0x7f5da2c100, 32768)
09-06 22:43:32.268  2312  2312 D SystemUIBootTiming: StartServicescom.android.systemui.LatencyTester took to complete: 2ms
09-06 22:43:32.269  2416  2542 I QCNEJ/CndHalConnector: -> SND notifyRatConnectionStatusChanged(rat = 0, DISCONNECTED)
09-06 22:43:32.271  2312  2312 D SystemUIBootTiming: StartServicescom.android.systemui.globalactions.GlobalActionsComponent took to complete: 3ms
09-06 22:43:32.273  2312  2312 D SystemUIBootTiming: StartServicescom.android.systemui.ScreenDecorations took to complete: 1ms
09-06 22:43:32.280  2312  2312 D SystemUIBootTiming: StartServicescom.android.systemui.fingerprint.FingerprintDialogImpl took to complete: 7ms
09-06 22:43:32.281  2312  2312 D SystemUIBootTiming: StartServicescom.android.systemui.SliceBroadcastRelayHandler took to complete: 0ms
09-06 22:43:32.281  2312  2312 D SystemUIBootTiming: StartServices took to complete: 425ms
09-06 22:43:32.285  1525  2732 I chatty  : uid=1000 system_server expire 1 line
09-06 22:43:32.285   823   908 I OMXMaster: makeComponentInstance(OMX.google.vorbis.decoder) in omx@1.0-service process
09-06 22:43:32.289   660   660 W AshmemAllocator: ashmem_create_region(32768) returning hidl_memory(0x7f5da2c100, 32768)
09-06 22:43:32.289   660   660 W AshmemAllocator: ashmem_create_region(32768) returning hidl_memory(0x7f5da2c100, 32768)
09-06 22:43:32.290   660   660 W AshmemAllocator: ashmem_create_region(32768) returning hidl_memory(0x7f5da2c100, 32768)
09-06 22:43:32.291   660   660 W AshmemAllocator: ashmem_create_region(32768) returning hidl_memory(0x7f5da2c100, 32768)
09-06 22:43:32.292  2312  2736 I OMXClient: IOmx service obtained
09-06 22:43:32.292   660   660 W AshmemAllocator: ashmem_create_region(32768) returning hidl_memory(0x7f5da2c100, 32768)
09-06 22:43:32.292   823   908 I OMXMaster: makeComponentInstance(OMX.google.vorbis.decoder) in omx@1.0-service process
09-06 22:43:32.292   660   660 W AshmemAllocator: ashmem_create_region(32768) returning hidl_memory(0x7f5da2c100, 32768)
09-06 22:43:32.292   660   660 W AshmemAllocator: ashmem_create_region(32768) returning hidl_memory(0x7f5da2c100, 32768)
09-06 22:43:32.295   660   660 W AshmemAllocator: ashmem_create_region(32768) returning hidl_memory(0x7f5da2c100, 32768)
09-06 22:43:32.297   660   660 W AshmemAllocator: ashmem_create_region(32768) returning hidl_memory(0x7f5da2c100, 32768)
