09-06 22:43:34.123  3631  3631 I chatty  : uid=1001(radio) com.qualcomm.qti.telephonyservice expire 4 lines
09-06 22:43:34.131  3631  3631 E AndroidRuntime: FATAL EXCEPTION: main
09-06 22:43:34.131  3631  3631 E AndroidRuntime: Process: com.qualcomm.qti.telephonyservice, PID: 3631
09-06 22:43:34.131  3631  3631 E AndroidRuntime: java.lang.NoClassDefFoundError: Failed resolution of: Lcom/qualcomm/qcrilhook/QcRilHook;
09-06 22:43:34.131  3631  3631 E AndroidRuntime: 	at com.qualcomm.qti.telephonyservice.QtiTelephonyService.onCreate(QtiTelephonyService.java:34)
09-06 22:43:34.131  3631  3631 E AndroidRuntime: 	at android.app.ActivityThread.handleCreateService(ActivityThread.java:3532)
09-06 22:43:34.131  3631  3631 E AndroidRuntime: 	at android.app.ActivityThread.access$1300(ActivityThread.java:199)
09-06 22:43:34.131  3631  3631 E AndroidRuntime: 	at android.app.ActivityThread$H.handleMessage(ActivityThread.java:1666)
09-06 22:43:34.131  3631  3631 E AndroidRuntime: 	at android.os.Handler.dispatchMessage(Handler.java:106)
09-06 22:43:34.131  3631  3631 E AndroidRuntime: 	at android.os.Looper.loop(Looper.java:193)
09-06 22:43:34.131  3631  3631 E AndroidRuntime: 	at android.app.ActivityThread.main(ActivityThread.java:6669)
09-06 22:43:34.131  3631  3631 E AndroidRuntime: 	at java.lang.reflect.Method.invoke(Native Method)
09-06 22:43:34.131  3631  3631 E AndroidRuntime: 	at com.android.internal.os.RuntimeInit$MethodAndArgsCaller.run(RuntimeInit.java:495)
09-06 22:43:34.131  3631  3631 E AndroidRuntime: 	at com.android.internal.os.ZygoteInit.main(ZygoteInit.java:858)
09-06 22:43:34.131  3631  3631 E AndroidRuntime: Caused by: java.lang.ClassNotFoundException: Didn't find class "com.qualcomm.qcrilhook.QcRilHook" on path: DexPathList[[zip file "/system/framework/org.apache.http.legacy.boot.jar", zip file "/system/vendor/app/QtiTelephonyService/QtiTelephonyService.apk"],nativeLibraryDirectories=[/system/vendor/app/QtiTelephonyService/lib/arm64, /system/vendor/app/QtiTelephonyService/QtiTelephonyService.apk!/lib/arm64-v8a, /system/lib64, /system/vendor/lib64, /system/lib64, /system/vendor/lib64]]
09-06 22:43:34.131  3631  3631 E AndroidRuntime: 	at dalvik.system.BaseDexClassLoader.findClass(BaseDexClassLoader.java:134)
09-06 22:43:34.131  3631  3631 E AndroidRuntime: 	at java.lang.ClassLoader.loadClass(ClassLoader.java:379)
09-06 22:43:34.131  3631  3631 E AndroidRuntime: 	at java.lang.ClassLoader.loadClass(ClassLoader.java:312)
09-06 22:43:34.131  3631  3631 E AndroidRuntime: 	... 10 more
09-06 22:43:34.132  1525  3411 W ActivityManager: Process com.qualcomm.qti.telephonyservice has crashed too many times: killing!
09-06 22:43:34.141  1525  3411 I ActivityManager: Process com.qualcomm.qti.telephonyservice (pid 3631) has died: pers PER 
09-06 22:43:34.142  1525  3411 W ActivityManager: Scheduling restart of crashed service com.qualcomm.qti.telephonyservice/.QtiTelephonyService in 0ms
09-06 22:43:34.142  1525  3411 W ActivityManager: Re-adding persistent process ProcessRecord{f76fd14 3631:com.qualcomm.qti.telephonyservice/1001}
09-06 22:43:34.142   654   654 I Zygote  : Process 3631 exited due to signal (9)
09-06 22:43:34.152  3571  3571 D BluetoothOppFileProvider: Initialized
09-06 22:43:34.155  1525  1708 I ActivityManager: Start proc 3665:com.qualcomm.qti.telephonyservice/1001 for restart com.qualcomm.qti.telephonyservice
09-06 22:43:34.156  3665  3665 I Zygote  : seccomp disabled by setenforce 0
09-06 22:43:34.163  3571  3571 V AdapterServiceConfig: Adding HeadsetService
09-06 22:43:34.163  3571  3571 V AdapterServiceConfig: Adding A2dpService
09-06 22:43:34.163  3571  3571 V AdapterServiceConfig: Adding HidHostService
09-06 22:43:34.163  3571  3571 V AdapterServiceConfig: Adding HealthService
09-06 22:43:34.163  3571  3571 V AdapterServiceConfig: Adding PanService
09-06 22:43:34.163  3571  3571 V AdapterServiceConfig: Adding GattService
09-06 22:43:34.164  3571  3571 V AdapterServiceConfig: Adding BluetoothMapService
09-06 22:43:34.164  3571  3571 V AdapterServiceConfig: Adding HeadsetClientService
09-06 22:43:34.164  3571  3571 V AdapterServiceConfig: Adding AvrcpTargetService
09-06 22:43:34.164  3571  3571 V AdapterServiceConfig: Adding AvrcpControllerService
09-06 22:43:34.164  3571  3571 V AdapterServiceConfig: Adding SapService
09-06 22:43:34.164  3571  3571 V AdapterServiceConfig: Adding HidDeviceService
09-06 22:43:34.164  3571  3571 V AdapterServiceConfig: Adding BluetoothOppService
09-06 22:43:34.164  3571  3571 V AdapterServiceConfig: Adding BluetoothPbapService
09-06 22:43:34.169  3647  3647 I chatty  : uid=1001(radio) com.android.phone expire 266 lines
09-06 22:43:34.175  3571  3571 I         : [0906/224334.175156:INFO:com_android_bluetooth_btservice_AdapterService.cpp(630)] hal_util_load_bt_library loaded HAL: btinterface=0x7ae5e62fc0, handle=0x250ec83a6a13afe9
09-06 22:43:34.175  3571  3571 D BluetoothAdapterService: onCreate()
09-06 22:43:34.185  3571  3571 D AdapterState: make() - Creating AdapterState
09-06 22:43:34.187  3571  3571 I bt_btif : init
09-06 22:43:34.187  3571  3684 I AdapterState: OFF : entered 
09-06 22:43:34.187  3571  3684 D AdapterProperties: Setting state to OFF
09-06 22:43:34.187  3571  3571 D bt_osi_allocation_tracker: canary initialized
09-06 22:43:34.189  3571  3687 I bt_osi_thread: run_thread: thread id 3687, thread name stack_manager started
09-06 22:43:34.189  3571  3687 I bt_stack_manager: event_init_stack is initializing the stack
09-06 22:43:34.190  3571  3687 E         : [0906/224334.190124:ERROR:config.cc(74)] config_new: unable to open file '/data/misc/bluedroid/bt_config.conf': No such file or directory
09-06 22:43:34.190  3571  3687 W bt_btif_config: init unable to load config file: /data/misc/bluedroid/bt_config.conf; using backup.
09-06 22:43:34.190  3571  3687 E         : [0906/224334.190265:ERROR:config.cc(74)] config_new: unable to open file '/data/misc/bluedroid/bt_config.bak': No such file or directory
09-06 22:43:34.190  3571  3687 W bt_btif_config: init unable to load backup; attempting to transcode legacy file.
09-06 22:43:34.190  3571  3687 E bt_btif_config_transcode: btif_config_transcode unable to load XML file '/data/misc/bluedroid/bt_config.xml': 3
09-06 22:43:34.190  3571  3687 E bt_btif_config: init unable to transcode legacy file; creating empty config.
09-06 22:43:34.191  3571  3690 I bt_osi_thread: run_thread: thread id 3690, thread name alarm_default_ca started
09-06 22:43:34.191  3571  3691 I bt_osi_thread: run_thread: thread id 3691, thread name alarm_dispatcher started
09-06 22:43:34.192  3571  3687 I bt_btif_core: btif_init_bluetooth entered
09-06 22:43:34.192  3571  3687 I bt_stack_config: init attempt to load stack conf from /etc/bluetooth/bt_stack.conf
09-06 22:43:34.193  3571  3692 I bt_osi_thread: run_thread: thread id 3692, thread name bt_jni_workqueue started
09-06 22:43:34.193  3571  3687 I bt_btif_core: btif_init_bluetooth finished
09-06 22:43:34.193  3571  3687 I bt_stack_manager: event_init_stack finished
09-06 22:43:34.193  3571  3571 I bt_osi_wakelock: wakelock_set_os_callouts set to non-native
09-06 22:43:34.193  3571  3571 I bt_btif : get_profile_interface: id = socket
09-06 22:43:34.193  3571  3571 W bt_btif : do_in_jni_thread: Dropped message, message_loop not initialized yet!
09-06 22:43:34.193  3571  3571 I chatty  : uid=1002(bluetooth) com.android.bluetooth identical 5 lines
09-06 22:43:34.193  3571  3692 I chatty  : uid=1002(bluetooth) BT Service Call expire 1 line
09-06 22:43:34.199  3665  3665 I chatty  : uid=1001(radio) com.qualcomm.qti.telephonyservice expire 4 lines
09-06 22:43:34.205  3571  3695 I chatty  : uid=1002(bluetooth) BluetoothActive expire 8 lines
09-06 22:43:34.205  3571  3571 I chatty  : uid=1002(bluetooth) com.android.bluetooth expire 2 lines
09-06 22:43:34.213  3665  3665 E AndroidRuntime: FATAL EXCEPTION: main
09-06 22:43:34.213  3665  3665 E AndroidRuntime: Process: com.qualcomm.qti.telephonyservice, PID: 3665
09-06 22:43:34.213  3665  3665 E AndroidRuntime: java.lang.NoClassDefFoundError: Failed resolution of: Lcom/qualcomm/qcrilhook/QcRilHook;
09-06 22:43:34.213  3665  3665 E AndroidRuntime: 	at com.qualcomm.qti.telephonyservice.QtiTelephonyService.onCreate(QtiTelephonyService.java:34)
09-06 22:43:34.213  3665  3665 E AndroidRuntime: 	at android.app.ActivityThread.handleCreateService(ActivityThread.java:3532)
09-06 22:43:34.213  3665  3665 E AndroidRuntime: 	at android.app.ActivityThread.access$1300(ActivityThread.java:199)
09-06 22:43:34.213  3665  3665 E AndroidRuntime: 	at android.app.ActivityThread$H.handleMessage(ActivityThread.java:1666)
09-06 22:43:34.213  3665  3665 E AndroidRuntime: 	at android.os.Handler.dispatchMessage(Handler.java:106)
09-06 22:43:34.213  3665  3665 E AndroidRuntime: 	at android.os.Looper.loop(Looper.java:193)
09-06 22:43:34.213  3665  3665 E AndroidRuntime: 	at android.app.ActivityThread.main(ActivityThread.java:6669)
09-06 22:43:34.213  3665  3665 E AndroidRuntime: 	at java.lang.reflect.Method.invoke(Native Method)
09-06 22:43:34.213  3665  3665 E AndroidRuntime: 	at com.android.internal.os.RuntimeInit$MethodAndArgsCaller.run(RuntimeInit.java:495)
09-06 22:43:34.213  3665  3665 E AndroidRuntime: 	at com.android.internal.os.ZygoteInit.main(ZygoteInit.java:858)
09-06 22:43:34.213  3665  3665 E AndroidRuntime: Caused by: java.lang.ClassNotFoundException: Didn't find class "com.qualcomm.qcrilhook.QcRilHook" on path: DexPathList[[zip file "/system/framework/org.apache.http.legacy.boot.jar", zip file "/system/vendor/app/QtiTelephonyService/QtiTelephonyService.apk"],nativeLibraryDirectories=[/system/vendor/app/QtiTelephonyService/lib/arm64, /system/vendor/app/QtiTelephonyService/QtiTelephonyService.apk!/lib/arm64-v8a, /system/lib64, /system/vendor/lib64, /system/lib64, /system/vendor/lib64]]
09-06 22:43:34.213  3665  3665 E AndroidRuntime: 	at dalvik.system.BaseDexClassLoader.findClass(BaseDexClassLoader.java:134)
09-06 22:43:34.213  3665  3665 E AndroidRuntime: 	at java.lang.ClassLoader.loadClass(ClassLoader.java:379)
09-06 22:43:34.213  3665  3665 E AndroidRuntime: 	at java.lang.ClassLoader.loadClass(ClassLoader.java:312)
09-06 22:43:34.213  3665  3665 E AndroidRuntime: 	... 10 more
09-06 22:43:34.214  1525  2760 W RescueParty: Noticed 2 events for UID 1001 in last 0 sec
09-06 22:43:34.214  1525  2760 W ActivityManager: Process com.qualcomm.qti.telephonyservice has crashed too many times: killing!
09-06 22:43:34.215   674   800 D SDM     : DisplayBase::BuildLayerStackStats: LayerStack layer_count: 3, app_layer_count: 2, gpu_target_index: 2, display type: 0
09-06 22:43:34.224   654   654 I Zygote  : Process 3665 exited due to signal (9)
09-06 22:43:34.224  1525  2760 I ActivityManager: Process com.qualcomm.qti.telephonyservice (pid 3665) has died: pers PER 
09-06 22:43:34.224  1525  2760 W ActivityManager: Scheduling restart of crashed service com.qualcomm.qti.telephonyservice/.QtiTelephonyService in 0ms
09-06 22:43:34.224  1525  2760 W ActivityManager: Re-adding persistent process ProcessRecord{f76fd14 3665:com.qualcomm.qti.telephonyservice/1001}
09-06 22:43:34.229  1525  3411 I chatty  : uid=1000(system) Binder:1525_D expire 3 lines
09-06 22:43:34.232   674   800 D SDM     : DisplayBase::BuildLayerStackStats: LayerStack layer_count: 3, app_layer_count: 2, gpu_target_index: 2, display type: 0
09-06 22:43:34.233  3712  3712 I Zygote  : seccomp disabled by setenforce 0
09-06 22:43:34.235  1525  1708 I ActivityManager: Start proc 3712:com.qualcomm.qti.telephonyservice/1001 for restart com.qualcomm.qti.telephonyservice
09-06 22:43:34.248   674   800 D SDM     : DisplayBase::BuildLayerStackStats: LayerStack layer_count: 3, app_layer_count: 2, gpu_target_index: 2, display type: 0
09-06 22:43:34.258  3712  3712 I chatty  : uid=1001(radio) com.qualcomm.qti.telephonyservice expire 4 lines
09-06 22:43:34.265   674   800 D SDM     : DisplayBase::BuildLayerStackStats: LayerStack layer_count: 3, app_layer_count: 2, gpu_target_index: 2, display type: 0
09-06 22:43:34.266  3712  3712 E AndroidRuntime: FATAL EXCEPTION: main
09-06 22:43:34.266  3712  3712 E AndroidRuntime: Process: com.qualcomm.qti.telephonyservice, PID: 3712
09-06 22:43:34.266  3712  3712 E AndroidRuntime: java.lang.NoClassDefFoundError: Failed resolution of: Lcom/qualcomm/qcrilhook/QcRilHook;
09-06 22:43:34.266  3712  3712 E AndroidRuntime: 	at com.qualcomm.qti.telephonyservice.QtiTelephonyService.onCreate(QtiTelephonyService.java:34)
09-06 22:43:34.266  3712  3712 E AndroidRuntime: 	at android.app.ActivityThread.handleCreateService(ActivityThread.java:3532)
09-06 22:43:34.266  3712  3712 E AndroidRuntime: 	at android.app.ActivityThread.access$1300(ActivityThread.java:199)
09-06 22:43:34.266  3712  3712 E AndroidRuntime: 	at android.app.ActivityThread$H.handleMessage(ActivityThread.java:1666)
09-06 22:43:34.266  3712  3712 E AndroidRuntime: 	at android.os.Handler.dispatchMessage(Handler.java:106)
09-06 22:43:34.266  3712  3712 E AndroidRuntime: 	at android.os.Looper.loop(Looper.java:193)
09-06 22:43:34.266  3712  3712 E AndroidRuntime: 	at android.app.ActivityThread.main(ActivityThread.java:6669)
09-06 22:43:34.266  3712  3712 E AndroidRuntime: 	at java.lang.reflect.Method.invoke(Native Method)
09-06 22:43:34.266  3712  3712 E AndroidRuntime: 	at com.android.internal.os.RuntimeInit$MethodAndArgsCaller.run(RuntimeInit.java:495)
09-06 22:43:34.266  3712  3712 E AndroidRuntime: 	at com.android.internal.os.ZygoteInit.main(ZygoteInit.java:858)
09-06 22:43:34.266  3712  3712 E AndroidRuntime: Caused by: java.lang.ClassNotFoundException: Didn't find class "com.qualcomm.qcrilhook.QcRilHook" on path: DexPathList[[zip file "/system/framework/org.apache.http.legacy.boot.jar", zip file "/system/vendor/app/QtiTelephonyService/QtiTelephonyService.apk"],nativeLibraryDirectories=[/system/vendor/app/QtiTelephonyService/lib/arm64, /system/vendor/app/QtiTelephonyService/QtiTelephonyService.apk!/lib/arm64-v8a, /system/lib64, /system/vendor/lib64, /system/lib64, /system/vendor/lib64]]
09-06 22:43:34.266  3712  3712 E AndroidRuntime: 	at dalvik.system.BaseDexClassLoader.findClass(BaseDexClassLoader.java:134)
09-06 22:43:34.266  3712  3712 E AndroidRuntime: 	at java.lang.ClassLoader.loadClass(ClassLoader.java:379)
09-06 22:43:34.266  3712  3712 E AndroidRuntime: 	at java.lang.ClassLoader.loadClass(ClassLoader.java:312)
09-06 22:43:34.266  3712  3712 E AndroidRuntime: 	... 10 more
09-06 22:43:34.267  1525  2760 W RescueParty: Noticed 3 events for UID 1001 in last 0 sec
09-06 22:43:34.267  1525  2760 W ActivityManager: Process com.qualcomm.qti.telephonyservice has crashed too many times: killing!
09-06 22:43:34.272  1525  3411 I ActivityManager: Process com.qualcomm.qti.telephonyservice (pid 3712) has died: pers PER 
09-06 22:43:34.272  1525  3411 W ActivityManager: Scheduling restart of crashed service com.qualcomm.qti.telephonyservice/.QtiTelephonyService in 0ms
09-06 22:43:34.272  1525  3411 W ActivityManager: Re-adding persistent process ProcessRecord{f76fd14 3712:com.qualcomm.qti.telephonyservice/1001}
09-06 22:43:34.273   654   654 I Zygote  : Process 3712 exited due to signal (9)
09-06 22:43:34.281   674   800 D SDM     : DisplayBase::BuildLayerStackStats: LayerStack layer_count: 3, app_layer_count: 2, gpu_target_index: 2, display type: 0
09-06 22:43:34.283  3736  3736 I Zygote  : seccomp disabled by setenforce 0
09-06 22:43:34.284  1525  1708 I ActivityManager: Start proc 3736:com.qualcomm.qti.telephonyservice/1001 for restart com.qualcomm.qti.telephonyservice
09-06 22:43:34.298   674   800 D SDM     : DisplayBase::BuildLayerStackStats: LayerStack layer_count: 3, app_layer_count: 2, gpu_target_index: 2, display type: 0
09-06 22:43:34.303  1525  2228 D ConnectivityService: Got NetworkFactory Messenger for PhoneSwitcherNetworkRequstListener
09-06 22:43:34.305  1525  2228 D ConnectivityService: Got NetworkFactory Messenger for TelephonyNetworkFactory[0]
09-06 22:43:34.305  1525  2228 D ConnectivityService: Got NetworkFactory Messenger for TelephonyNetworkFactory[1]
09-06 22:43:34.312  3736  3736 I chatty  : uid=1001(radio) com.qualcomm.qti.telephonyservice expire 4 lines
09-06 22:43:34.315   674   800 D SDM     : DisplayBase::BuildLayerStackStats: LayerStack layer_count: 3, app_layer_count: 2, gpu_target_index: 2, display type: 0
09-06 22:43:34.319   662  1109 D audio_hw_primary: adev_set_parameters: enter: HACSetting=OFF
09-06 22:43:34.319   662  1109 D audio_hw_extn: audio_extn_set_anc_parameters: anc_enabled:0
09-06 22:43:34.319   662  1109 D audio_hw_spkr_prot: audio_extn_fbsp_set_parameters: Speaker protection disabled
09-06 22:43:34.322  3647  3647 I TelecomFramework: TtyManager: updateUiTtyMode -1 -> 0
09-06 22:43:34.324  3647  3647 I TelecomFramework: TtyManager: updateUiTtyMode -1 -> 0
09-06 22:43:34.324  3736  3736 E AndroidRuntime: FATAL EXCEPTION: main
09-06 22:43:34.324  3736  3736 E AndroidRuntime: Process: com.qualcomm.qti.telephonyservice, PID: 3736
09-06 22:43:34.324  3736  3736 E AndroidRuntime: java.lang.NoClassDefFoundError: Failed resolution of: Lcom/qualcomm/qcrilhook/QcRilHook;
09-06 22:43:34.324  3736  3736 E AndroidRuntime: 	at com.qualcomm.qti.telephonyservice.QtiTelephonyService.onCreate(QtiTelephonyService.java:34)
09-06 22:43:34.324  3736  3736 E AndroidRuntime: 	at android.app.ActivityThread.handleCreateService(ActivityThread.java:3532)
09-06 22:43:34.324  3736  3736 E AndroidRuntime: 	at android.app.ActivityThread.access$1300(ActivityThread.java:199)
09-06 22:43:34.324  3736  3736 E AndroidRuntime: 	at android.app.ActivityThread$H.handleMessage(ActivityThread.java:1666)
09-06 22:43:34.324  3736  3736 E AndroidRuntime: 	at android.os.Handler.dispatchMessage(Handler.java:106)
09-06 22:43:34.324  3736  3736 E AndroidRuntime: 	at android.os.Looper.loop(Looper.java:193)
09-06 22:43:34.324  3736  3736 E AndroidRuntime: 	at android.app.ActivityThread.main(ActivityThread.java:6669)
09-06 22:43:34.324  3736  3736 E AndroidRuntime: 	at java.lang.reflect.Method.invoke(Native Method)
09-06 22:43:34.324  3736  3736 E AndroidRuntime: 	at com.android.internal.os.RuntimeInit$MethodAndArgsCaller.run(RuntimeInit.java:495)
09-06 22:43:34.324  3736  3736 E AndroidRuntime: 	at com.android.internal.os.ZygoteInit.main(ZygoteInit.java:858)
09-06 22:43:34.324  3736  3736 E AndroidRuntime: Caused by: java.lang.ClassNotFoundException: Didn't find class "com.qualcomm.qcrilhook.QcRilHook" on path: DexPathList[[zip file "/system/framework/org.apache.http.legacy.boot.jar", zip file "/system/vendor/app/QtiTelephonyService/QtiTelephonyService.apk"],nativeLibraryDirectories=[/system/vendor/app/QtiTelephonyService/lib/arm64, /system/vendor/app/QtiTelephonyService/QtiTelephonyService.apk!/lib/arm64-v8a, /system/lib64, /system/vendor/lib64, /system/lib64, /system/vendor/lib64]]
09-06 22:43:34.324  3736  3736 E AndroidRuntime: 	at dalvik.system.BaseDexClassLoader.findClass(BaseDexClassLoader.java:134)
09-06 22:43:34.324  3736  3736 E AndroidRuntime: 	at java.lang.ClassLoader.loadClass(ClassLoader.java:379)
09-06 22:43:34.324  3736  3736 E AndroidRuntime: 	at java.lang.ClassLoader.loadClass(ClassLoader.java:312)
09-06 22:43:34.324  3736  3736 E AndroidRuntime: 	... 10 more
09-06 22:43:34.325  1525  2760 W RescueParty: Noticed 4 events for UID 1001 in last 0 sec
09-06 22:43:34.325  1525  2760 W ActivityManager: Process com.qualcomm.qti.telephonyservice has crashed too many times: killing!
09-06 22:43:34.326   825  1132 D QMI_FW  : chen-screen on: is_screen_off = 0 
09-06 22:43:34.327   884  1136 D QMI_FW  : chen-screen on: is_screen_off = 0 
09-06 22:43:34.331   674   800 D SDM     : DisplayBase::BuildLayerStackStats: LayerStack layer_count: 3, app_layer_count: 2, gpu_target_index: 2, display type: 0
09-06 22:43:34.332   591   591 W hwservicemanager: getTransport: Cannot find entry android.hardware.radio.config@1.0::IRadioConfig/default in either framework or device manifest.
09-06 22:43:34.334  1525  2400 I ActivityManager: Process com.qualcomm.qti.telephonyservice (pid 3736) has died: pers PER 
09-06 22:43:34.334  1525  2400 W ActivityManager: Scheduling restart of crashed service com.qualcomm.qti.telephonyservice/.QtiTelephonyService in 0ms
09-06 22:43:34.335  1525  2400 W ActivityManager: Re-adding persistent process ProcessRecord{f76fd14 3736:com.qualcomm.qti.telephonyservice/1001}
09-06 22:43:34.336   654   654 I Zygote  : Process 3736 exited due to signal (9)
09-06 22:43:34.345  2416  2542 I QCNEJ/CndHalConnector: -> SND notifyRatConnectionStatusChanged(rat = 0, DISCONNECTED)
09-06 22:43:34.345  3773  3773 I Zygote  : seccomp disabled by setenforce 0
09-06 22:43:34.346  1525  1708 I ActivityManager: Start proc 3773:com.qualcomm.qti.telephonyservice/1001 for restart com.qualcomm.qti.telephonyservice
09-06 22:43:34.346   825  1132 D QMI_FW  : chen-screen on: is_screen_off = 0 
09-06 22:43:34.348   674   800 D SDM     : DisplayBase::BuildLayerStackStats: LayerStack layer_count: 3, app_layer_count: 2, gpu_target_index: 2, display type: 0
09-06 22:43:34.351   884  1136 D QMI_FW  : chen-screen on: is_screen_off = 0 
09-06 22:43:34.358  2416  2542 I QCNEJ/CndHalConnector: -> SND notifyRatConnectionStatusChanged(rat = 0, DISCONNECTED)
09-06 22:43:34.379  3773  3773 I chatty  : uid=1001(radio) com.qualcomm.qti.telephonyservice expire 3 lines
09-06 22:43:34.379  2416  2542 I QCNEJ/CndHalConnector: -> SND notifyRatConnectionStatusChanged(rat = 0, DISCONNECTED)
09-06 22:43:34.387  3773  3773 E AndroidRuntime: FATAL EXCEPTION: main
09-06 22:43:34.387  3773  3773 E AndroidRuntime: Process: com.qualcomm.qti.telephonyservice, PID: 3773
09-06 22:43:34.387  3773  3773 E AndroidRuntime: java.lang.NoClassDefFoundError: Failed resolution of: Lcom/qualcomm/qcrilhook/QcRilHook;
09-06 22:43:34.387  3773  3773 E AndroidRuntime: 	at com.qualcomm.qti.telephonyservice.QtiTelephonyService.onCreate(QtiTelephonyService.java:34)
09-06 22:43:34.387  3773  3773 E AndroidRuntime: 	at android.app.ActivityThread.handleCreateService(ActivityThread.java:3532)
09-06 22:43:34.387  3773  3773 E AndroidRuntime: 	at android.app.ActivityThread.access$1300(ActivityThread.java:199)
09-06 22:43:34.387  3773  3773 E AndroidRuntime: 	at android.app.ActivityThread$H.handleMessage(ActivityThread.java:1666)
09-06 22:43:34.387  3773  3773 E AndroidRuntime: 	at android.os.Handler.dispatchMessage(Handler.java:106)
09-06 22:43:34.387  3773  3773 E AndroidRuntime: 	at android.os.Looper.loop(Looper.java:193)
09-06 22:43:34.387  3773  3773 E AndroidRuntime: 	at android.app.ActivityThread.main(ActivityThread.java:6669)
09-06 22:43:34.387  3773  3773 E AndroidRuntime: 	at java.lang.reflect.Method.invoke(Native Method)
09-06 22:43:34.387  3773  3773 E AndroidRuntime: 	at com.android.internal.os.RuntimeInit$MethodAndArgsCaller.run(RuntimeInit.java:495)
09-06 22:43:34.387  3773  3773 E AndroidRuntime: 	at com.android.internal.os.ZygoteInit.main(ZygoteInit.java:858)
09-06 22:43:34.387  3773  3773 E AndroidRuntime: Caused by: java.lang.ClassNotFoundException: Didn't find class "com.qualcomm.qcrilhook.QcRilHook" on path: DexPathList[[zip file "/system/framework/org.apache.http.legacy.boot.jar", zip file "/system/vendor/app/QtiTelephonyService/QtiTelephonyService.apk"],nativeLibraryDirectories=[/system/vendor/app/QtiTelephonyService/lib/arm64, /system/vendor/app/QtiTelephonyService/QtiTelephonyService.apk!/lib/arm64-v8a, /system/lib64, /system/vendor/lib64, /system/lib64, /system/vendor/lib64]]
09-06 22:43:34.387  3773  3773 E AndroidRuntime: 	at dalvik.system.BaseDexClassLoader.findClass(BaseDexClassLoader.java:134)
09-06 22:43:34.387  3773  3773 E AndroidRuntime: 	at java.lang.ClassLoader.loadClass(ClassLoader.java:379)
09-06 22:43:34.387  3773  3773 E AndroidRuntime: 	at java.lang.ClassLoader.loadClass(ClassLoader.java:312)
09-06 22:43:34.387  3773  3773 E AndroidRuntime: 	... 10 more
09-06 22:43:34.388  1525  3396 W RescueParty: Noticed 5 events for UID 1001 in last 0 sec
09-06 22:43:34.388  2416  2542 I QCNEJ/CndHalConnector: -> SND notifyRatConnectionStatusChanged(rat = 0, DISCONNECTED)
09-06 22:43:34.388  1525  3396 W PackageManager: Incremented rescue level to FACTORY_RESET triggered by UID 1001
09-06 22:43:34.389  1525  3396 W RescueParty: Attempting rescue level FACTORY_RESET
09-06 22:43:34.397  3799  3799 I /system/bin/uncrypt: [libfs_mgr]dt_fstab: Skip disabled entry for partition vendor
09-06 22:43:34.399  2312  2312 W KeyguardUpdateMonitor: invalid subId in handleServiceStateChange()
09-06 22:43:34.401  2312  2312 W KeyguardUpdateMonitor: invalid subId in handleServiceStateChange()
09-06 22:43:34.410  2416  2542 I QCNEJ/CndHalConnector: -> SND notifyRatConnectionStatusChanged(rat = 0, DISCONNECTED)
09-06 22:43:34.434  2416  2542 I QCNEJ/CndHalConnector: -> SND notifyRatConnectionStatusChanged(rat = 0, DISCONNECTED)
09-06 22:43:34.446  1525  1710 E BatteryExternalStatsWorker: no controller energy info supplied for wifi
09-06 22:43:34.446  1525  1710 E BatteryExternalStatsWorker: no controller energy info supplied for bluetooth
09-06 22:43:34.454  3647  3685 I chatty  : uid=1001(radio) com.android.phone expire 4 lines
09-06 22:43:34.456  3647  3647 E AndroidRuntime: FATAL EXCEPTION: main
09-06 22:43:34.456  3647  3647 E AndroidRuntime: Process: com.android.phone, PID: 3647
09-06 22:43:34.456  3647  3647 E AndroidRuntime: java.lang.NoClassDefFoundError: Failed resolution of: Landroid/telephony/ims/feature/MMTelFeature;
09-06 22:43:34.456  3647  3647 E AndroidRuntime: 	at java.lang.Class.newInstance(Native Method)
09-06 22:43:34.456  3647  3647 E AndroidRuntime: 	at android.app.AppComponentFactory.instantiateService(AppComponentFactory.java:103)
09-06 22:43:34.456  3647  3647 E AndroidRuntime: 	at android.app.ActivityThread.handleCreateService(ActivityThread.java:3514)
09-06 22:43:34.456  3647  3647 E AndroidRuntime: 	at android.app.ActivityThread.access$1300(ActivityThread.java:199)
09-06 22:43:34.456  3647  3647 E AndroidRuntime: 	at android.app.ActivityThread$H.handleMessage(ActivityThread.java:1666)
09-06 22:43:34.456  3647  3647 E AndroidRuntime: 	at android.os.Handler.dispatchMessage(Handler.java:106)
09-06 22:43:34.456  3647  3647 E AndroidRuntime: 	at android.os.Looper.loop(Looper.java:193)
09-06 22:43:34.456  3647  3647 E AndroidRuntime: 	at android.app.ActivityThread.main(ActivityThread.java:6669)
09-06 22:43:34.456  3647  3647 E AndroidRuntime: 	at java.lang.reflect.Method.invoke(Native Method)
09-06 22:43:34.456  3647  3647 E AndroidRuntime: 	at com.android.internal.os.RuntimeInit$MethodAndArgsCaller.run(RuntimeInit.java:495)
09-06 22:43:34.456  3647  3647 E AndroidRuntime: 	at com.android.internal.os.ZygoteInit.main(ZygoteInit.java:858)
09-06 22:43:34.456  3647  3647 E AndroidRuntime: Caused by: java.lang.ClassNotFoundException: Didn't find class "android.telephony.ims.feature.MMTelFeature" on path: DexPathList[[zip file "/system/vendor/app/ims/ims.apk"],nativeLibraryDirectories=[/system/vendor/app/ims/lib/arm64, /system/vendor/app/ims/ims.apk!/lib/arm64-v8a, /system/lib64, /system/vendor/lib64, /system/lib64, /system/vendor/lib64]]
09-06 22:43:34.456  3647  3647 E AndroidRuntime: 	at dalvik.system.BaseDexClassLoader.findClass(BaseDexClassLoader.java:134)
09-06 22:43:34.456  3647  3647 E AndroidRuntime: 	at java.lang.ClassLoader.loadClass(ClassLoader.java:379)
09-06 22:43:34.456  3647  3647 E AndroidRuntime: 	at java.lang.ClassLoader.loadClass(ClassLoader.java:312)
09-06 22:43:34.456  3647  3647 E AndroidRuntime: 	... 11 more
09-06 22:43:34.457  1525  2988 W ActivityManager: Process com.android.phone has crashed too many times: killing!
09-06 22:43:34.465   593   593 I ServiceManager: service 'iphonesubinfo' died
09-06 22:43:34.465   593   593 I ServiceManager: service 'isms' died
09-06 22:43:34.465   593   593 I ServiceManager: service 'phone' died
09-06 22:43:34.465   593   593 I ServiceManager: service 'carrier_config' died
09-06 22:43:34.465   593   593 I ServiceManager: service 'simphonebook' died
09-06 22:43:34.465   593   593 I ServiceManager: service 'isub' died
09-06 22:43:34.465   593   593 I ServiceManager: service 'sip' died
09-06 22:43:34.466  1525  2228 D ConnectivityService: unregisterNetworkFactory for PhoneSwitcherNetworkRequstListener
09-06 22:43:34.466  1525  2228 D ConnectivityService: unregisterNetworkFactory for TelephonyNetworkFactory[0]
09-06 22:43:34.466  1525  2228 D ConnectivityService: unregisterNetworkFactory for TelephonyNetworkFactory[1]
09-06 22:43:34.466  1525  2853 I ActivityManager: Process com.android.phone (pid 3647) has died: pers PER 
09-06 22:43:34.466   654   654 I Zygote  : Process 3647 exited due to signal (9)
09-06 22:43:34.467  1525  2853 W ActivityManager: Scheduling restart of crashed service com.android.phone/.TelephonyDebugService in 0ms
09-06 22:43:34.468  1525  2853 W ActivityManager: Re-adding persistent process ProcessRecord{a2ec793 3647:com.android.phone/1001}
09-06 22:43:34.475  3811  3811 I Zygote  : seccomp disabled by setenforce 0
09-06 22:43:34.480  1525  1708 I ActivityManager: Start proc 3811:com.android.phone/1001 for restart com.android.phone
09-06 22:43:34.520  3811  3811 I chatty  : uid=1001(radio) com.android.phone identical 266 lines
09-06 22:43:34.555   687  2256 E android.hardware.usb@1.0-service: uevent received SUBSYSTEM=dual_role_usb
09-06 22:43:34.555   687  2256 I android.hardware.usb@1.0-service: otg_default
09-06 22:43:34.555   687  2256 I android.hardware.usb@1.0-service: canChangeMode: 0 canChagedata: 0 canChangePower:0
09-06 22:43:34.555  1525  1744 I UsbPortManager: ClientCallback: otg_default
09-06 22:43:34.556  1525  1712 I UsbPortManager: USB port changed: port=UsbPort{id=otg_default, supportedModes=dual}, status=UsbPortStatus{connected=true, currentMode=ufp, currentPowerRole=sink, currentDataRole=device, supportedRoleCombinations=[sink:device]}, canChangeMode=false, canChangePowerRole=false, canChangeDataRole=false
09-06 22:43:34.634  1525  2228 D ConnectivityService: Got NetworkFactory Messenger for PhoneSwitcherNetworkRequstListener
09-06 22:43:34.637  1525  2228 D ConnectivityService: Got NetworkFactory Messenger for TelephonyNetworkFactory[0]
09-06 22:43:34.638  1525  2228 D ConnectivityService: Got NetworkFactory Messenger for TelephonyNetworkFactory[1]
09-06 22:43:34.652   662  1109 D audio_hw_primary: adev_set_parameters: enter: HACSetting=OFF
09-06 22:43:34.652   662  1109 D audio_hw_extn: audio_extn_set_anc_parameters: anc_enabled:0
09-06 22:43:34.652   662  1109 D audio_hw_spkr_prot: audio_extn_fbsp_set_parameters: Speaker protection disabled
09-06 22:43:34.654  3811  3811 I TelecomFramework: TtyManager: updateUiTtyMode -1 -> 0
09-06 22:43:34.655  3811  3811 I TelecomFramework: TtyManager: updateUiTtyMode -1 -> 0
09-06 22:43:34.660  1525  2851 I chatty  : uid=1000(system) Binder:1525_9 expire 1 line
09-06 22:43:34.661   591   591 W hwservicemanager: getTransport: Cannot find entry android.hardware.radio.config@1.0::IRadioConfig/default in either framework or device manifest.
09-06 22:43:34.673  2416  2542 I QCNEJ/CndHalConnector: -> SND notifyRatConnectionStatusChanged(rat = 0, DISCONNECTED)
09-06 22:43:34.704  2416  2542 I QCNEJ/CndHalConnector: -> SND notifyRatConnectionStatusChanged(rat = 0, DISCONNECTED)
09-06 22:43:34.714  2312  2312 W KeyguardUpdateMonitor: invalid subId in handleServiceStateChange()
09-06 22:43:34.716  2312  2312 W KeyguardUpdateMonitor: invalid subId in handleServiceStateChange()
09-06 22:43:34.731   662  1109 D audio_hw_primary: adev_set_parameters: enter: A2dpSuspended=false
09-06 22:43:34.731   662  1109 D audio_hw_extn: audio_extn_set_anc_parameters: anc_enabled:0
09-06 22:43:34.731   662  1109 D audio_hw_spkr_prot: audio_extn_fbsp_set_parameters: Speaker protection disabled
09-06 22:43:34.731  1525  2249 I chatty  : uid=1000(system) AudioService expire 1 line
09-06 22:43:34.732   662  1109 D audio_hw_primary: adev_set_parameters: enter: BT_SCO=off
09-06 22:43:34.732   662  1109 D audio_hw_extn: audio_extn_set_anc_parameters: anc_enabled:0
09-06 22:43:34.732   662  1109 D audio_hw_spkr_prot: audio_extn_fbsp_set_parameters: Speaker protection disabled
09-06 22:43:34.732   720  2317 D AudioPolicyManagerCustom: setForceUse() usage 0, config 0, mPhoneState 0
09-06 22:43:34.732   720  2317 D AudioPolicyManagerCustom: setForceUse() usage 2, config 0, mPhoneState 0
09-06 22:43:34.732   720  2317 D AudioPolicyManagerCustom: setForceUse() usage 7, config 0, mPhoneState 0
09-06 22:43:34.735  3811  3831 I chatty  : uid=1001(radio) com.android.phone expire 3 lines
09-06 22:43:34.737  3811  3811 E AndroidRuntime: FATAL EXCEPTION: main
09-06 22:43:34.737  3811  3811 E AndroidRuntime: Process: com.android.phone, PID: 3811
09-06 22:43:34.737  3811  3811 E AndroidRuntime: java.lang.NoClassDefFoundError: Failed resolution of: Landroid/telephony/ims/feature/MMTelFeature;
09-06 22:43:34.737  3811  3811 E AndroidRuntime: 	at java.lang.Class.newInstance(Native Method)
09-06 22:43:34.737  3811  3811 E AndroidRuntime: 	at android.app.AppComponentFactory.instantiateService(AppComponentFactory.java:103)
09-06 22:43:34.737  3811  3811 E AndroidRuntime: 	at android.app.ActivityThread.handleCreateService(ActivityThread.java:3514)
09-06 22:43:34.737  3811  3811 E AndroidRuntime: 	at android.app.ActivityThread.access$1300(ActivityThread.java:199)
09-06 22:43:34.737  3811  3811 E AndroidRuntime: 	at android.app.ActivityThread$H.handleMessage(ActivityThread.java:1666)
09-06 22:43:34.737  3811  3811 E AndroidRuntime: 	at android.os.Handler.dispatchMessage(Handler.java:106)
09-06 22:43:34.737  3811  3811 E AndroidRuntime: 	at android.os.Looper.loop(Looper.java:193)
09-06 22:43:34.737  3811  3811 E AndroidRuntime: 	at android.app.ActivityThread.main(ActivityThread.java:6669)
09-06 22:43:34.737  3811  3811 E AndroidRuntime: 	at java.lang.reflect.Method.invoke(Native Method)
09-06 22:43:34.737  3811  3811 E AndroidRuntime: 	at com.android.internal.os.RuntimeInit$MethodAndArgsCaller.run(RuntimeInit.java:495)
09-06 22:43:34.737  3811  3811 E AndroidRuntime: 	at com.android.internal.os.ZygoteInit.main(ZygoteInit.java:858)
09-06 22:43:34.737  3811  3811 E AndroidRuntime: Caused by: java.lang.ClassNotFoundException: Didn't find class "android.telephony.ims.feature.MMTelFeature" on path: DexPathList[[zip file "/system/vendor/app/ims/ims.apk"],nativeLibraryDirectories=[/system/vendor/app/ims/lib/arm64, /system/vendor/app/ims/ims.apk!/lib/arm64-v8a, /system/lib64, /system/vendor/lib64, /system/lib64, /system/vendor/lib64]]
09-06 22:43:34.737  3811  3811 E AndroidRuntime: 	at dalvik.system.BaseDexClassLoader.findClass(BaseDexClassLoader.java:134)
09-06 22:43:34.737  3811  3811 E AndroidRuntime: 	at java.lang.ClassLoader.loadClass(ClassLoader.java:379)
09-06 22:43:34.737  3811  3811 E AndroidRuntime: 	at java.lang.ClassLoader.loadClass(ClassLoader.java:312)
09-06 22:43:34.737  3811  3811 E AndroidRuntime: 	... 11 more
09-06 22:43:34.738  1525  2853 W RescueParty: Noticed 2 events for UID 1001 in last 0 sec
09-06 22:43:34.738  1525  2853 W ActivityManager: Process com.android.phone has crashed too many times: killing!
09-06 22:43:34.749   593   593 I ServiceManager: service 'iphonesubinfo' died
09-06 22:43:34.750   593   593 I ServiceManager: service 'isms' died
09-06 22:43:34.750   593   593 I ServiceManager: service 'phone' died
09-06 22:43:34.750   593   593 I ServiceManager: service 'carrier_config' died
09-06 22:43:34.750   593   593 I ServiceManager: service 'sip' died
09-06 22:43:34.750   593   593 I ServiceManager: service 'isub' died
09-06 22:43:34.750   593   593 I ServiceManager: service 'simphonebook' died
09-06 22:43:34.750  1525  2228 D ConnectivityService: unregisterNetworkFactory for PhoneSwitcherNetworkRequstListener
09-06 22:43:34.750  1525  2853 I ActivityManager: Process com.android.phone (pid 3811) has died: pers PER 
09-06 22:43:34.750  1525  2228 D ConnectivityService: unregisterNetworkFactory for TelephonyNetworkFactory[1]
09-06 22:43:34.750   654   654 I Zygote  : Process 3811 exited due to signal (9)
09-06 22:43:34.750  1525  1709 I chatty  : uid=1000(system) ActivityManager expire 2 lines
09-06 22:43:34.750  1525  2228 D ConnectivityService: unregisterNetworkFactory for TelephonyNetworkFactory[0]
09-06 22:43:34.751  1525  2853 W ActivityManager: Scheduling restart of crashed service com.android.phone/.TelephonyDebugService in 0ms
09-06 22:43:34.752  1525  2853 W ActivityManager: Re-adding persistent process ProcessRecord{a2ec793 3811:com.android.phone/1001}
09-06 22:43:34.759  3890  3890 I Zygote  : seccomp disabled by setenforce 0
09-06 22:43:34.764  1525  1708 I ActivityManager: Start proc 3890:com.android.phone/1001 for restart com.android.phone
09-06 22:43:34.807  3890  3890 I chatty  : uid=1001(radio) com.android.phone identical 266 lines
09-06 22:43:34.817  1525  1712 D UsbDeviceManager: push notification:Charging this device via USB
09-06 22:43:34.871  1525  1702 I chatty  : uid=1000(system) Binder:1525_1 expire 1 line
09-06 22:43:34.871  1525  1702 I DefaultPermGrantPolicy: Granting permissions to enabled data services for user:0
09-06 22:43:34.915  1525  2853 I DefaultPermGrantPolicy: Revoking permissions from disabled data services for user:0
09-06 22:43:34.915  1525  2853 I DefaultPermGrantPolicy: Granting permissions to enabled data services for user:0
09-06 22:43:34.932   685   685 I sensors@1.0-ser: type=1400 audit(0.0:721): avc: denied { read } for scontext=u:r:hal_sensors_default:s0 tcontext=u:r:hal_sensors_default:s0 tclass=socket permissive=1
09-06 22:43:34.962  1525  2228 D ConnectivityService: Got NetworkFactory Messenger for PhoneSwitcherNetworkRequstListener
09-06 22:43:34.971  1525  2228 D ConnectivityService: Got NetworkFactory Messenger for TelephonyNetworkFactory[0]
09-06 22:43:34.972  1525  2228 D ConnectivityService: Got NetworkFactory Messenger for TelephonyNetworkFactory[1]
09-06 22:43:34.990   662   662 D audio_hw_primary: adev_set_parameters: enter: HACSetting=OFF
09-06 22:43:34.990   662   662 D audio_hw_extn: audio_extn_set_anc_parameters: anc_enabled:0
09-06 22:43:34.990   662   662 D audio_hw_spkr_prot: audio_extn_fbsp_set_parameters: Speaker protection disabled
09-06 22:43:34.995  3890  3890 I TelecomFramework: TtyManager: updateUiTtyMode -1 -> 0
09-06 22:43:34.998  3890  3890 I TelecomFramework: TtyManager: updateUiTtyMode -1 -> 0
09-06 22:43:35.006  1525  2288 I DefaultPermGrantPolicy: Granting permissions to enabled ImsServices for user:0
09-06 22:43:35.009   591   591 W hwservicemanager: getTransport: Cannot find entry android.hardware.radio.config@1.0::IRadioConfig/default in either framework or device manifest.
09-06 22:43:35.028  2416  2542 I QCNEJ/CndHalConnector: -> SND notifyRatConnectionStatusChanged(rat = 0, DISCONNECTED)
09-06 22:43:35.062  2416  2542 I QCNEJ/CndHalConnector: -> SND notifyRatConnectionStatusChanged(rat = 0, DISCONNECTED)
09-06 22:43:35.075  2312  2312 W KeyguardUpdateMonitor: invalid subId in handleServiceStateChange()
09-06 22:43:35.078  2312  2312 W KeyguardUpdateMonitor: invalid subId in handleServiceStateChange()
09-06 22:43:35.107  3890  3910 I chatty  : uid=1001(radio) com.android.phone expire 2 lines
09-06 22:43:35.109  3890  3890 E AndroidRuntime: FATAL EXCEPTION: main
09-06 22:43:35.109  3890  3890 E AndroidRuntime: Process: com.android.phone, PID: 3890
09-06 22:43:35.109  3890  3890 E AndroidRuntime: java.lang.NoClassDefFoundError: Failed resolution of: Landroid/telephony/ims/feature/MMTelFeature;
09-06 22:43:35.109  3890  3890 E AndroidRuntime: 	at java.lang.Class.newInstance(Native Method)
09-06 22:43:35.109  3890  3890 E AndroidRuntime: 	at android.app.AppComponentFactory.instantiateService(AppComponentFactory.java:103)
09-06 22:43:35.109  3890  3890 E AndroidRuntime: 	at android.app.ActivityThread.handleCreateService(ActivityThread.java:3514)
09-06 22:43:35.109  3890  3890 E AndroidRuntime: 	at android.app.ActivityThread.access$1300(ActivityThread.java:199)
09-06 22:43:35.109  3890  3890 E AndroidRuntime: 	at android.app.ActivityThread$H.handleMessage(ActivityThread.java:1666)
09-06 22:43:35.109  3890  3890 E AndroidRuntime: 	at android.os.Handler.dispatchMessage(Handler.java:106)
09-06 22:43:35.109  3890  3890 E AndroidRuntime: 	at android.os.Looper.loop(Looper.java:193)
09-06 22:43:35.109  3890  3890 E AndroidRuntime: 	at android.app.ActivityThread.main(ActivityThread.java:6669)
09-06 22:43:35.109  3890  3890 E AndroidRuntime: 	at java.lang.reflect.Method.invoke(Native Method)
09-06 22:43:35.109  3890  3890 E AndroidRuntime: 	at com.android.internal.os.RuntimeInit$MethodAndArgsCaller.run(RuntimeInit.java:495)
09-06 22:43:35.109  3890  3890 E AndroidRuntime: 	at com.android.internal.os.ZygoteInit.main(ZygoteInit.java:858)
09-06 22:43:35.109  3890  3890 E AndroidRuntime: Caused by: java.lang.ClassNotFoundException: Didn't find class "android.telephony.ims.feature.MMTelFeature" on path: DexPathList[[zip file "/system/vendor/app/ims/ims.apk"],nativeLibraryDirectories=[/system/vendor/app/ims/lib/arm64, /system/vendor/app/ims/ims.apk!/lib/arm64-v8a, /system/lib64, /system/vendor/lib64, /system/lib64, /system/vendor/lib64]]
09-06 22:43:35.109  3890  3890 E AndroidRuntime: 	at dalvik.system.BaseDexClassLoader.findClass(BaseDexClassLoader.java:134)
09-06 22:43:35.109  3890  3890 E AndroidRuntime: 	at java.lang.ClassLoader.loadClass(ClassLoader.java:379)
09-06 22:43:35.109  3890  3890 E AndroidRuntime: 	at java.lang.ClassLoader.loadClass(ClassLoader.java:312)
09-06 22:43:35.109  3890  3890 E AndroidRuntime: 	... 11 more
09-06 22:43:35.110  1525  2288 V RescueParty: Disabled because of active USB connection
09-06 22:43:35.110  1525  2288 W ActivityManager: Process com.android.phone has crashed too many times: killing!
09-06 22:43:35.119   593   593 I ServiceManager: service 'iphonesubinfo' died
09-06 22:43:35.119   593   593 I ServiceManager: service 'isms' died
09-06 22:43:35.119   593   593 I ServiceManager: service 'phone' died
09-06 22:43:35.119   593   593 I ServiceManager: service 'carrier_config' died
09-06 22:43:35.119   593   593 I ServiceManager: service 'sip' died
09-06 22:43:35.119   593   593 I ServiceManager: service 'simphonebook' died
09-06 22:43:35.119   593   593 I ServiceManager: service 'isub' died
09-06 22:43:35.120  1525  2228 D ConnectivityService: unregisterNetworkFactory for PhoneSwitcherNetworkRequstListener
09-06 22:43:35.120  1525  2228 D ConnectivityService: unregisterNetworkFactory for TelephonyNetworkFactory[0]
09-06 22:43:35.120  1525  2228 D ConnectivityService: unregisterNetworkFactory for TelephonyNetworkFactory[1]
09-06 22:43:35.120  1525  2288 I ActivityManager: Process com.android.phone (pid 3890) has died: pers PER 
09-06 22:43:35.121   654   654 I Zygote  : Process 3890 exited due to signal (9)
09-06 22:43:35.121  1525  1709 W libprocessgroup: kill(-3890, 9) failed: No such process
09-06 22:43:35.121  1525  1709 I libprocessgroup: Successfully killed process cgroup uid 1001 pid 3890 in 0ms
09-06 22:43:35.121  1525  2288 W ActivityManager: Scheduling restart of crashed service com.android.phone/.TelephonyDebugService in 0ms
09-06 22:43:35.122  1525  2288 W ActivityManager: Re-adding persistent process ProcessRecord{a2ec793 3890:com.android.phone/1001}
09-06 22:43:35.131  3966  3966 I Zygote  : seccomp disabled by setenforce 0
09-06 22:43:35.135  1525  1708 I ActivityManager: Start proc 3966:com.android.phone/1001 for restart com.android.phone
09-06 22:43:35.159  2292  2292 I LatinIME: Timeout waiting for dictionary load
09-06 22:43:35.165   786   786 I sensors.qcom: type=1400 audit(0.0:722): avc: denied { ioctl } for path="/dev/sensors" dev="tmpfs" ino=21559 ioctlcmd=6403 scontext=u:r:init:s0 tcontext=u:object_r:device:s0 tclass=chr_file permissive=1
09-06 22:43:35.165   786   786 I sensors.qcom: type=1400 audit(0.0:723): avc: denied { write } for scontext=u:r:init:s0 tcontext=u:r:init:s0 tclass=socket permissive=1
09-06 22:43:35.196  3966  3966 I chatty  : uid=1001(radio) com.android.phone expire 123 lines
09-06 22:43:35.206  3211  3381 V MediaProvider: pruneThumbnails 
09-06 22:43:35.209  3211  3381 V MediaProvider: /pruneDeadThumbnailFiles... 
09-06 22:43:35.217  2452  3208 I chatty  : uid=1001(radio) HwBinder:2452_1 expire 2 lines
09-06 22:43:35.217  2452  2452 I chatty  : uid=1001(radio) com.qualcomm.qcrilmsgtunnel expire 2 lines
09-06 22:43:35.287  1525  2401 I DefaultPermGrantPolicy: Revoking permissions from disabled data services for user:0
09-06 22:43:35.287  1525  2401 I DefaultPermGrantPolicy: Granting permissions to enabled data services for user:0
09-06 22:43:35.288  2312  2312 I vol.Events: writeEvent dismiss_dialog timeout
09-06 22:43:35.382  1525  2288 I DefaultPermGrantPolicy: Revoking permissions from disabled data services for user:0
09-06 22:43:35.383  1525  2288 I DefaultPermGrantPolicy: Granting permissions to enabled data services for user:0
09-06 22:43:35.389  3799  3799 I uncrypt : type=1400 audit(0.0:724): avc: denied { write } for name="sda4" dev="tmpfs" ino=20488 scontext=u:r:uncrypt:s0 tcontext=u:object_r:block_device:s0 tclass=blk_file permissive=1
09-06 22:43:35.389  3799  3799 I uncrypt : type=1400 audit(0.0:725): avc: denied { open } for path="/dev/block/sda4" dev="tmpfs" ino=20488 scontext=u:r:uncrypt:s0 tcontext=u:object_r:block_device:s0 tclass=blk_file permissive=1
09-06 22:43:35.392  3799  3799 I /system/bin/uncrypt:   received command: [--prompt_and_wipe_data
09-06 22:43:35.392  3799  3799 I /system/bin/uncrypt: --reason=RescueParty
09-06 22:43:35.392  3799  3799 I /system/bin/uncrypt: --locale=en_US
09-06 22:43:35.392  3799  3799 I /system/bin/uncrypt: ] (59)
09-06 22:43:35.393  3799  3799 I /system/bin/uncrypt: [libfs_mgr]dt_fstab: Skip disabled entry for partition vendor
09-06 22:43:35.402  1525  3396 I RecoverySystemService: uncrypt setup bcb successfully finished.
09-06 22:43:35.404  3799  3799 I /system/bin/uncrypt:   received 0, exiting now
09-06 22:43:35.405  1525  1707 D ShutdownThread: Notifying thread to start shutdown longPressBehavior=1
09-06 22:43:35.464   674   800 D SDM     : DisplayBase::BuildLayerStackStats: LayerStack layer_count: 3, app_layer_count: 2, gpu_target_index: 2, display type: 0
09-06 22:43:35.472  1525  4010 I ShutdownThread: Sending shutdown broadcast...
09-06 22:43:35.480  1525  2228 D ConnectivityService: Got NetworkFactory Messenger for PhoneSwitcherNetworkRequstListener
09-06 22:43:35.481   674   800 D SDM     : DisplayBase::BuildLayerStackStats: LayerStack layer_count: 3, app_layer_count: 2, gpu_target_index: 2, display type: 0
09-06 22:43:35.489  1525  2228 D ConnectivityService: Got NetworkFactory Messenger for TelephonyNetworkFactory[0]
09-06 22:43:35.489  1525  2228 D ConnectivityService: Got NetworkFactory Messenger for TelephonyNetworkFactory[1]
09-06 22:43:35.490  1525  4009 I Adreno  : QUALCOMM build                   : 4bff8b9, Ida6448821d
09-06 22:43:35.490  1525  4009 I Adreno  : Build Date                       : 06/14/18
09-06 22:43:35.490  1525  4009 I Adreno  : OpenGL ES Shader Compiler Version: EV031.22.00.01
09-06 22:43:35.490  1525  4009 I Adreno  : Local Branch                     : 
09-06 22:43:35.490  1525  4009 I Adreno  : Remote Branch                    : refs/tags/AU_LINUX_ANDROID_LA.UM.6.4.R1.08.01.00.309.061
09-06 22:43:35.490  1525  4009 I Adreno  : Remote Branch                    : NONE
09-06 22:43:35.490  1525  4009 I Adreno  : Reconstruct Branch               : NOTHING
09-06 22:43:35.491  1525  4009 D vndksupport: Loading /vendor/lib64/hw/gralloc.msm8998.so from current namespace instead of sphal namespace.
09-06 22:43:35.497   674   800 D SDM     : DisplayBase::BuildLayerStackStats: LayerStack layer_count: 3, app_layer_count: 2, gpu_target_index: 2, display type: 0
09-06 22:43:35.503  1525  4009 I Adreno  : PFP: 0x005ff087, ME: 0x005ff063
09-06 22:43:35.510  1525  4009 I ConfigStore: android::hardware::configstore::V1_0::ISurfaceFlingerConfigs::hasWideColorDisplay retrieved: 0
09-06 22:43:35.510  1525  4009 I ConfigStore: android::hardware::configstore::V1_0::ISurfaceFlingerConfigs::hasHDRDisplay retrieved: 0
09-06 22:43:35.511  1525  4009 I OpenGLRenderer: Initialized EGL, version 1.4
09-06 22:43:35.512  1525  4009 D OpenGLRenderer: Swap behavior 2
09-06 22:43:35.513   662   662 D audio_hw_primary: adev_set_parameters: enter: HACSetting=OFF
09-06 22:43:35.513   674   800 D SDM     : DisplayBase::BuildLayerStackStats: LayerStack layer_count: 3, app_layer_count: 2, gpu_target_index: 2, display type: 0
09-06 22:43:35.513   662   662 D audio_hw_extn: audio_extn_set_anc_parameters: anc_enabled:0
09-06 22:43:35.513   662   662 D audio_hw_spkr_prot: audio_extn_fbsp_set_parameters: Speaker protection disabled
09-06 22:43:35.516  3966  3966 I TelecomFramework: TtyManager: updateUiTtyMode -1 -> 0
09-06 22:43:35.519  3966  3966 I TelecomFramework: TtyManager: updateUiTtyMode -1 -> 0
09-06 22:43:35.527  1525  4009 D vndksupport: Loading /vendor/lib64/hw/android.hardware.graphics.mapper@2.0-impl.so from current namespace instead of sphal namespace.
09-06 22:43:35.527  1525  2288 I DefaultPermGrantPolicy: Granting permissions to enabled ImsServices for user:0
09-06 22:43:35.527  1525  4009 D vndksupport: Loading /vendor/lib64/hw/gralloc.msm8998.so from current namespace instead of sphal namespace.
09-06 22:43:35.530   591   591 W hwservicemanager: getTransport: Cannot find entry android.hardware.radio.config@1.0::IRadioConfig/default in either framework or device manifest.
09-06 22:43:35.551  2416  2542 I QCNEJ/CndHalConnector: -> SND notifyRatConnectionStatusChanged(rat = 0, DISCONNECTED)
09-06 22:43:35.565  2416  2542 I chatty  : uid=1000(system) MainEventThread identical 1 line
09-06 22:43:35.588  2416  2542 I QCNEJ/CndHalConnector: -> SND notifyRatConnectionStatusChanged(rat = 0, DISCONNECTED)
09-06 22:43:35.596   674   800 D SDM     : DisplayBase::BuildLayerStackStats: LayerStack layer_count: 4, app_layer_count: 3, gpu_target_index: 3, display type: 0
