10-15 05:55:39.438   645   645 I vold    : Vold 3.0 (the awakening) firing up
10-15 05:55:39.439   645   645 V vold    : Detected support for: ext4 vfat
10-15 05:55:39.444   645   645 W vold    : Failed to LOOP_GET_STATUS64 /dev/block/loop5: No such device or address
10-15 05:55:39.444   645   645 W vold    : Failed to LOOP_GET_STATUS64 /dev/block/loop7: No such device or address
10-15 05:55:39.444   645   645 W vold    : Failed to LOOP_GET_STATUS64 /dev/block/loop3: No such device or address
10-15 05:55:39.444   645   645 W vold    : Failed to LOOP_GET_STATUS64 /dev/block/loop0: No such device or address
10-15 05:55:39.444   645   645 W vold    : Failed to LOOP_GET_STATUS64 /dev/block/loop2: No such device or address
10-15 05:55:39.444   645   645 W vold    : Failed to LOOP_GET_STATUS64 /dev/block/loop6: No such device or address
10-15 05:55:39.444   645   645 W vold    : Failed to LOOP_GET_STATUS64 /dev/block/loop4: No such device or address
10-15 05:55:39.444   645   645 W vold    : Failed to LOOP_GET_STATUS64 /dev/block/loop1: No such device or address
10-15 05:55:39.445   645   645 I vold    : [libfs_mgr]dt_fstab: Skip disabled entry for partition vendor
10-15 05:55:39.445   645   645 D vold    : VoldNativeService::start() completed OK
10-15 05:55:39.459   645   649 D vold    : e4crypt_init_user0
10-15 05:55:39.459   645   649 D vold    : e4crypt_prepare_user_storage for volume null, user 0, serial 0, flags 1
10-15 05:55:39.459   645   649 D vold    : Preparing: /data/system/users/0
10-15 05:55:39.459   645   649 D vold    : Preparing: /data/misc/profiles/cur/0
10-15 05:55:39.459   645   649 D vold    : Preparing: /data/system_de/0
10-15 05:55:39.460   645   649 D vold    : Preparing: /data/misc_de/0
10-15 05:55:39.460   645   649 D vold    : Preparing: /data/vendor_de/0
10-15 05:55:39.460   645   649 D vold    : Preparing: /data/user_de/0
10-15 05:55:39.460   645   649 V vold    : /system/bin/vold_prepare_subdirs
10-15 05:55:39.460   645   649 V vold    :     prepare
10-15 05:55:39.460   645   649 V vold    :     
10-15 05:55:39.460   645   649 V vold    :     0
10-15 05:55:39.460   645   649 V vold    :     1
10-15 05:55:39.485   645   649 D vold    : e4crypt_unlock_user_key 0 serial=0 token_present=0
10-15 05:55:39.638   698   698 I irsc_util: Starting irsc tool
10-15 05:55:39.644   698   698 I irsc_util: Num of entries:293
10-15 05:55:39.644   698   698 I irsc_util: Ending irsc tool
10-15 05:55:39.708   690   690 I android.hardware.wifi@1.0-service: Wifi Hal is booting up...
10-15 05:55:39.877   810   810 I installd: installd firing up
10-15 05:55:39.912   820   820 I wificond: wificond is starting up...
10-15 05:55:42.677   825   939 D QMI_FW  : chen-screen on: is_screen_off = 0 
10-15 05:55:43.137   884   933 D QMI_FW  : chen-screen on: is_screen_off = 0 
10-15 05:55:45.579   818   936 E storaged: getService package_native failed
10-15 05:55:45.587   818   936 I storaged: storaged: Start
10-15 05:55:45.589   818   936 E storaged: getDiskStats failed with result NOT_SUPPORTED and size 0
10-15 05:55:50.678   818   936 E storaged: getService package_native failed
10-15 05:55:56.102   655   655 D Zygote32Timing: PostZygoteInitGC took to complete: 6ms
10-15 05:55:56.102   655   655 D Zygote32Timing: ZygoteInit took to complete: 6ms
10-15 05:55:56.761   654   654 D Zygote64Timing: BeginIcuCachePinning took to complete: 11ms
10-15 05:55:57.075   654   654 D Zygote64Timing: PreloadClasses took to complete: 313ms
10-15 05:55:57.179   654   654 D Zygote64Timing: PreloadResources took to complete: 105ms
10-15 05:55:57.210   654   654 D Zygote64Timing: ZygotePreload took to complete: 460ms
10-15 05:55:57.241   654   654 D Zygote64Timing: PostZygoteInitGC took to complete: 30ms
10-15 05:55:57.241   654   654 D Zygote64Timing: ZygoteInit took to complete: 491ms
10-15 05:56:03.366  1525  1525 I SystemServer: InitBeforeStartServices
10-15 05:56:03.366  1525  1525 I SystemServer: Entered the Android system server!
10-15 05:56:03.444  1525  1525 D SystemServerTiming: InitBeforeStartServices took to complete: 78ms
10-15 05:56:03.444  1525  1525 I SystemServer: StartServices
10-15 05:56:03.444  1525  1525 I SystemServer: Reading configuration...
10-15 05:56:03.444  1525  1525 I SystemServer: ReadingSystemConfig
10-15 05:56:03.445  1525  1525 D SystemServerTiming: ReadingSystemConfig took to complete: 0ms
10-15 05:56:03.445  1525  1525 I SystemServer: StartInstaller
10-15 05:56:03.445  1525  1525 I SystemServiceManager: Starting com.android.server.pm.Installer
10-15 05:56:03.445  1525  1704 D SystemServerInitThreadPool: Started executing ReadingSystemConfig
10-15 05:56:03.446  1525  1525 D SystemServerTiming: StartInstaller took to complete: 1ms
10-15 05:56:03.446  1525  1525 I SystemServer: DeviceIdentifiersPolicyService
10-15 05:56:03.446  1525  1525 I SystemServiceManager: Starting com.android.server.os.DeviceIdentifiersPolicyService
10-15 05:56:03.446  1525  1525 D SystemServerTiming: DeviceIdentifiersPolicyService took to complete: 1ms
10-15 05:56:03.446  1525  1525 I SystemServer: StartActivityManager
10-15 05:56:03.446  1525  1525 I SystemServiceManager: Starting com.android.server.am.ActivityManagerService$Lifecycle
10-15 05:56:03.453  1525  1525 I ActivityManager: Memory class: 256
10-15 05:56:03.457  1525  1525 D BatteryStatsImpl: Reading daily items from /data/system/batterystats-daily.xml
10-15 05:56:03.460  1525  1710 E BatteryExternalStatsWorker: no controller energy info supplied for telephony
10-15 05:56:03.460  1525  1710 E KernelUidCpuFreqTimeReader: Failed to read /proc/uid_time_in_state: java.io.FileNotFoundException: /proc/uid_time_in_state (No such file or directory)
10-15 05:56:03.464  1525  1710 W KernelCpuProcReader: File not exist: /proc/uid_cpupower/concurrent_active_time
10-15 05:56:03.464  1525  1710 W KernelCpuProcReader: File not exist: /proc/uid_cpupower/concurrent_policy_time
10-15 05:56:03.468  1525  1704 D SystemServerInitThreadPool: Finished executing ReadingSystemConfig
10-15 05:56:03.470  1525  1710 E KernelUidCpuFreqTimeReader: Failed to read /proc/uid_time_in_state: java.io.FileNotFoundException: /proc/uid_time_in_state (No such file or directory)
10-15 05:56:03.494  1525  1525 W AppOps  : Unknown attribute in 'op' tag: n
10-15 05:56:03.496  1525  1525 I chatty  : uid=1000 system_server identical 82 lines
10-15 05:56:03.496  1525  1525 W AppOps  : Unknown attribute in 'op' tag: n
10-15 05:56:03.499  1525  1525 I IntentFirewall: Read new rules (A:0 B:0 S:0)
10-15 05:56:03.506  1525  1525 D AppOps  : AppOpsService published
10-15 05:56:03.506  1525  1525 D SystemServerTiming: StartActivityManager took to complete: 60ms
10-15 05:56:03.506  1525  1525 I SystemServer: StartPowerManager
10-15 05:56:03.506  1525  1525 I SystemServiceManager: Starting com.android.server.power.PowerManagerService
10-15 05:56:03.509  1525  1525 D SystemServerTiming: StartPowerManager took to complete: 3ms
10-15 05:56:03.509  1525  1525 I SystemServer: InitPowerManagement
10-15 05:56:03.510  1525  1525 D SystemServerTiming: InitPowerManagement took to complete: 0ms
10-15 05:56:03.510  1525  1525 I SystemServer: StartRecoverySystemService
10-15 05:56:03.510  1525  1525 I SystemServiceManager: Starting com.android.server.RecoverySystemService
10-15 05:56:03.510  1525  1525 D SystemServerTiming: StartRecoverySystemService took to complete: 1ms
10-15 05:56:03.511  1525  1525 W RescueParty: Noticed 1 events for UID 0 in last 26 sec
10-15 05:56:03.511  1525  1525 I SystemServer: StartLightsService
10-15 05:56:03.511  1525  1525 I SystemServiceManager: Starting com.android.server.lights.LightsService
10-15 05:56:03.511  1525  1525 D SystemServerTiming: StartLightsService took to complete: 0ms
10-15 05:56:03.511  1525  1525 I SystemServer: StartSidekickService
10-15 05:56:03.511  1525  1525 D SystemServerTiming: StartSidekickService took to complete: 0ms
10-15 05:56:03.511  1525  1525 I SystemServer: StartDisplayManager
10-15 05:56:03.511  1525  1525 I SystemServiceManager: Starting com.android.server.display.DisplayManagerService
10-15 05:56:03.513  1525  1525 D SystemServerTiming: StartDisplayManager took to complete: 2ms
10-15 05:56:03.513  1525  1525 I SystemServer: WaitForDisplay
10-15 05:56:03.513  1525  1525 I SystemServiceManager: Starting phase 100
10-15 05:56:03.517  1525  1714 I DisplayManagerService: Display device added: DisplayDeviceInfo{"Built-in Screen": uniqueId="local:0", 1080 x 2160, modeId 1, defaultModeId 1, supportedModes [{id=1, width=1080, height=2160, fps=60.000004}], colorMode 0, supportedColorModes [0], HdrCapabilities android.view.Display$HdrCapabilities@40f16308, density 420, 403.411 x 400.467 dpi, appVsyncOff 2000000, presDeadline 11666666, touch INTERNAL, rotation 0, type BUILT_IN, state UNKNOWN, FLAG_DEFAULT_DISPLAY, FLAG_ROTATES_WITH_CONTENT, FLAG_SECURE, FLAG_SUPPORTS_PROTECTED_BUFFERS}
10-15 05:56:03.518  1525  1525 D SystemServerTiming: WaitForDisplay took to complete: 5ms
10-15 05:56:03.518  1525  1714 I DisplayManagerService: Display device changed state: "Built-in Screen", ON
10-15 05:56:03.518  1525  1525 I SystemServer: StartPackageManagerService
10-15 05:56:03.528  1525  1525 D SELinuxMMAC: Using policy file /system/etc/selinux/plat_mac_permissions.xml
10-15 05:56:03.529  1525  1525 D SELinuxMMAC: Using policy file /vendor/etc/selinux/vendor_mac_permissions.xml
10-15 05:56:03.586  1525  1525 W PackageManager: Wiping cache directory because the system partition changed.
10-15 05:56:03.661  1525  1728 W PackageParser: Unknown element under <manifest>: meta-data at /system/priv-app/Dialer/Dialer.apk Binary XML file line #111
10-15 05:56:03.685  1525  1727 W PackageParser: No actions in intent filter at /system/priv-app/Contacts/Contacts.apk Binary XML file line #443
10-15 05:56:03.709  1525  1727 W PackageParser: Ignoring duplicate uses-permissions/uses-permissions-sdk-m: android.permission.INSTALL_GRANT_RUNTIME_PERMISSIONS in package: com.android.shell at: Binary XML file line #111
10-15 05:56:03.710  1525  1725 W PackageParser: Ignoring duplicate uses-permissions/uses-permissions-sdk-m: android.permission.CONFIGURE_WIFI_DISPLAY in package: com.android.systemui at: Binary XML file line #134
10-15 05:56:03.720  1525  1727 W PackageParser: Ignoring duplicate uses-permissions/uses-permissions-sdk-m: android.permission.READ_EXTERNAL_STORAGE in package: com.android.launcher3 at: Binary XML file line #80
10-15 05:56:03.779  1525  1732 W PackageParser: Ignoring duplicate uses-permissions/uses-permissions-sdk-m: android.permission.READ_CONTACTS in package: com.android.bluetooth at: Binary XML file line #61
10-15 05:56:03.780  1525  1732 W PackageParser: No actions in intent filter at /system/app/Bluetooth/Bluetooth.apk Binary XML file line #227
10-15 05:56:03.791  1525  1732 W PackageParser: Ignoring duplicate uses-permissions/uses-permissions-sdk-m: android.permission.CHANGE_WIFI_STATE in package: com.android.nfc at: Binary XML file line #47
10-15 05:56:03.791  1525  1732 W PackageParser: Ignoring duplicate uses-permissions/uses-permissions-sdk-m: android.permission.ACCESS_WIFI_STATE in package: com.android.nfc at: Binary XML file line #48
10-15 05:56:03.792  1525  1731 W PackageParser: No actions in intent filter at /system/app/CarrierDefaultApp/CarrierDefaultApp.apk Binary XML file line #52
10-15 05:56:03.827  1525  1525 I PackageManager: Finished scanning system apps. Time: 241 ms, packageCount: 97 , timePerPackage: 2 , cached: 0
10-15 05:56:03.828  1525  1525 I PackageManager: Finished scanning non-system apps. Time: 0 ms, packageCount: 0 , timePerPackage: 0 , cached: 0
10-15 05:56:03.828  1525  1525 E PackageManager: updateAllSharedLibrariesLPw failed: Package org.codeaurora.ims requires unavailable shared library com.qti.vzw.ims.internal; failing!
10-15 05:56:03.828  1525  1525 E PackageManager: updateAllSharedLibrariesLPw failed: Package com.qualcomm.qcrilmsgtunnel requires unavailable shared library android.hidl.manager@1.0-java; failing!
10-15 05:56:03.830  1525  1525 I PackageManager: Time to scan packages: 0.244 seconds
10-15 05:56:03.832  1525  1525 V PackageManager: reconcileAppsData for null u0 0x3 migrateAppData=true
10-15 05:56:03.885  1525  1525 V PackageManager: reconcileAppsData finished 25 packages
10-15 05:56:03.886  1525  1737 D SystemServerInitThreadPool: Started executing prepareAppData
10-15 05:56:03.916  1525  1525 D PackageManager: Ephemeral resolver NOT found; no matching intent filters
10-15 05:56:03.916  1525  1525 D PackageManager: Instant App installer not found with android.intent.action.INSTALL_INSTANT_APP_PACKAGE
10-15 05:56:03.916  1525  1525 D PackageManager: Clear ephemeral installer activity
10-15 05:56:03.938  1525  1737 D SystemServerTimingAsync: AppDataFixup took to complete: 52ms
10-15 05:56:03.955  1525  1525 D SystemServerTiming: StartPackageManagerService took to complete: 436ms
10-15 05:56:03.955  1525  1525 I SystemServer: StartOtaDexOptService
10-15 05:56:03.955  1525  1525 D OTADexopt: No upgrade, skipping A/B artifacts check.
10-15 05:56:03.955  1525  1525 D SystemServerTiming: StartOtaDexOptService took to complete: 0ms
10-15 05:56:03.955  1525  1525 I SystemServer: StartUserManagerService
10-15 05:56:03.955  1525  1525 I SystemServiceManager: Starting com.android.server.pm.UserManagerService$LifeCycle
10-15 05:56:03.956  1525  1525 D SystemServerTiming: StartUserManagerService took to complete: 0ms
10-15 05:56:03.956  1525  1525 I SystemServer: InitAttributerCache
10-15 05:56:03.956  1525  1525 D SystemServerTiming: InitAttributerCache took to complete: 0ms
10-15 05:56:03.956  1525  1525 I SystemServer: SetSystemProcess
10-15 05:56:03.959  1525  1525 D SystemServerTiming: SetSystemProcess took to complete: 3ms
10-15 05:56:03.960  1525  1525 I SystemServer: StartOverlayManagerService
10-15 05:56:03.960  1525  1525 D SystemServerTiming: StartOverlayManagerService took to complete: 1ms
10-15 05:56:03.961  1525  1742 D SystemServerInitThreadPool: Started executing Init OverlayManagerService
10-15 05:56:03.961  1525  1525 I SystemServer: StartBatteryService
10-15 05:56:03.961  1525  1743 D SystemServerInitThreadPool: Started executing StartSensorService
10-15 05:56:03.961  1525  1525 I SystemServiceManager: Starting com.android.server.BatteryService
10-15 05:56:03.966  1525  1710 E BatteryExternalStatsWorker: no controller energy info supplied for telephony
10-15 05:56:03.966  1525  1710 E KernelUidCpuFreqTimeReader: Failed to read /proc/uid_time_in_state: java.io.FileNotFoundException: /proc/uid_time_in_state (No such file or directory)
10-15 05:56:03.968  1525  1743 D SystemServerTimingAsync: StartSensorService took to complete: 8ms
10-15 05:56:03.968  1525  1743 D SystemServerInitThreadPool: Finished executing StartSensorService
10-15 05:56:03.969  1525  1710 E KernelUidCpuFreqTimeReader: Failed to read /proc/uid_time_in_state: java.io.FileNotFoundException: /proc/uid_time_in_state (No such file or directory)
10-15 05:56:03.971  1525  1525 I HealthServiceWrapper: health: HealthServiceWrapper listening to instance backup
10-15 05:56:03.971  1525  1525 I BatteryService: health: Waited 0ms and received the update.
10-15 05:56:03.972  1525  1525 D SystemServerTiming: StartBatteryService took to complete: 11ms
10-15 05:56:03.972  1525  1525 I SystemServer: StartUsageService
10-15 05:56:03.972  1525  1525 I SystemServiceManager: Starting com.android.server.usage.UsageStatsService
10-15 05:56:03.977  1525  1710 E KernelUidCpuFreqTimeReader: Failed to read /proc/uid_time_in_state: java.io.FileNotFoundException: /proc/uid_time_in_state (No such file or directory)
10-15 05:56:03.977  1525  1525 I UsageStatsService: User[0] Rollover scheduled @ 1970-10-16 05:56:03(24904563974)
10-15 05:56:03.977  1525  1525 D SystemServerTiming: StartUsageService took to complete: 5ms
10-15 05:56:03.977  1525  1525 I SystemServer: StartWebViewUpdateService
10-15 05:56:03.977  1525  1525 I SystemServiceManager: Starting com.android.server.webkit.WebViewUpdateService
10-15 05:56:03.978  1525  1525 D SystemServerTiming: StartWebViewUpdateService took to complete: 2ms
10-15 05:56:03.978  1525  1525 I SystemServer: StartBinderCallsStatsService
10-15 05:56:03.979  1525  1525 D SystemServerTiming: StartBinderCallsStatsService took to complete: 0ms
10-15 05:56:03.979  1525  1525 I SystemServer: StartKeyAttestationApplicationIdProviderService
10-15 05:56:03.979  1525  1704 D SystemServerInitThreadPool: Started executing SecondaryZygotePreload
10-15 05:56:03.979  1525  1704 I SystemServer: SecondaryZygotePreload
10-15 05:56:03.979  1525  1525 D SystemServerTiming: StartKeyAttestationApplicationIdProviderService took to complete: 0ms
10-15 05:56:03.979  1525  1525 I SystemServer: StartKeyChainSystemService
10-15 05:56:03.979  1525  1525 I SystemServiceManager: Starting com.android.server.security.KeyChainSystemService
10-15 05:56:03.979  1525  1525 D SystemServerTiming: StartKeyChainSystemService took to complete: 0ms
10-15 05:56:03.979  1525  1525 I SystemServer: StartSchedulingPolicyService
10-15 05:56:03.980  1525  1743 D SystemServerInitThreadPool: Started executing SchedulingPolicyService.<init>
10-15 05:56:03.980  1525  1525 D SystemServerTiming: StartSchedulingPolicyService took to complete: 1ms
10-15 05:56:03.980  1525  1525 I SystemServer: StartTelecomLoaderService
10-15 05:56:03.980  1525  1525 I SystemServiceManager: Starting com.android.server.telecom.TelecomLoaderService
10-15 05:56:03.980  1525  1525 D SystemServerTiming: StartTelecomLoaderService took to complete: 0ms
10-15 05:56:03.980  1525  1525 I SystemServer: StartTelephonyRegistry
10-15 05:56:03.981  1525  1525 D SystemServerTiming: StartTelephonyRegistry took to complete: 1ms
10-15 05:56:03.981  1525  1525 I SystemServer: StartEntropyMixer
10-15 05:56:03.982  1525  1525 W EntropyMixer: Failed to add HW RNG output to entropy pool
10-15 05:56:03.982  1525  1525 W EntropyMixer: java.io.FileNotFoundException: /dev/hw_random (Permission denied)
10-15 05:56:03.982  1525  1525 W EntropyMixer: 	at java.io.FileInputStream.open0(Native Method)
10-15 05:56:03.982  1525  1525 W EntropyMixer: 	at java.io.FileInputStream.open(FileInputStream.java:231)
10-15 05:56:03.982  1525  1525 W EntropyMixer: 	at java.io.FileInputStream.<init>(FileInputStream.java:165)
10-15 05:56:03.982  1525  1525 W EntropyMixer: 	at java.io.FileInputStream.<init>(FileInputStream.java:112)
10-15 05:56:03.982  1525  1525 W EntropyMixer: 	at com.android.server.RandomBlock.fromFile(RandomBlock.java:45)
10-15 05:56:03.982  1525  1525 W EntropyMixer: 	at com.android.server.EntropyMixer.addHwRandomEntropy(EntropyMixer.java:205)
10-15 05:56:03.982  1525  1525 W EntropyMixer: 	at com.android.server.EntropyMixer.<init>(EntropyMixer.java:115)
10-15 05:56:03.982  1525  1525 W EntropyMixer: 	at com.android.server.EntropyMixer.<init>(EntropyMixer.java:97)
10-15 05:56:03.982  1525  1525 W EntropyMixer: 	at com.android.server.SystemServer.startOtherServices(SystemServer.java:805)
10-15 05:56:03.982  1525  1525 W EntropyMixer: 	at com.android.server.SystemServer.run(SystemServer.java:431)
10-15 05:56:03.982  1525  1525 W EntropyMixer: 	at com.android.server.SystemServer.main(SystemServer.java:294)
10-15 05:56:03.982  1525  1525 W EntropyMixer: 	at java.lang.reflect.Method.invoke(Native Method)
10-15 05:56:03.982  1525  1525 W EntropyMixer: 	at com.android.internal.os.RuntimeInit$MethodAndArgsCaller.run(RuntimeInit.java:495)
10-15 05:56:03.982  1525  1525 W EntropyMixer: 	at com.android.internal.os.ZygoteInit.main(ZygoteInit.java:838)
10-15 05:56:03.982  1525  1525 I EntropyMixer: Writing entropy...
10-15 05:56:03.985  1525  1743 D SystemServerInitThreadPool: Finished executing SchedulingPolicyService.<init>
10-15 05:56:03.987  1525  1525 D SystemServerTiming: StartEntropyMixer took to complete: 5ms
10-15 05:56:03.987  1525  1525 I SystemServer: StartAccountManagerService
10-15 05:56:03.987  1525  1525 I SystemServiceManager: Starting com.android.server.accounts.AccountManagerService$Lifecycle
10-15 05:56:03.989  1525  1525 D SystemServerTiming: StartAccountManagerService took to complete: 3ms
10-15 05:56:03.989  1525  1525 I SystemServer: StartContentService
10-15 05:56:03.989  1525  1525 I SystemServiceManager: Starting com.android.server.content.ContentService$Lifecycle
10-15 05:56:03.990  1525  1525 D SystemServerTiming: StartContentService took to complete: 1ms
10-15 05:56:03.990  1525  1525 I SystemServer: InstallSystemProviders
10-15 05:56:04.010  1525  1525 I SettingsState: No settings state /data/system/users/0/settings_ssaid.xml
10-15 05:56:04.015  1525  1525 D SystemServerTiming: InstallSystemProviders took to complete: 24ms
10-15 05:56:04.015  1525  1525 I SystemServer: StartDropBoxManager
10-15 05:56:04.015  1525  1525 I SystemServiceManager: Starting com.android.server.DropBoxManagerService
10-15 05:56:04.015  1525  1525 D SystemServerTiming: StartDropBoxManager took to complete: 0ms
10-15 05:56:04.015  1525  1525 I SystemServer: StartVibratorService
10-15 05:56:04.018  1525  1525 D SystemServerTiming: StartVibratorService took to complete: 3ms
10-15 05:56:04.018  1525  1525 I SystemServer: StartConsumerIrService
10-15 05:56:04.019  1525  1525 D SystemServerTiming: StartConsumerIrService took to complete: 1ms
10-15 05:56:04.019  1525  1525 I SystemServer: StartAlarmManagerService
10-15 05:56:04.019  1525  1525 I SystemServiceManager: Starting com.android.server.AlarmManagerService
10-15 05:56:04.020  1525  1525 I AlarmManager: Current time only 24818164020, advancing to build time 1536273806000
09-06 22:43:26.002  1525  1525 D SystemServerTiming: StartAlarmManagerService took to complete: 3ms
09-06 22:43:26.002  1525  1525 I SystemServer: InitWatchdog
09-06 22:43:26.002  1525  1525 D SystemServerTiming: InitWatchdog took to complete: 0ms
09-06 22:43:26.002  1525  1525 I SystemServer: StartInputManagerService
09-06 22:43:26.002  1525  1525 I InputManager: Initializing input manager, mUseDevInputEventForAudioJack=true
09-06 22:43:26.002  1525  1525 D SystemServerTiming: StartInputManagerService took to complete: 1ms
09-06 22:43:26.002  1525  1525 I SystemServer: StartWindowManagerService
09-06 22:43:26.004   655   655 D ZygoteInitTiming_lazy: BeginIcuCachePinning took to complete: 5ms
09-06 22:43:26.007  1525  1714 I WindowManager: No existing display settings /data/system/display_settings.xml; starting empty
09-06 22:43:26.014  1525  1525 D SystemServerTiming: StartWindowManagerService took to complete: 11ms
09-06 22:43:26.014  1525  1525 I SystemServer: SetWindowManagerService
09-06 22:43:26.025  1525  1525 D SystemServerTiming: SetWindowManagerService took to complete: 12ms
09-06 22:43:26.025  1525  1525 I SystemServer: WindowManagerServiceOnInitReady
09-06 22:43:26.032  1525  1525 D SystemServerTiming: WindowManagerServiceOnInitReady took to complete: 6ms
09-06 22:43:26.032  1525  1525 I SystemServer: StartVrManagerService
09-06 22:43:26.032  1525  1743 D SystemServerInitThreadPool: Started executing StartHidlServices
09-06 22:43:26.032  1525  1525 I SystemServiceManager: Starting com.android.server.vr.VrManagerService
09-06 22:43:26.033  1525  1743 D SystemServerTimingAsync: StartHidlServices took to complete: 2ms
09-06 22:43:26.033  1525  1743 D SystemServerInitThreadPool: Finished executing StartHidlServices
09-06 22:43:26.034  1525  1525 D SystemServerTiming: StartVrManagerService took to complete: 3ms
09-06 22:43:26.034  1525  1525 I SystemServer: StartInputManager
09-06 22:43:26.034  1525  1525 I InputManager: Starting input manager
09-06 22:43:26.035  1525  1525 D SystemServerTiming: StartInputManager took to complete: 1ms
09-06 22:43:26.035  1525  1525 I SystemServer: DisplayManagerWindowManagerAndInputReady
09-06 22:43:26.035  1525  1525 D SystemServerTiming: DisplayManagerWindowManagerAndInputReady took to complete: 0ms
09-06 22:43:26.035  1525  1525 I SystemServer: StartBluetoothService
09-06 22:43:26.035  1525  1525 I SystemServiceManager: Starting com.android.server.BluetoothService
09-06 22:43:26.036  1525  1525 D BluetoothManagerService: Loading stored name and address
09-06 22:43:26.036  1525  1525 D BluetoothManagerService: Stored bluetooth Name=OnePlus 5T,Address=null
09-06 22:43:26.036  1525  1525 D BluetoothManagerService: Bluetooth persisted state: 1
09-06 22:43:26.036  1525  1525 D BluetoothManagerService: Startup: Bluetooth persisted state is ON.
09-06 22:43:26.036  1525  1525 D BluetoothManagerService: Detected SystemUiUid: 10031
09-06 22:43:26.036  1525  1525 D SystemServerTiming: StartBluetoothService took to complete: 1ms
09-06 22:43:26.037  1525  1525 I SystemServer: IpConnectivityMetrics
09-06 22:43:26.037  1525  1525 I SystemServiceManager: Starting com.android.server.connectivity.IpConnectivityMetrics
09-06 22:43:26.037  1525  1525 D SystemServerTiming: IpConnectivityMetrics took to complete: 1ms
09-06 22:43:26.037  1525  1525 I SystemServer: NetworkWatchlistService
09-06 22:43:26.037  1525  1525 I SystemServiceManager: Starting com.android.server.net.watchlist.NetworkWatchlistService$Lifecycle
09-06 22:43:26.039  1525  1525 I WatchlistSettings: Reload watchlist settings done
09-06 22:43:26.039  1525  1525 D SystemServerTiming: NetworkWatchlistService took to complete: 2ms
09-06 22:43:26.039  1525  1525 I SystemServer: PinnerService
09-06 22:43:26.039  1525  1764 I WatchlistLoggingHandler: No need to aggregate record yet.
09-06 22:43:26.039  1525  1764 I WatchlistLoggingHandler: Milliseconds spent on tryAggregateRecords(): 0
09-06 22:43:26.039  1525  1525 I SystemServiceManager: Starting com.android.server.PinnerService
09-06 22:43:26.040  1525  1525 D SystemServerTiming: PinnerService took to complete: 1ms
09-06 22:43:26.040  1525  1525 I SystemServer: StartInputMethodManagerLifecycle
09-06 22:43:26.040  1525  1705 D PinnerService: pinRangeStream: null
09-06 22:43:26.040  1525  1525 I SystemServiceManager: Starting com.android.server.InputMethodManagerService$Lifecycle
09-06 22:43:26.041  1525  1705 E PinnerService: Could not pin file /system/framework/arm64/boot-framework.oat
09-06 22:43:26.041  1525  1705 E PinnerService: android.system.ErrnoException: open failed: ENOENT (No such file or directory)
09-06 22:43:26.041  1525  1705 E PinnerService: 	at libcore.io.Linux.open(Native Method)
09-06 22:43:26.041  1525  1705 E PinnerService: 	at libcore.io.BlockGuardOs.open(BlockGuardOs.java:210)
09-06 22:43:26.041  1525  1705 E PinnerService: 	at android.system.Os.open(Os.java:358)
09-06 22:43:26.041  1525  1705 E PinnerService: 	at com.android.server.PinnerService.pinFileRanges(PinnerService.java:478)
09-06 22:43:26.041  1525  1705 E PinnerService: 	at com.android.server.PinnerService.pinFile(PinnerService.java:358)
09-06 22:43:26.041  1525  1705 E PinnerService: 	at com.android.server.PinnerService.handlePinOnStart(PinnerService.java:163)
09-06 22:43:26.041  1525  1705 E PinnerService: 	at com.android.server.PinnerService.access$600(PinnerService.java:70)
09-06 22:43:26.041  1525  1705 E PinnerService: 	at com.android.server.PinnerService$PinnerHandler.handleMessage(PinnerService.java:657)
09-06 22:43:26.041  1525  1705 E PinnerService: 	at android.os.Handler.dispatchMessage(Handler.java:106)
09-06 22:43:26.041  1525  1705 E PinnerService: 	at android.os.Looper.loop(Looper.java:193)
09-06 22:43:26.041  1525  1705 E PinnerService: 	at android.os.HandlerThread.run(HandlerThread.java:65)
09-06 22:43:26.041  1525  1705 E PinnerService: Failed to pin file = /system/framework/arm64/boot-framework.oat
09-06 22:43:26.041  1525  1705 D PinnerService: pinRangeStream: null
09-06 22:43:26.041  1525  1705 E PinnerService: Could not pin file /system/framework/boot-framework.vdex
09-06 22:43:26.041  1525  1705 E PinnerService: android.system.ErrnoException: open failed: ENOENT (No such file or directory)
09-06 22:43:26.041  1525  1705 E PinnerService: 	at libcore.io.Linux.open(Native Method)
09-06 22:43:26.041  1525  1705 E PinnerService: 	at libcore.io.BlockGuardOs.open(BlockGuardOs.java:210)
09-06 22:43:26.041  1525  1705 E PinnerService: 	at android.system.Os.open(Os.java:358)
09-06 22:43:26.041  1525  1705 E PinnerService: 	at com.android.server.PinnerService.pinFileRanges(PinnerService.java:478)
09-06 22:43:26.041  1525  1705 E PinnerService: 	at com.android.server.PinnerService.pinFile(PinnerService.java:358)
09-06 22:43:26.041  1525  1705 E PinnerService: 	at com.android.server.PinnerService.handlePinOnStart(PinnerService.java:163)
09-06 22:43:26.041  1525  1705 E PinnerService: 	at com.android.server.PinnerService.access$600(PinnerService.java:70)
09-06 22:43:26.041  1525  1705 E PinnerService: 	at com.android.server.PinnerService$PinnerHandler.handleMessage(PinnerService.java:657)
09-06 22:43:26.041  1525  1705 E PinnerService: 	at android.os.Handler.dispatchMessage(Handler.java:106)
09-06 22:43:26.041  1525  1705 E PinnerService: 	at android.os.Looper.loop(Looper.java:193)
09-06 22:43:26.041  1525  1705 E PinnerService: 	at android.os.HandlerThread.run(HandlerThread.java:65)
09-06 22:43:26.041  1525  1705 E PinnerService: Failed to pin file = /system/framework/boot-framework.vdex
09-06 22:43:26.041  1525  1705 D PinnerService: pinRangeStream: null
09-06 22:43:26.041  1525  1705 E PinnerService: Could not pin file /system/framework/oat/arm64/services.odex
09-06 22:43:26.041  1525  1705 E PinnerService: android.system.ErrnoException: open failed: ENOENT (No such file or directory)
09-06 22:43:26.041  1525  1705 E PinnerService: 	at libcore.io.Linux.open(Native Method)
09-06 22:43:26.041  1525  1705 E PinnerService: 	at libcore.io.BlockGuardOs.open(BlockGuardOs.java:210)
09-06 22:43:26.041  1525  1705 E PinnerService: 	at android.system.Os.open(Os.java:358)
09-06 22:43:26.041  1525  1705 E PinnerService: 	at com.android.server.PinnerService.pinFileRanges(PinnerService.java:478)
09-06 22:43:26.041  1525  1705 E PinnerService: 	at com.android.server.PinnerService.pinFile(PinnerService.java:358)
09-06 22:43:26.041  1525  1705 E PinnerService: 	at com.android.server.PinnerService.handlePinOnStart(PinnerService.java:163)
09-06 22:43:26.041  1525  1705 E PinnerService: 	at com.android.server.PinnerService.access$600(PinnerService.java:70)
09-06 22:43:26.041  1525  1705 E PinnerService: 	at com.android.server.PinnerService$PinnerHandler.handleMessage(PinnerService.java:657)
09-06 22:43:26.041  1525  1705 E PinnerService: 	at android.os.Handler.dispatchMessage(Handler.java:106)
09-06 22:43:26.041  1525  1705 E PinnerService: 	at android.os.Looper.loop(Looper.java:193)
09-06 22:43:26.041  1525  1705 E PinnerService: 	at android.os.HandlerThread.run(HandlerThread.java:65)
09-06 22:43:26.041  1525  1705 E PinnerService: Failed to pin file = /system/framework/oat/arm64/services.odex
09-06 22:43:26.041  1525  1705 D PinnerService: pinRangeStream: null
09-06 22:43:26.042  1525  1705 E PinnerService: Could not pin file /system/framework/oat/arm64/services.vdex
09-06 22:43:26.042  1525  1705 E PinnerService: android.system.ErrnoException: open failed: ENOENT (No such file or directory)
09-06 22:43:26.042  1525  1705 E PinnerService: 	at libcore.io.Linux.open(Native Method)
09-06 22:43:26.042  1525  1705 E PinnerService: 	at libcore.io.BlockGuardOs.open(BlockGuardOs.java:210)
09-06 22:43:26.042  1525  1705 E PinnerService: 	at android.system.Os.open(Os.java:358)
09-06 22:43:26.042  1525  1705 E PinnerService: 	at com.android.server.PinnerService.pinFileRanges(PinnerService.java:478)
09-06 22:43:26.042  1525  1705 E PinnerService: 	at com.android.server.PinnerService.pinFile(PinnerService.java:358)
09-06 22:43:26.042  1525  1705 E PinnerService: 	at com.android.server.PinnerService.handlePinOnStart(PinnerService.java:163)
09-06 22:43:26.042  1525  1705 E PinnerService: 	at com.android.server.PinnerService.access$600(PinnerService.java:70)
09-06 22:43:26.042  1525  1705 E PinnerService: 	at com.android.server.PinnerService$PinnerHandler.handleMessage(PinnerService.java:657)
09-06 22:43:26.042  1525  1705 E PinnerService: 	at android.os.Handler.dispatchMessage(Handler.java:106)
09-06 22:43:26.042  1525  1705 E PinnerService: 	at android.os.Looper.loop(Looper.java:193)
09-06 22:43:26.042  1525  1705 E PinnerService: 	at android.os.HandlerThread.run(HandlerThread.java:65)
09-06 22:43:26.042  1525  1705 E PinnerService: Failed to pin file = /system/framework/oat/arm64/services.vdex
09-06 22:43:26.042  1525  1705 D PinnerService: pinRangeStream: null
09-06 22:43:26.042  1525  1705 E PinnerService: Could not pin file /system/framework/arm64/boot.oat
09-06 22:43:26.042  1525  1705 E PinnerService: android.system.ErrnoException: open failed: ENOENT (No such file or directory)
09-06 22:43:26.042  1525  1705 E PinnerService: 	at libcore.io.Linux.open(Native Method)
09-06 22:43:26.042  1525  1705 E PinnerService: 	at libcore.io.BlockGuardOs.open(BlockGuardOs.java:210)
09-06 22:43:26.042  1525  1705 E PinnerService: 	at android.system.Os.open(Os.java:358)
09-06 22:43:26.042  1525  1705 E PinnerService: 	at com.android.server.PinnerService.pinFileRanges(PinnerService.java:478)
09-06 22:43:26.042  1525  1705 E PinnerService: 	at com.android.server.PinnerService.pinFile(PinnerService.java:358)
09-06 22:43:26.042  1525  1705 E PinnerService: 	at com.android.server.PinnerService.handlePinOnStart(PinnerService.java:163)
09-06 22:43:26.042  1525  1705 E PinnerService: 	at com.android.server.PinnerService.access$600(PinnerService.java:70)
09-06 22:43:26.042  1525  1705 E PinnerService: 	at com.android.server.PinnerService$PinnerHandler.handleMessage(PinnerService.java:657)
09-06 22:43:26.042  1525  1705 E PinnerService: 	at android.os.Handler.dispatchMessage(Handler.java:106)
09-06 22:43:26.042  1525  1705 E PinnerService: 	at android.os.Looper.loop(Looper.java:193)
09-06 22:43:26.042  1525  1705 E PinnerService: 	at android.os.HandlerThread.run(HandlerThread.java:65)
09-06 22:43:26.042  1525  1705 E PinnerService: Failed to pin file = /system/framework/arm64/boot.oat
09-06 22:43:26.042  1525  1705 D PinnerService: pinRangeStream: null
09-06 22:43:26.042  1525  1705 E PinnerService: Could not pin file /system/framework/boot.vdex
09-06 22:43:26.042  1525  1705 E PinnerService: android.system.ErrnoException: open failed: ENOENT (No such file or directory)
09-06 22:43:26.042  1525  1705 E PinnerService: 	at libcore.io.Linux.open(Native Method)
09-06 22:43:26.042  1525  1705 E PinnerService: 	at libcore.io.BlockGuardOs.open(BlockGuardOs.java:210)
09-06 22:43:26.042  1525  1705 E PinnerService: 	at android.system.Os.open(Os.java:358)
09-06 22:43:26.042  1525  1705 E PinnerService: 	at com.android.server.PinnerService.pinFileRanges(PinnerService.java:478)
09-06 22:43:26.042  1525  1705 E PinnerService: 	at com.android.server.PinnerService.pinFile(PinnerService.java:358)
09-06 22:43:26.042  1525  1705 E PinnerService: 	at com.android.server.PinnerService.handlePinOnStart(PinnerService.java:163)
09-06 22:43:26.042  1525  1705 E PinnerService: 	at com.android.server.PinnerService.access$600(PinnerService.java:70)
09-06 22:43:26.042  1525  1705 E PinnerService: 	at com.android.server.PinnerService$PinnerHandler.handleMessage(PinnerService.java:657)
09-06 22:43:26.042  1525  1705 E PinnerService: 	at android.os.Handler.dispatchMessage(Handler.java:106)
09-06 22:43:26.042  1525  1705 E PinnerService: 	at android.os.Looper.loop(Looper.java:193)
09-06 22:43:26.042  1525  1705 E PinnerService: 	at android.os.HandlerThread.run(HandlerThread.java:65)
09-06 22:43:26.042  1525  1705 E PinnerService: Failed to pin file = /system/framework/boot.vdex
09-06 22:43:26.042  1525  1705 D PinnerService: pinRangeStream: null
09-06 22:43:26.042  1525  1705 E PinnerService: Could not pin file /system/framework/arm64/boot-core-libart.oat
09-06 22:43:26.042  1525  1705 E PinnerService: android.system.ErrnoException: open failed: ENOENT (No such file or directory)
09-06 22:43:26.042  1525  1705 E PinnerService: 	at libcore.io.Linux.open(Native Method)
09-06 22:43:26.042  1525  1705 E PinnerService: 	at libcore.io.BlockGuardOs.open(BlockGuardOs.java:210)
09-06 22:43:26.042  1525  1705 E PinnerService: 	at android.system.Os.open(Os.java:358)
09-06 22:43:26.042  1525  1705 E PinnerService: 	at com.android.server.PinnerService.pinFileRanges(PinnerService.java:478)
09-06 22:43:26.042  1525  1705 E PinnerService: 	at com.android.server.PinnerService.pinFile(PinnerService.java:358)
09-06 22:43:26.042  1525  1705 E PinnerService: 	at com.android.server.PinnerService.handlePinOnStart(PinnerService.java:163)
09-06 22:43:26.042  1525  1705 E PinnerService: 	at com.android.server.PinnerService.access$600(PinnerService.java:70)
09-06 22:43:26.042  1525  1705 E PinnerService: 	at com.android.server.PinnerService$PinnerHandler.handleMessage(PinnerService.java:657)
09-06 22:43:26.042  1525  1705 E PinnerService: 	at android.os.Handler.dispatchMessage(Handler.java:106)
09-06 22:43:26.042  1525  1705 E PinnerService: 	at android.os.Looper.loop(Looper.java:193)
09-06 22:43:26.042  1525  1705 E PinnerService: 	at android.os.HandlerThread.run(HandlerThread.java:65)
09-06 22:43:26.042  1525  1705 E PinnerService: Failed to pin file = /system/framework/arm64/boot-core-libart.oat
09-06 22:43:26.042  1525  1705 D PinnerService: pinRangeStream: null
09-06 22:43:26.042  1525  1705 E PinnerService: Could not pin file /system/framework/boot-core-libart.vdex
09-06 22:43:26.042  1525  1705 E PinnerService: android.system.ErrnoException: open failed: ENOENT (No such file or directory)
09-06 22:43:26.042  1525  1705 E PinnerService: 	at libcore.io.Linux.open(Native Method)
09-06 22:43:26.042  1525  1705 E PinnerService: 	at libcore.io.BlockGuardOs.open(BlockGuardOs.java:210)
09-06 22:43:26.042  1525  1705 E PinnerService: 	at android.system.Os.open(Os.java:358)
09-06 22:43:26.042  1525  1705 E PinnerService: 	at com.android.server.PinnerService.pinFileRanges(PinnerService.java:478)
09-06 22:43:26.042  1525  1705 E PinnerService: 	at com.android.server.PinnerService.pinFile(PinnerService.java:358)
09-06 22:43:26.042  1525  1705 E PinnerService: 	at com.android.server.PinnerService.handlePinOnStart(PinnerService.java:163)
09-06 22:43:26.042  1525  1705 E PinnerService: 	at com.android.server.PinnerService.access$600(PinnerService.java:70)
09-06 22:43:26.042  1525  1705 E PinnerService: 	at com.android.server.PinnerService$PinnerHandler.handleMessage(PinnerService.java:657)
09-06 22:43:26.042  1525  1705 E PinnerService: 	at android.os.Handler.dispatchMessage(Handler.java:106)
09-06 22:43:26.042  1525  1705 E PinnerService: 	at android.os.Looper.loop(Looper.java:193)
09-06 22:43:26.042  1525  1705 E PinnerService: 	at android.os.HandlerThread.run(HandlerThread.java:65)
09-06 22:43:26.042  1525  1705 E PinnerService: Failed to pin file = /system/framework/boot-core-libart.vdex
09-06 22:43:26.047  1525  1525 D SystemServerTiming: StartInputMethodManagerLifecycle took to complete: 7ms
09-06 22:43:26.047  1525  1525 I SystemServer: StartAccessibilityManagerService
09-06 22:43:26.049  1525  1525 D SystemServerTiming: StartAccessibilityManagerService took to complete: 2ms
09-06 22:43:26.049  1525  1525 I SystemServer: MakeDisplayReady
09-06 22:43:26.050  1525  1525 I ActivityManager: Config changes=20005df8 {1.0 ?mcc?mnc [en_US] ldltr sw411dp w411dp h822dp 420dpi nrml long port ?uimode ?night -touch -keyb/v/h -nav/h winConfig={ mBounds=Rect(0, 0 - 0, 0) mAppBounds=Rect(0, 0 - 1080, 2160) mWindowingMode=fullscreen mActivityType=undefined} s.2}
09-06 22:43:26.050  1525  1705 I UsageStatsService: Time changed in UsageStats by 1511455641 seconds
09-06 22:43:26.050  1525  1705 I UsageStatsDatabase: Time changed by +17493d16h47m21s978ms. files deleted: 0 files moved: 0
09-06 22:43:26.050  1525  1705 I UsageStatsService: User[0] Rollover scheduled @ 2018-09-07 22:43:26(1536360206050)
09-06 22:43:26.054  1525  1525 I ActivityManager: Override config changes=60007dfc {1.0 ?mcc?mnc [en_US] ldltr sw411dp w411dp h822dp 420dpi nrml long port ?uimode ?night -touch -keyb/v/h -nav/h winConfig={ mBounds=Rect(0, 0 - 1080, 2160) mAppBounds=Rect(0, 0 - 1080, 2160) mWindowingMode=fullscreen mActivityType=undefined} s.2} for displayId=0
09-06 22:43:26.061  1525  1762 I ActivityManager: Config changes=20000408 {1.0 ?mcc?mnc [en_US] ldltr sw411dp w411dp h750dp 420dpi nrml long port ?uimode ?night finger -keyb/v/h -nav/h winConfig={ mBounds=Rect(0, 0 - 0, 0) mAppBounds=Rect(0, 0 - 1080, 2034) mWindowingMode=fullscreen mActivityType=undefined} s.3}
09-06 22:43:26.064  1525  1762 I ActivityManager: Override config changes=20000408 {1.0 ?mcc?mnc [en_US] ldltr sw411dp w411dp h750dp 420dpi nrml long port ?uimode ?night finger -keyb/v/h -nav/h winConfig={ mBounds=Rect(0, 0 - 1080, 2160) mAppBounds=Rect(0, 0 - 1080, 2034) mWindowingMode=fullscreen mActivityType=undefined} s.3} for displayId=0
09-06 22:43:26.070  1525  1525 D SystemServerTiming: MakeDisplayReady took to complete: 21ms
09-06 22:43:26.070  1525  1525 I SystemServer: StartStorageManagerService
09-06 22:43:26.070  1525  1525 I SystemServiceManager: Starting com.android.server.StorageManagerService$Lifecycle
09-06 22:43:26.073  1525  1766 D StorageManagerService: Thinking about init, mSystemReady=false, mDaemonConnected=true
09-06 22:43:26.073  1525  1525 D SystemServerTiming: StartStorageManagerService took to complete: 3ms
09-06 22:43:26.073  1525  1766 D StorageManagerService: Thinking about reset, mSystemReady=false, mDaemonConnected=true
09-06 22:43:26.073  1525  1525 I SystemServer: StartStorageStatsService
09-06 22:43:26.073  1525  1525 I SystemServiceManager: Starting com.android.server.usage.StorageStatsService$Lifecycle
09-06 22:43:26.073   645   649 E vold    : Failed to read field SystemLocale: Invalid argument
09-06 22:43:26.074  1525  1766 E StorageManagerService: Failed to read field SystemLocale
09-06 22:43:26.074  1525  1766 E StorageManagerService: android.os.ServiceSpecificException: Failed to read field SystemLocale (code 22)
09-06 22:43:26.074  1525  1766 E StorageManagerService: 	at android.os.Parcel.createException(Parcel.java:1956)
09-06 22:43:26.074  1525  1766 E StorageManagerService: 	at android.os.Parcel.readException(Parcel.java:1910)
09-06 22:43:26.074  1525  1766 E StorageManagerService: 	at android.os.Parcel.readException(Parcel.java:1860)
09-06 22:43:26.074  1525  1766 E StorageManagerService: 	at android.os.IVold$Stub$Proxy.fdeGetField(IVold.java:1094)
09-06 22:43:26.074  1525  1766 E StorageManagerService: 	at com.android.server.StorageManagerService.getField(StorageManagerService.java:2408)
09-06 22:43:26.074  1525  1766 E StorageManagerService: 	at com.android.server.StorageManagerService.copyLocaleFromMountService(StorageManagerService.java:982)
09-06 22:43:26.074  1525  1766 E StorageManagerService: 	at com.android.server.StorageManagerService.handleDaemonConnected(StorageManagerService.java:975)
09-06 22:43:26.074  1525  1766 E StorageManagerService: 	at com.android.server.StorageManagerService.access$900(StorageManagerService.java:171)
09-06 22:43:26.074  1525  1766 E StorageManagerService: 	at com.android.server.StorageManagerService$StorageManagerServiceHandler.handleMessage(StorageManagerService.java:572)
09-06 22:43:26.074  1525  1766 E StorageManagerService: 	at android.os.Handler.dispatchMessage(Handler.java:106)
09-06 22:43:26.074  1525  1766 E StorageManagerService: 	at android.os.Looper.loop(Looper.java:193)
09-06 22:43:26.074  1525  1766 E StorageManagerService: 	at android.os.HandlerThread.run(HandlerThread.java:65)
09-06 22:43:26.075  1525  1525 D SystemServerTiming: StartStorageStatsService took to complete: 2ms
09-06 22:43:26.075  1525  1525 I SystemServer: StartUiModeManager
09-06 22:43:26.075  1525  1525 I SystemServiceManager: Starting com.android.server.UiModeManagerService
09-06 22:43:26.076  1525  1743 D SystemServerInitThreadPool: Started executing UiModeManager.onStart
09-06 22:43:26.076  1525  1525 D SystemServerTiming: StartUiModeManager took to complete: 1ms
09-06 22:43:26.076  1525  1525 I SystemServer: UpdatePackagesIfNeeded
09-06 22:43:26.076  1525  1743 I ActivityManager: Config changes=200 {1.0 ?mcc?mnc [en_US] ldltr sw411dp w411dp h750dp 420dpi nrml long port finger -keyb/v/h -nav/h winConfig={ mBounds=Rect(0, 0 - 0, 0) mAppBounds=Rect(0, 0 - 1080, 2034) mWindowingMode=fullscreen mActivityType=undefined} s.4}
09-06 22:43:26.082  1525  1743 I ActivityManager: Override config changes=200 {1.0 ?mcc?mnc [en_US] ldltr sw411dp w411dp h750dp 420dpi nrml long port finger -keyb/v/h -nav/h winConfig={ mBounds=Rect(0, 0 - 1080, 2160) mAppBounds=Rect(0, 0 - 1080, 2034) mWindowingMode=fullscreen mActivityType=undefined} s.4} for displayId=0
09-06 22:43:26.083  1525  1743 D SystemServerInitThreadPool: Finished executing UiModeManager.onStart
09-06 22:43:26.084  1525  1742 D SystemServerInitThreadPool: Finished executing Init OverlayManagerService
09-06 22:43:26.230   655   655 D ZygoteInitTiming_lazy: PreloadClasses took to complete: 226ms
09-06 22:43:26.281   655   655 D ZygoteInitTiming_lazy: PreloadResources took to complete: 51ms
09-06 22:43:26.339  1525  1704 D SystemServerTimingAsync: SecondaryZygotePreload took to complete: 381ms
09-06 22:43:26.339  1525  1704 D SystemServerInitThreadPool: Finished executing SecondaryZygotePreload
--------- beginning of main
09-06 22:43:26.421   665  1779 I mm-camera: <MCT   >< INFO> 4999: mct_pipeline_stop_session_thread: Stop module name: isp - X
09-06 22:43:26.421   665   665 I mm-camera: <MCT   >< INFO> 5279: mct_pipeline_stop_session: Modules left: 2
09-06 22:43:26.423   665  1780 I mm-camera: <MCT   >< INFO> 4999: mct_pipeline_stop_session_thread: Stop module name: stats - X
09-06 22:43:26.424   665   665 I mm-camera: <MCT   >< INFO> 5279: mct_pipeline_stop_session: Modules left: 1
09-06 22:43:26.432   674   800 D SDM     : DisplayBase::BuildLayerStackStats: LayerStack layer_count: 2, app_layer_count: 1, gpu_target_index: 1, display type: 0
09-06 22:43:26.436   665  1777 I mm-camera: <MCT   >< INFO> 4999: mct_pipeline_stop_session_thread: Stop module name: sensor - X
09-06 22:43:26.436   665   665 I mm-camera: <MCT   >< INFO> 5279: mct_pipeline_stop_session: Modules left: 0
09-06 22:43:26.436   665   665 I mm-camera: <MCT   >< INFO> 5288: mct_pipeline_stop_session: Stopped session 6 successfully
09-06 22:43:26.436   665   665 I mm-camera: <MCT   >< INFO> 5593: mct_pipeline_destroy: E: session:6
09-06 22:43:26.436   665   665 E mm-camera: <MCT   ><ERROR> 176: stop_sof_check_thread: Returning as SOF timer thread not yet initialized session =6
09-06 22:43:26.436   665   665 I mm-camera: <MCT   >< INFO> 5672: mct_pipeline_destroy: X: Pipeline destroyed successfully session =6
09-06 22:43:26.436   665   665 I mm-camera: <MCT   >< INFO> 420: mct_controller_destroy: X Successfully closed mct_controller session 6
09-06 22:43:26.436   665   665 E QCamera : <MCI><ERROR> mm_camera_close: 433: VJ## closing the node 81
09-06 22:43:26.437   665   665 I mm-camera: <MCT   >< INFO> 307: mct_controller_destroy: Initiating destroy sequence for session = 4
09-06 22:43:26.437   665   665 I mm-camera: <MCT   >< INFO> 325: mct_controller_destroy: serv_thread closed
09-06 22:43:26.437   665   665 I mm-camera: <MCT   >< INFO> 346: mct_controller_destroy: bus_handler thread closed
09-06 22:43:26.437   665   665 I mm-camera: <MCT   >< INFO> 5257: mct_pipeline_stop_session: Initiating stop_session on session 4
09-06 22:43:26.437   665   665 I mm-camera: <MCT   >< INFO> 4163: mct_pipeline_process_set: command=800000b
09-06 22:43:26.437   665   665 I mm-camera: <MCT   >< INFO> 4392: mct_pipeline_process_set: Issuing DEL_STREAM on stream 0x4000f and stream type=10
09-06 22:43:26.437   665   665 I mm-camera: <IFACE >< INFO> 720: iface_unreserve_sink_port: stream_id f mode 0 
09-06 22:43:26.437   665   665 I mm-camera: <ISP   >< INFO> 926: isp_port_check_caps_unreserve: ide 4000f port 0xe51761c0
09-06 22:43:26.438   665   665 I mm-camera: <MCT   >< INFO> 4408: mct_pipeline_process_set: Stream 0x4000f and stream type=10, successfully deleted
09-06 22:43:26.438   665  1783 I mm-camera: <MCT   >< INFO> 4991: mct_pipeline_stop_session_thread: Stop module name: sensor - E
09-06 22:43:26.438   665  1784 I mm-camera: <MCT   >< INFO> 4991: mct_pipeline_stop_session_thread: Stop module name: iface - E
09-06 22:43:26.438   665  1785 I mm-camera: <MCT   >< INFO> 4991: mct_pipeline_stop_session_thread: Stop module name: isp - E
09-06 22:43:26.438   665  1785 I mm-camera: <ISP   >< INFO> 509: isp_module_stop_session: session id 4
09-06 22:43:26.438   665  1784 I mm-camera: <MCT   >< INFO> 4999: mct_pipeline_stop_session_thread: Stop module name: iface - X
09-06 22:43:26.439   665  1786 I mm-camera: <MCT   >< INFO> 4991: mct_pipeline_stop_session_thread: Stop module name: stats - E
09-06 22:43:26.439   665  1785 I mm-camera: <MCT   >< INFO> 4999: mct_pipeline_stop_session_thread: Stop module name: isp - X
09-06 22:43:26.444   665  1787 I mm-camera: <MCT   >< INFO> 4991: mct_pipeline_stop_session_thread: Stop module name: pproc - E
09-06 22:43:26.444   665   665 I mm-camera: <MCT   >< INFO> 5279: mct_pipeline_stop_session: Modules left: 5
09-06 22:43:26.444   665   665 I mm-camera: <MCT   >< INFO> 5279: mct_pipeline_stop_session: Modules left: 4
09-06 22:43:26.445   665  1788 I mm-camera: <MCT   >< INFO> 4991: mct_pipeline_stop_session_thread: Stop module name: imglib - E
09-06 22:43:26.445   665  1787 E mm-camera: <IMGLIB><ERROR> 328: AllocateBuffers: Nothing allocated or already freed!
09-06 22:43:26.445   665  1787 I mm-camera: <MCT   >< INFO> 4999: mct_pipeline_stop_session_thread: Stop module name: pproc - X
09-06 22:43:26.445   665   665 I mm-camera: <MCT   >< INFO> 5279: mct_pipeline_stop_session: Modules left: 3
09-06 22:43:26.445   665  1788 I mm-camera: <MCT   >< INFO> 4999: mct_pipeline_stop_session_thread: Stop module name: imglib - X
09-06 22:43:26.446   665   665 I mm-camera: <MCT   >< INFO> 5279: mct_pipeline_stop_session: Modules left: 2
